discarding zero address range FDE in ./build/kernel/Device/DeviceStaticImpl.o(.eh_frame).
discarding zero address range FDE in ./build/kernel/Device/DeviceStaticImpl.o(.eh_frame).
discarding zero address range FDE in ./build/kernel/Device/DeviceStaticImpl.o(.eh_frame).
discarding zero address range FDE in ./build/kernel/Drivers/Bus/PCI/PCIDeviceProviderImpl.o(.eh_frame).
discarding zero address range FDE in ./build/kernel/Drivers/Bus/PCI/PCIDeviceProviderImpl.o(.eh_frame).

Discarded input sections

 .comment       0x0000000000000000       0x13 ./build/kernel/Arch/x86_64/Arch.o
 .comment       0x0000000000000000       0x13 ./build/kernel/Arch/x86_64/BootX64.o
 .comment       0x0000000000000000       0x13 ./build/kernel/Arch/x86_64/CPU.o
 .comment       0x0000000000000000       0x13 ./build/kernel/Arch/x86_64/GDT.o
 .comment       0x0000000000000000       0x13 ./build/kernel/Arch/x86_64/IDT.o
 .comment       0x0000000000000000       0x13 ./build/kernel/Arch/x86_64/Interrupts.o
 .comment       0x0000000000000000       0x13 ./build/kernel/Arch/x86_64/MMU.o
 .comment       0x0000000000000000       0x13 ./build/kernel/Arch/x86_64/PIC.o
 .comment       0x0000000000000000       0x13 ./build/kernel/Arch/x86_64/PIT.o
 .comment       0x0000000000000000       0x13 ./build/kernel/Arch/x86_64/SchedulerArchImpl.o
 .comment       0x0000000000000000       0x13 ./build/kernel/Arch/x86_64/SMBIOS.o
 .comment       0x0000000000000000       0x13 ./build/kernel/Arch/x86_64/SMP.o
 .comment       0x0000000000000000       0x13 ./build/kernel/Arch/x86_64/TaskStateSegment.o
 .comment       0x0000000000000000       0x13 ./build/kernel/Device/ComputerDeviceImpl.o
 .group         0x0000000000000000        0xc ./build/kernel/Device/DeviceImpl.o
 .comment       0x0000000000000000       0x13 ./build/kernel/Device/DeviceImpl.o
 .group         0x0000000000000000        0x8 ./build/kernel/Device/DeviceManagement.o
 .comment       0x0000000000000000       0x13 ./build/kernel/Device/DeviceManagement.o
 .group         0x0000000000000000        0x8 ./build/kernel/Device/DeviceStaticImpl.o
 .comment       0x0000000000000000       0x13 ./build/kernel/Device/DeviceStaticImpl.o
 .group         0x0000000000000000        0xc ./build/kernel/Drivers/Bus/PCI/PCIDeviceImpl.o
 .group         0x0000000000000000        0xc ./build/kernel/Drivers/Bus/PCI/PCIDeviceImpl.o
 .comment       0x0000000000000000       0x13 ./build/kernel/Drivers/Bus/PCI/PCIDeviceImpl.o
 .group         0x0000000000000000        0xc ./build/kernel/Drivers/Bus/PCI/PCIDeviceProviderImpl.o
 .comment       0x0000000000000000       0x13 ./build/kernel/Drivers/Bus/PCI/PCIDeviceProviderImpl.o
 .comment       0x0000000000000000       0x13 ./build/kernel/Drivers/Bus/PCI/PCIMain.o
 .group         0x0000000000000000        0xc ./build/kernel/Drivers/Clock/HPET/HPETTimerImpl.o
 .comment       0x0000000000000000       0x13 ./build/kernel/Drivers/Clock/HPET/HPETTimerImpl.o
 .group         0x0000000000000000        0x8 ./build/kernel/Drivers/Generic/ACPI/ACPIMain.o
 .comment       0x0000000000000000       0x13 ./build/kernel/Drivers/Generic/ACPI/ACPIMain.o
 .group         0x0000000000000000        0xc ./build/kernel/Drivers/Generic/ACPI/ACPITimerImpl.o
 .comment       0x0000000000000000       0x13 ./build/kernel/Drivers/Generic/ACPI/ACPITimerImpl.o
 .comment       0x0000000000000000       0x13 ./build/kernel/Drivers/Generic/ACPI/MADTMain.o
 .comment       0x0000000000000000       0x13 ./build/kernel/Drivers/Generic/APIC/APICMain.o
 .comment       0x0000000000000000       0x13 ./build/kernel/Drivers/Generic/APIC/IO.o
 .comment       0x0000000000000000       0x13 ./build/kernel/Drivers/Generic/APIC/Local.o
 .group         0x0000000000000000        0xc ./build/kernel/Drivers/Generic/APIC/LocalAPICTimerImpl.o
 .comment       0x0000000000000000       0x13 ./build/kernel/Drivers/Generic/APIC/LocalAPICTimerImpl.o
 .group         0x0000000000000000        0xc ./build/kernel/Drivers/Input/PS2LegacyController.o
 .group         0x0000000000000000        0xc ./build/kernel/Drivers/Input/PS2LegacyController.o
 .comment       0x0000000000000000       0x13 ./build/kernel/Drivers/Input/PS2LegacyController.o
 .group         0x0000000000000000        0xc ./build/kernel/Drivers/Input/PS2LegacyKeyboardImpl.o
 .group         0x0000000000000000        0xc ./build/kernel/Drivers/Input/PS2LegacyKeyboardImpl.o
 .comment       0x0000000000000000       0x13 ./build/kernel/Drivers/Input/PS2LegacyKeyboardImpl.o
 .group         0x0000000000000000        0xc ./build/kernel/Drivers/Storage/AHCI/AHCIControllerDeviceImpl.o
 .comment       0x0000000000000000       0x13 ./build/kernel/Drivers/Storage/AHCI/AHCIControllerDeviceImpl.o
 .comment       0x0000000000000000       0x13 ./build/kernel/Drivers/Storage/AHCI/AHCIMain.o
 .group         0x0000000000000000        0xc ./build/kernel/Drivers/Storage/AHCI/SATADiskDeviceImpl.o
 .group         0x0000000000000000        0xc ./build/kernel/Drivers/Storage/AHCI/SATADiskDeviceImpl.o
[...]
Memory Configuration

Name             Origin             Length             Attributes
*default*        0x0000000000000000 0xffffffffffffffff

Linker script and memory map

                0xffffffff80000000                KERNEL_VMA = 0xffffffff80000000
                0x0000000000100000                . = 0x100000

.boot.text      0x0000000000100000       0x44
 *(.boot.text)
 .boot.text     0x0000000000100000       0x44 ./build/kernel/Arch/x86_64/Header.o

.boot.data      0x0000000000100044      0xfbc
 *(.boot.data)
                0x0000000000101000                . = ALIGN (0x1000)
 *fill*         0x0000000000100044      0xfbc 
                0xffffffff80101000                . = (. + KERNEL_VMA)
                0xffffffff80101000                KERNEL_START_ADDR = .

.stivalehdr
 *(.stivalehdr)

.stivale2hdr    0xffffffff80101000       0x20 load address 0x0000000000101000
 *(.stivale2hdr)
 .stivale2hdr   0xffffffff80101000       0x20 ./build/kernel/Arch/x86_64/Header.o

.text           0xffffffff80102000     0x8b6b load address 0x0000000000102000
 *(.text*)
 .text          0xffffffff80102000       0x3b ./build/kernel/Arch/x86_64/Arch.o
                0xffffffff80102000                System::Reboot()
                0xffffffff80102020                System::Shutdown()
                0xffffffff80102030                Halt()
 *fill*         0xffffffff8010203b        0x5 
 .text          0xffffffff80102040      0x37b ./build/kernel/Arch/x86_64/BootX64.o
                0xffffffff80102160                Boot::multiboot2(BootInfo*, multiboot2_info_header_t*)
                0xffffffff80102170                Boot::stivale2(BootInfo*, stivale2_struct*)
                0xffffffff80102340                Boot::Start()
                0xffffffff80102370                kload_stivale2
 *fill*         0xffffffff801023bb        0x5 
 .text          0xffffffff801023c0       0x83 ./build/kernel/Arch/x86_64/CPU.o
                0xffffffff801023c0                CurrentCPU()
                0xffffffff801023e0                CPUID()
                0xffffffff80102410                SetCPULocal(CPU*)
                0xffffffff80102430                GetCPULocal()
 *fill*         0xffffffff80102443        0xd 
 .text          0xffffffff80102450       0x62 ./build/kernel/Arch/x86_64/GDT.o
                0xffffffff80102450                GDT::Initialize()
 *fill*         0xffffffff801024b2        0xe 
 .text          0xffffffff801024c0       0xd7 ./build/kernel/Arch/x86_64/IDT.o
                0xffffffff801024c0                IDT::SetGate(unsigned char, unsigned long, unsigned short, unsigned char, unsigned char)
                0xffffffff80102510                IDT::Initialize()
 *fill*         0xffffffff80102597        0x9 
 .text          0xffffffff801025a0      0x17b ./build/kernel/Arch/x86_64/Interrupts.o
                0xffffffff801025a0                UnhandlededException(InterruptData*, RegisterContext*)
                0xffffffff801025c0                DispatchInterrupts
                0xffffffff801026e0                RegisterIRQ(unsigned char, void (*)(InterruptData*, RegisterContext*))
 *fill*         0xffffffff8010271b        0x5 
 .text          0xffffffff80102720      0x956 ./build/kernel/Arch/x86_64/MMU.o
                0xffffffff80102720                Memory::Paging::PageFaultHandler(InterruptData*, RegisterContext*)
                0xffffffff80102730                Memory::Paging::InitializeVirtualMemory()
                0xffffffff80102980                Memory::Paging::IsPagePresent(Memory::Paging::VirtualPages*, unsigned long)
                0xffffffff80102a10                Memory::Paging::DestroyPagemap()
                0xffffffff80102a20                Memory::Paging::MapVirtualMemory4K(Memory::Paging::VirtualPages*, unsigned long, unsigned long, unsigned long, unsigned long)
                0xffffffff80102a30                Memory::Paging::Allocate4KPages(Memory::Paging::VirtualPages*, unsigned long)
                0xffffffff80102a40                Memory::Paging::Free4KPages(Memory::Paging::VirtualPages*, unsigned long, unsigned long)
                0xffffffff80102a50                Memory::Paging::KernelAllocate4KPages(unsigned long)
                0xffffffff80102c60                Memory::Paging::KernelMapVirtualMemory4K(unsigned long, unsigned long, unsigned long, unsigned long)
                0xffffffff80102eb0                Memory::Paging::KernelMapVirtualMemory4K(unsigned long, unsigned long, unsigned long)
                0xffffffff80102ed0                Memory::Paging::KernelFree4KPages(void*, unsigned long)
                0xffffffff80102ee0                Memory::Paging::ConvertVirtToPhys(Memory::Paging::VirtualPages*, unsigned long)
                0xffffffff80102fa0                Memory::Paging::CreatePagemap()
                0xffffffff80103030                Memory::Paging::HandlePageFault(void*, RegisterContext*)
                0xffffffff80103040                Memory::GetIOMapping(unsigned long)
 *fill*         0xffffffff80103076        0xa 
 .text          0xffffffff80103080       0xec ./build/kernel/Arch/x86_64/PIC.o
                0xffffffff80103080                PIC::Initialize()
                0xffffffff80103130                PIC::Disable()
                0xffffffff80103150                RestoreInterrupts(int)
 *fill*         0xffffffff8010316c        0x4 
 .text          0xffffffff80103170       0x36 ./build/kernel/Arch/x86_64/PIT.o
                0xffffffff80103170                PIT::TimerTickHandler(void*, RegisterContext*)
                0xffffffff80103180                PIT::Initialize(unsigned int)
 *fill*         0xffffffff801031a6        0xa 
 .text          0xffffffff801031b0       0x86 ./build/kernel/Arch/x86_64/SchedulerArchImpl.o
                0xffffffff801031b0                Task::Scheduler::SwitchThread(Task::Thread*)
 *fill*         0xffffffff80103236        0xa 
 .text          0xffffffff80103240      0x16d ./build/kernel/Arch/x86_64/SMBIOS.o
                0xffffffff80103240                SMBIOS::Initialize()
 *fill*         0xffffffff801033ad        0x3 
 .text          0xffffffff801033b0      0x41f ./build/kernel/Arch/x86_64/SMP.o
                0xffffffff801033b0                SMP::TrampolineEntry(unsigned short)
                0xffffffff80103490                SMP::InitializeProcessor(unsigned short)
                0xffffffff80103650                SMP::Initialize()
 *fill*         0xffffffff801037cf        0x1 
 .text          0xffffffff801037d0       0xbd ./build/kernel/Arch/x86_64/TaskStateSegment.o
                0xffffffff801037d0                TSS::Initialize(TaskStateSegment*, void*)
 .text          0xffffffff8010388d        0x0 ./build/kernel/Device/ComputerDeviceImpl.o
 *fill*         0xffffffff8010388d        0x3 
 .text          0xffffffff80103890       0x36 ./build/kernel/Device/DeviceImpl.o
                0xffffffff80103890                Device::Device(char const*, DeviceBus, DeviceType)
                0xffffffff80103890                Device::Device(char const*, DeviceBus, DeviceType)
 .text          0xffffffff801038c6        0x0 ./build/kernel/Device/DeviceManagement.o
 *fill*         0xffffffff801038c6        0xa 
 .text._ZN14SizedArrayListI10LinkedListIP6DeviceELi20EED2Ev
                0xffffffff801038d0       0x24 ./build/kernel/Device/DeviceManagement.o
                0xffffffff801038d0                SizedArrayList<LinkedList<Device*>, 20>::~SizedArrayList()
                0xffffffff801038d0                SizedArrayList<LinkedList<Device*>, 20>::~SizedArrayList()
 *fill*         0xffffffff801038f4        0xc 
 .text.startup  0xffffffff80103900       0x8f ./build/kernel/Device/DeviceManagement.o
 *fill*         0xffffffff8010398f        0x1 
 .text          0xffffffff80103990      0x111 ./build/kernel/Device/DeviceStaticImpl.o
                0xffffffff80103990                Device::RegisterDevice(Device*)
                0xffffffff80103aa0                Device::EnumerateDevice(DeviceType)
 *fill*         0xffffffff80103aa1        0x1 
 .text.unlikely
                0xffffffff80103aa2        0x0 ./build/kernel/Device/DeviceStaticImpl.o
                0xffffffff80103aa2                Device::GetDevice(char const*)
                0xffffffff80103aa2                Device::GetProvider(DeviceBus)
                0xffffffff80103aa2                Device::GetDevice(unsigned long)
 *fill*         0xffffffff80103aa2        0xe 
 .text.startup  0xffffffff80103ab0       0x8f ./build/kernel/Device/DeviceStaticImpl.o
 *fill*         0xffffffff80103b3f        0x1 
 .text          0xffffffff80103b40      0x115 ./build/kernel/Drivers/Bus/PCI/PCIDeviceImpl.o
                0xffffffff80103b40                PCI::PCIDevice::Enable()
                0xffffffff80103b40                PCI::PCIDevice::Disable()
                0xffffffff80103b50                PCI::PCIDevice::PCIDevice(unsigned char, unsigned char, unsigned char, unsigned char, unsigned char)
                0xffffffff80103b50                PCI::PCIDevice::PCIDevice(unsigned char, unsigned char, unsigned char, unsigned char, unsigned char)
                0xffffffff80103c40                PCI::PCIDevice::~PCIDevice()
                0xffffffff80103c40                PCI::PCIDevice::~PCIDevice()
 *fill*         0xffffffff80103c55        0xb 
 .text          0xffffffff80103c60      0x1f1 ./build/kernel/Drivers/Bus/PCI/PCIDeviceProviderImpl.o
                0xffffffff80103c60                PCI::PCIDeviceProvider::~PCIDeviceProvider()
                0xffffffff80103c60                PCI::PCIDeviceProvider::~PCIDeviceProvider()
                0xffffffff80103c80                PCI::PCIDeviceProvider::ConnectDevice(unsigned char, unsigned char, unsigned char)
                0xffffffff80103e20                PCI::PCIDeviceProvider::FindGenericDevice(unsigned short, unsigned short)
                0xffffffff80103e40                PCI::PCIDeviceProvider::EnumerateDevice(unsigned short, unsigned short, void (*)(PCI::PCIInfo&))
                0xffffffff80103e50                PCI::PCIDeviceProvider::EnumerateGenericDevice(unsigned char, unsigned char, void (*)(PCI::PCIInfo&))
 *fill*         0xffffffff80103e51        0x1 
 .text.unlikely
                0xffffffff80103e52       0x58 ./build/kernel/Drivers/Bus/PCI/PCIDeviceProviderImpl.o
                0xffffffff80103e52                PCI::PCIDeviceProvider::PCIDeviceProvider()
                0xffffffff80103e52                PCI::PCIDeviceProvider::FindName(char const*)
                0xffffffff80103e52                PCI::PCIDeviceProvider::PCIDeviceProvider()
                0xffffffff80103eaa                PCI::PCIDeviceProvider::FindDevice(unsigned short, unsigned short)
 *fill*         0xffffffff80103eaa        0x6 
 .text          0xffffffff80103eb0      0x373 ./build/kernel/Drivers/Bus/PCI/PCIMain.o
                0xffffffff80103eb0                PCI::MsiCapSetData(PCI::MSICapability*, unsigned int)
                0xffffffff80103ed0                PCI::MsiCapGetData(PCI::MSICapability*)
                0xffffffff80103ef0                PCI::MsiCapSetAddress(PCI::MSICapability*, int)
                0xffffffff80103f10                PCI::ConfigReadDword(unsigned char, unsigned char, unsigned char, unsigned char)
                0xffffffff80103f50                PCI::ConfigReadWord(unsigned char, unsigned char, unsigned char, unsigned char)
                0xffffffff80103f90                PCI::ConfigReadByte(unsigned char, unsigned char, unsigned char, unsigned char)
                0xffffffff80103fd0                PCI::ConfigWriteDword(unsigned char, unsigned char, unsigned char, unsigned char, unsigned int)
                0xffffffff80104010                PCI::ConfigWriteWord(unsigned char, unsigned char, unsigned char, unsigned char, unsigned short)
                0xffffffff80104070                PCI::ConfigWriteByte(unsigned char, unsigned char, unsigned char, unsigned char, unsigned char)
                0xffffffff801040d0                PCI::GetVendor(unsigned char, unsigned char, unsigned char)
                0xffffffff80104100                PCI::GetDeviceID(unsigned char, unsigned char, unsigned char)
                0xffffffff80104130                PCI::GetClassCode(unsigned char, unsigned char, unsigned char)
                0xffffffff80104160                PCI::GetSubclass(unsigned char, unsigned char, unsigned char)
                0xffffffff80104190                PCI::GetProgIf(unsigned char, unsigned char, unsigned char)
                0xffffffff801041c0                PCI::GetHeaderType(unsigned char, unsigned char, unsigned char)
                0xffffffff801041f0                PCI::CheckDevice(unsigned char, unsigned char, unsigned char)
 *fill*         0xffffffff80104223        0xd 
 .text          0xffffffff80104230      0x126 ./build/kernel/Drivers/Clock/HPET/HPETTimerImpl.o
                0xffffffff80104230                HPETTimer::Tick()
                0xffffffff80104240                HPETTimer::CurrentTime(TimeSpan)
                0xffffffff80104250                HPETTimer::Sleep(long)
                0xffffffff80104300                HPETTimer::HPETTimer()
                0xffffffff80104300                HPETTimer::HPETTimer()
 *fill*         0xffffffff80104356        0xa 
 .text          0xffffffff80104360      0x406 ./build/kernel/Drivers/Generic/ACPI/ACPIMain.o
                0xffffffff80104360                ACPI::FindTableByName(char const*, int)
                0xffffffff801044d0                ACPI::Initialize()
                0xffffffff80104710                ACPI::GetRemapIRQ(unsigned int)
 *fill*         0xffffffff80104766        0xa 
 .text._ZN13KeyValueTableImmED2Ev
                0xffffffff80104770        0x8 ./build/kernel/Drivers/Generic/ACPI/ACPIMain.o
                0xffffffff80104770                KeyValueTable<unsigned long, unsigned long>::~KeyValueTable()
                0xffffffff80104770                KeyValueTable<unsigned long, unsigned long>::~KeyValueTable()
 *fill*         0xffffffff80104778        0x8 
 .text.startup  0xffffffff80104780       0x88 ./build/kernel/Drivers/Generic/ACPI/ACPIMain.o
 *fill*         0xffffffff80104808        0x8 
 .text          0xffffffff80104810      0x1f1 ./build/kernel/Drivers/Generic/ACPI/ACPITimerImpl.o
                0xffffffff80104810                ACPITimer::Tick()
                0xffffffff80104820                ACPITimer::CurrentTime(TimeSpan)
                0xffffffff80104830                ACPITimer::Sleep(long)
                0xffffffff80104960                ACPITimer::ACPITimer()
                0xffffffff80104960                ACPITimer::ACPITimer()
                0xffffffff80104a00                ACPITimer::~ACPITimer()
                0xffffffff80104a00                ACPITimer::~ACPITimer()
 .text          0xffffffff80104a01        0x0 ./build/kernel/Drivers/Generic/ACPI/MADTMain.o
 *fill*         0xffffffff80104a01        0xf 
 .text          0xffffffff80104a10      0x281 ./build/kernel/Drivers/Generic/APIC/APICMain.o
                0xffffffff80104a10                APIC::Initialize()
 *fill*         0xffffffff80104c91        0xf 
 .text          0xffffffff80104ca0      0x33a ./build/kernel/Drivers/Generic/APIC/IO.o
                0xffffffff80104ca0                APIC::IO::WriteData32(unsigned int, unsigned int)
                0xffffffff80104cc0                APIC::IO::ReadData32(unsigned int)
                0xffffffff80104ce0                APIC::IO::WriteData64(unsigned int, unsigned long)
                0xffffffff80104d10                APIC::IO::ReadData64(unsigned int)
                0xffffffff80104d40                APIC::IO::Initialize()
                0xffffffff80104e40                APIC::IO::Redirect(unsigned char, unsigned char, unsigned int)
                0xffffffff80104e80                APIC::IO::SetBase(unsigned long)
                0xffffffff80104e90                APIC::IO::MapLegacyIRQ(unsigned char)
                0xffffffff80104f00                APIC::IO::EnableInterrupt(unsigned char)
 *fill*         0xffffffff80104fda        0x6 
 .text          0xffffffff80104fe0      0x205 ./build/kernel/Drivers/Generic/APIC/Local.o
                0xffffffff80104fe0                SpuriousInterruptHandler(InterruptData*, RegisterContext*)
                0xffffffff80105000                APIC::Local::WriteBase(unsigned long)
                0xffffffff80105020                APIC::Local::ReadBase()
                0xffffffff80105050                APIC::Local::WriteData(unsigned int, unsigned int)
                0xffffffff80105070                APIC::Local::ReadData(unsigned int)
                0xffffffff80105090                APIC::Local::SendIPI(unsigned char, unsigned int)
                0xffffffff801050c0                APIC::Local::SendIPI(unsigned char, unsigned int, unsigned int, unsigned char)
                0xffffffff80105100                APIC::Local::Enable()
                0xffffffff80105120                APIC::Local::Initialize()
                0xffffffff801051d0                APIC::Local::EndOfInterrupt()
 *fill*         0xffffffff801051e5        0xb 
 .text          0xffffffff801051f0      0x203 ./build/kernel/Drivers/Generic/APIC/LocalAPICTimerImpl.o
                0xffffffff801051f0                TimerTickHandler(InterruptData*, RegisterContext*)
                0xffffffff80105200                LocalAPICTimer::Tick()
                0xffffffff80105210                LocalAPICTimer::Sleep(long)
                0xffffffff80105220                LocalAPICTimer::CurrentTime(TimeSpan)
                0xffffffff80105250                LocalAPICTimer::EstimateBusSpeed()
                0xffffffff80105340                LocalAPICTimer::LocalAPICTimer()
                0xffffffff80105340                LocalAPICTimer::LocalAPICTimer()
                0xffffffff801053d0                LocalAPICTimer::~LocalAPICTimer()
                0xffffffff801053d0                LocalAPICTimer::~LocalAPICTimer()
 *fill*         0xffffffff801053f3        0xd 
 .text          0xffffffff80105400      0x231 ./build/kernel/Drivers/Input/PS2LegacyController.o
                0xffffffff80105400                Input::PS2LegacyController::Disable()
                0xffffffff80105400                Input::PS2LegacyController::Enable()
                0xffffffff80105410                Input::PS2LegacyController::PS2LegacyController()
                0xffffffff80105410                Input::PS2LegacyController::PS2LegacyController()
                0xffffffff80105600                Input::PS2LegacyController::~PS2LegacyController()
                0xffffffff80105600                Input::PS2LegacyController::~PS2LegacyController()
                0xffffffff80105620                Input::PS2LegacyController::SendCommand(unsigned char)
 *fill*         0xffffffff80105631        0xf 
 .text          0xffffffff80105640      0x105 ./build/kernel/Drivers/Input/PS2LegacyKeyboardImpl.o
                0xffffffff80105640                Input::PS2LegacyKeyboard::Enable()
                0xffffffff80105640                Input::PS2LegacyKeyboard::Disable()
                0xffffffff80105650                Input::KeyHandler(InterruptData*, RegisterContext*)
                0xffffffff801056c0                Input::PS2LegacyKeyboard::PS2LegacyKeyboard()
                0xffffffff801056c0                Input::PS2LegacyKeyboard::PS2LegacyKeyboard()
                0xffffffff80105730                Input::PS2LegacyKeyboard::~PS2LegacyKeyboard()
                0xffffffff80105730                Input::PS2LegacyKeyboard::~PS2LegacyKeyboard()
 *fill*         0xffffffff80105745        0xb 
 .text          0xffffffff80105750      0x3a5 ./build/kernel/Drivers/Storage/AHCI/AHCIControllerDeviceImpl.o
                0xffffffff80105750                AHCI::AHCIControllerDevice::Disable()
                0xffffffff80105750                AHCI::AHCIControllerDevice::Enable()
                0xffffffff80105760                AHCI::AHCIControllerDevice::AHCIControllerDevice(PCI::PCIInfo)
                0xffffffff80105760                AHCI::AHCIControllerDevice::AHCIControllerDevice(PCI::PCIInfo)
 *fill*         0xffffffff80105af5        0xb 
 .text          0xffffffff80105b00       0xc5 ./build/kernel/Drivers/Storage/AHCI/AHCIMain.o
                0xffffffff80105b00                AHCI::Initialize()
 *fill*         0xffffffff80105bc5        0xb 
 .text          0xffffffff80105bd0      0x399 ./build/kernel/Drivers/Storage/AHCI/SATADiskDeviceImpl.o
                0xffffffff80105bd0                AHCI::SATADiskDevice::Enable()
                0xffffffff80105bd0                AHCI::SATADiskDevice::Disable()
                0xffffffff80105be0                AHCI::SATADiskDevice::SATADiskDevice(int, AHCI::HBAPortRegisters*, AHCI::AHCIControllerDevice*)
                0xffffffff80105be0                AHCI::SATADiskDevice::SATADiskDevice(int, AHCI::HBAPortRegisters*, AHCI::AHCIControllerDevice*)
                0xffffffff80105d10                AHCI::SATADiskDevice::~SATADiskDevice()
                0xffffffff80105d10                AHCI::SATADiskDevice::~SATADiskDevice()
                0xffffffff80105d30                AHCI::SATADiskDevice::Access(unsigned long, unsigned int, unsigned long, int)
                0xffffffff80105ef0                AHCI::SATADiskDevice::Read(unsigned long, unsigned int, void*)
                0xffffffff80105f00                AHCI::SATADiskDevice::Write(unsigned long, unsigned int, void*)
                0xffffffff80105f20                AHCI::SATADiskDevice::StartCommand()
                0xffffffff80105f30                AHCI::SATADiskDevice::FindCommandSlot()
                0xffffffff80105f60                AHCI::SATADiskDevice::StopCommand()
 *fill*         0xffffffff80105f69        0x7 
 .text          0xffffffff80105f70      0x3a6 ./build/kernel/Drivers/Video.o
                0xffffffff80105f70                Video::Initialize()
                0xffffffff80105fb0                Video::Newline()
                0xffffffff80106030                Video::CheckIfLineFulled()
                0xffffffff80106060                Video::ClearScreen()
                0xffffffff801060b0                Video::WriteChar(char)
                0xffffffff80106110                Video::WriteText(char const*)
                0xffffffff80106220                Video::WriteText(char const*, unsigned long)
 .text          0xffffffff80106316        0x0 ./build/kernel/Event.o
 *fill*         0xffffffff80106316        0xa 
 .text          0xffffffff80106320        0x1 ./build/kernel/Fs/DiskDeviceImpl.o
                0xffffffff80106320                DiskDevice::Disable()
                0xffffffff80106320                DiskDevice::Enable()
 *fill*         0xffffffff80106321        0xf 
 .text          0xffffffff80106330      0x48f ./build/kernel/Input/ConsoleImpl.o
                0xffffffff80106330                Console::~Console()
                0xffffffff80106330                Console::~Console()
                0xffffffff80106340                Console::Render()
                0xffffffff80106350                Console::RenderModifiers()
                0xffffffff80106490                Console::Refresh()
                0xffffffff801064e0                Console::Console()
                0xffffffff801064e0                Console::Console()
                0xffffffff80106550                Console::AddChar(char)
                0xffffffff80106600                Console::AcceptKey(Input::Key, bool)
                0xffffffff801067a0                ConsoleKeyEventHandler(Input::Key, bool)
 *fill*         0xffffffff801067bf        0x1 
 .text          0xffffffff801067c0       0xa7 ./build/kernel/Input/KeyCode.o
                0xffffffff801067c0                Input::ApplyModifiers(Input::Key, unsigned char)
 *fill*         0xffffffff80106867        0x9 
 .text          0xffffffff80106870      0x3d5 ./build/kernel/libkern/printf.o
                0xffffffff80106870                puts(char const*)
                0xffffffff801068b0                vprintf(char const*, __va_list_tag*)
                0xffffffff80106c00                printf(char const*, ...)
 .text.unlikely
                0xffffffff80106c45        0x2 ./build/kernel/libkern/printf.o
 *fill*         0xffffffff80106c47        0x9 
 .text          0xffffffff80106c50      0x1d7 ./build/kernel/libkern/sprintf.o
                0xffffffff80106c50                itoa(int, char*, int)
                0xffffffff80106d60                utoa(unsigned long, char*, int)
 *fill*         0xffffffff80106e27        0x9 
 .text          0xffffffff80106e30      0x354 ./build/kernel/Memory/Memory.o
                0xffffffff80106e30                Memory::Initialize()
 *fill*         0xffffffff80107184        0xc 
 .text.startup  0xffffffff80107190       0x41 ./build/kernel/Memory/Memory.o
 *fill*         0xffffffff801071d1        0xf 
 .text          0xffffffff801071e0      0x7b1 ./build/kernel/Memory/Page.o
                0xffffffff80107220                Memory::BuddyInit()
                0xffffffff801073f0                Memory::FreePhysMemory4K(unsigned long)
                0xffffffff80107400                Memory::FreePhysMemory4K(Memory::PageFrame*)
                0xffffffff80107410                Memory::ExpandPage(Memory::PageFrame*)
                0xffffffff801075b0                Memory::AllocatePhysMemory4KOrdered(unsigned char)
                0xffffffff801076c0                Memory::AllocatePhysMemory4K(unsigned long)
                0xffffffff80107750                Memory::CombinePage(Memory::PageFrame*)
                0xffffffff80107990                Memory::CombinePage(Memory::PageFrame*, Memory::PageFrame*)
 *fill*         0xffffffff80107991        0xf 
 .text.startup  0xffffffff801079a0       0x74 ./build/kernel/Memory/Page.o
 *fill*         0xffffffff80107a14        0xc 
 .text          0xffffffff80107a20      0x1c1 ./build/kernel/Memory/PageAllocation.o
                0xffffffff80107a20                Memory::KernelAllocate4KPages(unsigned long, Memory::PageFrame**)
                0xffffffff80107ae0                Memory::Allocate4KPages(unsigned long, Memory::PageFrame**)
                0xffffffff80107bd0                Memory::Free4KPages(unsigned long)
                0xffffffff80107be0                Memory::Free4KPages(Memory::PageFrame*)
 *fill*         0xffffffff80107be1        0xf 
 .text          0xffffffff80107bf0      0x2e1 ./build/kernel/Memory/SlabAllocatorImpl.o
                0xffffffff80107bf0                Memory::SlabAllocator::SlabAllocator()
                0xffffffff80107bf0                Memory::SlabAllocator::SlabAllocator()
                0xffffffff80107cb0                Memory::SlabAllocator::~SlabAllocator()
                0xffffffff80107cb0                Memory::SlabAllocator::~SlabAllocator()
                0xffffffff80107cc0                Memory::SlabAllocator::Request4KPage(Memory::SlabCache*, unsigned long*)
                0xffffffff80107d70                Memory::SlabAllocator::Allocate(unsigned long)
                0xffffffff80107ed0                Memory::SlabAllocator::Free(unsigned long)
 *fill*         0xffffffff80107ed1        0xf 
 .text          0xffffffff80107ee0      0x531 ./build/kernel/Memory/Slub.o
                0xffffffff80107ee0                Memory::SetPageSlub(Memory::SlabCache*, Memory::PageFrame*, unsigned long)
                0xffffffff80107f50                Memory::Request4KPageMapped(Memory::SlabCache*, unsigned long*)
                0xffffffff80108040                Memory::SetCache(Memory::SlabCache*, int, unsigned long)
                0xffffffff80108110                Memory::Request4KPage(Memory::SlabCache*)
                0xffffffff80108150                Memory::SlubGetCPU(Memory::SlabCache*)
                0xffffffff80108180                Memory::SlubGetCache(unsigned long)
                0xffffffff80108200                Memory::SlubGetPartial(Memory::SlabCache*)
                0xffffffff801082a0                Memory::AllocateKernelObject(Memory::SlabCache*)
                0xffffffff80108340                Memory::SlubInit()
                0xffffffff80108390                Memory::AllocateKernelObject(unsigned int)
                0xffffffff80108410                Memory::FreeKernelObject(unsigned long)
 .text.unlikely
                0xffffffff80108411       0x6d ./build/kernel/Memory/Slub.o
                0xffffffff80108411                Memory::SlabFillCpuSlot(Memory::SlabCPUCache*, Memory::PageFrame*)
 *fill*         0xffffffff8010847e        0x2 
 .text          0xffffffff80108480       0x13 ./build/kernel/Panic.o
                0xffffffff80108480                CallPanic(char const*)
 *fill*         0xffffffff80108493        0xd 
 .text          0xffffffff801084a0      0x194 ./build/kernel/Process/ActivityImpl.o
                0xffffffff801084a0                Task::Activity::Activity(char const*, Task::Process*)
                0xffffffff801084a0                Task::Activity::Activity(char const*, Task::Process*)
                0xffffffff80108540                Task::Activity::Activity(Task::Process*)
                0xffffffff80108540                Task::Activity::Activity(Task::Process*)
                0xffffffff80108560                Task::Activity::Add(Task::Process*)
                0xffffffff801085e0                Task::Activity::CreateIfNull(Task::Process*)
 .text          0xffffffff80108634        0x0 ./build/kernel/Process/ActivityManagement.o
 *fill*         0xffffffff80108634        0xc 
 .text._ZN4Task8ActivityD2Ev
                0xffffffff80108640        0x8 ./build/kernel/Process/ActivityManagement.o
                0xffffffff80108640                Task::Activity::~Activity()
                0xffffffff80108640                Task::Activity::~Activity()
 *fill*         0xffffffff80108648        0x8 
 .text.startup  0xffffffff80108650       0x61 ./build/kernel/Process/ActivityManagement.o
 *fill*         0xffffffff801086b1        0xf 
 .text          0xffffffff801086c0      0x141 ./build/kernel/Process/ProcessImpl.o
                0xffffffff801086c0                Task::Process::Process()
                0xffffffff801086c0                Task::Process::Process()
                0xffffffff801086e0                Task::Process::Process(char const*, Fs::File*, unsigned int, Task::Activity*, Task::TaskType)
                0xffffffff801086e0                Task::Process::Process(char const*, Fs::File*, unsigned int, Task::Activity*, Task::TaskType)
                0xffffffff801087d0                Task::Process::~Process()
                0xffffffff801087d0                Task::Process::~Process()
                0xffffffff801087e0                Task::Process::Start()
                0xffffffff801087f0                Task::Process::Suspend()
                0xffffffff80108800                Task::Process::Stop()
 *fill*         0xffffffff80108801        0xf 
 .text          0xffffffff80108810       0x22 ./build/kernel/Process/Scheduler.o
                0xffffffff80108810                Task::GetCurrentProcess()
 *fill*         0xffffffff80108832        0xe 
 .text.startup  0xffffffff80108840       0x68 ./build/kernel/Process/Scheduler.o
 *fill*         0xffffffff801088a8        0x8 
 .text          0xffffffff801088b0      0x352 ./build/kernel/Process/SchedulerImpl.o
                0xffffffff801088b0                Task::Scheduler::~Scheduler()
                0xffffffff801088b0                Task::Scheduler::~Scheduler()
                0xffffffff801088c0                Task::Scheduler::NextPID()
                0xffffffff801088f0                Task::Scheduler::Register(Task::Process*)
                0xffffffff80108970                Task::Scheduler::Schedule()
                0xffffffff80108980                Task::Scheduler::CreateProcessEx(char const*, Task::Activity*, Task::TaskType, Fs::File*)
                0xffffffff80108a70                Task::Scheduler::CreateProcess(char const*, Task::Activity*)
                0xffffffff80108a90                Task::Scheduler::CreateIdleProcess()
                0xffffffff80108ab0                Task::Scheduler::CreateELFProcess(Fs::File*)
                0xffffffff80108ad0                Task::Scheduler::Scheduler()
                0xffffffff80108ad0                Task::Scheduler::Scheduler()
                0xffffffff80108b90                Task::Scheduler::CreateThread(Task::Process*)
 *fill*         0xffffffff80108c02        0xe 
 .text          0xffffffff80108c10       0xbc ./build/kernel/Runtime.o
                0xffffffff80108c10                operator new(unsigned long)
                0xffffffff80108c30                operator new[](unsigned long)
                0xffffffff80108c50                operator delete(void*)
                0xffffffff80108c70                operator delete(void*, unsigned long)
                0xffffffff80108c90                operator delete[](void*)
                0xffffffff80108cb0                operator delete[](void*, unsigned long)
 *fill*         0xffffffff80108ccc        0x4 
 .text          0xffffffff80108cd0      0x52b ./build/kernel/String.o
                0xffffffff80108cd0                memset
                0xffffffff80108cf0                memcpy
                0xffffffff80108d70                memcmp
                0xffffffff80108db0                strcpy
                0xffffffff80108dd0                strncpy
                0xffffffff80108e00                strlen
                0xffffffff80108e30                strcmp
                0xffffffff80108e70                strncmp
                0xffffffff80108eb0                strchr
                0xffffffff80108ee0                strnchr
                0xffffffff80108f30                strrchr
                0xffffffff80108f60                strspn
                0xffffffff80108fa0                strcspn
                0xffffffff80108ff0                strtok_r
                0xffffffff801090d0                strcat
                0xffffffff80109120                strncat
                0xffffffff80109180                toupper
                0xffffffff80109190                strupr
                0xffffffff801091c0                strnupr
 *fill*         0xffffffff801091fb        0x5 
 .text          0xffffffff80109200      0x17b ./build/kernel/System.o
                0xffffffff80109200                System::Out(char const*, ...)
                0xffffffff80109260                System::Panic(char const*, ...)
                0xffffffff801092b0                Sleep(long)
                0xffffffff801092f0                KernelInit()
 .text          0xffffffff8010937b        0x0 ./build/kernel/Video/FrameBufferPresenterImpl.o
 *fill*         0xffffffff8010937b        0x5 
 .text          0xffffffff80109380      0x398 ./build/kernel/Video/TextModePresenterImpl.o
                0xffffffff80109380                Video::TextModePresenter::Clear()
                0xffffffff801093c0                Video::TextModePresenter::Rectangle(Video::Point, int, int)
                0xffffffff80109460                Video::TextModePresenter::TextModePresenter()
                0xffffffff80109460                Video::TextModePresenter::TextModePresenter()
                0xffffffff801094a0                Video::TextModePresenter::Text(Video::Point, char const*, unsigned char, unsigned char)
                0xffffffff80109660                Video::TextModePresenter::Text(Video::Point, char const*, int)
                0xffffffff80109680                Video::TextModePresenter::Text(Video::Point, char, unsigned char, unsigned char)
                0xffffffff801096b0                Video::TextModePresenter::MoveUp()
 *fill*         0xffffffff80109718        0x8 
 .text          0xffffffff80109720       0x11 ./build/kernel/Video/VideoControllerImpl.o
                0xffffffff80109720                Video::VideoController::VideoController()
                0xffffffff80109720                Video::VideoController::VideoController()
                0xffffffff80109730                Video::VideoController::~VideoController()
                0xffffffff80109730                Video::VideoController::~VideoController()
 *fill*         0xffffffff80109731        0xf 
 .text          0xffffffff80109740       0x45 ./build/kernel/Video/VideoPresenterImpl.o
                0xffffffff80109740                Video::VideoPresenter::VideoPresenter()
                0xffffffff80109740                Video::VideoPresenter::VideoPresenter()
                0xffffffff80109770                Video::VideoPresenter::~VideoPresenter()
                0xffffffff80109770                Video::VideoPresenter::~VideoPresenter()
 *fill*         0xffffffff80109785        0xb 
 .text          0xffffffff80109790     0x12a4 ./build/kernel/Arch/x86_64/IRQ.o
                0xffffffff801098bf                ipi48
                0xffffffff801098c8                ipi49
                0xffffffff801098d1                ipi50
                0xffffffff801098da                ipi51
                0xffffffff801098e3                ipi52
                0xffffffff801098ec                ipi53
                0xffffffff801098f5                ipi54
                0xffffffff801098fe                ipi55
                0xffffffff80109907                ipi56
                0xffffffff80109910                ipi57
                0xffffffff80109919                ipi58
                0xffffffff80109922                ipi59
                0xffffffff8010992b                ipi60
                0xffffffff80109934                ipi61
                0xffffffff8010993d                ipi62
                0xffffffff80109946                ipi63
                0xffffffff8010994f                ipi64
                0xffffffff80109958                ipi65
                0xffffffff80109961                ipi66
                0xffffffff8010996a                ipi67
                0xffffffff80109973                ipi68
                0xffffffff8010997c                ipi69
                0xffffffff80109985                ipi70
                0xffffffff8010998e                ipi71
                0xffffffff80109997                ipi72
                0xffffffff801099a0                ipi73
                0xffffffff801099a9                ipi74
                0xffffffff801099b2                ipi75
                0xffffffff801099bb                ipi76
                0xffffffff801099c4                ipi77
                0xffffffff801099cd                ipi78
                0xffffffff801099d6                ipi79
                0xffffffff801099df                ipi80
                0xffffffff801099e8                ipi81
                0xffffffff801099f1                ipi82
                0xffffffff801099fa                ipi83
                0xffffffff80109a03                ipi84
                0xffffffff80109a0c                ipi85
                0xffffffff80109a15                ipi86
                0xffffffff80109a1e                ipi87
                0xffffffff80109a27                ipi88
                0xffffffff80109a30                ipi89
                0xffffffff80109a39                ipi90
                0xffffffff80109a42                ipi91
                0xffffffff80109a4b                ipi92
                0xffffffff80109a54                ipi93
                0xffffffff80109a5d                ipi94
                0xffffffff80109a66                ipi95
                0xffffffff80109a6f                ipi96
                0xffffffff80109a78                ipi97
                0xffffffff80109a81                ipi98
                0xffffffff80109a8a                ipi99
                0xffffffff80109a93                ipi100
                0xffffffff80109a9c                ipi101
                0xffffffff80109aa5                ipi102
                0xffffffff80109aae                ipi103
                0xffffffff80109ab7                ipi104
                0xffffffff80109ac0                ipi105
                0xffffffff80109ac9                ipi106
                0xffffffff80109ad2                ipi107
                0xffffffff80109adb                ipi108
                0xffffffff80109ae4                ipi109
                0xffffffff80109aed                ipi110
                0xffffffff80109af6                ipi111
                0xffffffff80109aff                ipi112
                0xffffffff80109b08                ipi113
                0xffffffff80109b11                ipi114
                0xffffffff80109b1a                ipi115
                0xffffffff80109b23                ipi116
                0xffffffff80109b2c                ipi117
                0xffffffff80109b35                ipi118
                0xffffffff80109b3e                ipi119
                0xffffffff80109b47                ipi120
                0xffffffff80109b50                ipi121
                0xffffffff80109b59                ipi122
                0xffffffff80109b62                ipi123
                0xffffffff80109b6b                ipi124
                0xffffffff80109b74                ipi125
                0xffffffff80109b7d                ipi126
                0xffffffff80109b86                ipi127
                0xffffffff80109b8f                ipi128
                0xffffffff80109b9b                ipi129
                0xffffffff80109ba7                ipi130
                0xffffffff80109bb3                ipi131
                0xffffffff80109bbf                ipi132
                0xffffffff80109bcb                ipi133
                0xffffffff80109bd7                ipi134
                0xffffffff80109be3                ipi135
                0xffffffff80109bef                ipi136
                0xffffffff80109bfb                ipi137
                0xffffffff80109c07                ipi138
                0xffffffff80109c13                ipi139
                0xffffffff80109c1f                ipi140
                0xffffffff80109c2b                ipi141
                0xffffffff80109c37                ipi142
                0xffffffff80109c43                ipi143
                0xffffffff80109c4f                ipi144
                0xffffffff80109c5b                ipi145
                0xffffffff80109c67                ipi146
                0xffffffff80109c73                ipi147
                0xffffffff80109c7f                ipi148
                0xffffffff80109c8b                ipi149
                0xffffffff80109c97                ipi150
                0xffffffff80109ca3                ipi151
                0xffffffff80109caf                ipi152
                0xffffffff80109cbb                ipi153
                0xffffffff80109cc7                ipi154
                0xffffffff80109cd3                ipi155
                0xffffffff80109cdf                ipi156
                0xffffffff80109ceb                ipi157
                0xffffffff80109cf7                ipi158
                0xffffffff80109d03                ipi159
                0xffffffff80109d0f                ipi160
                0xffffffff80109d1b                ipi161
                0xffffffff80109d27                ipi162
                0xffffffff80109d33                ipi163
                0xffffffff80109d3f                ipi164
                0xffffffff80109d4b                ipi165
                0xffffffff80109d57                ipi166
                0xffffffff80109d63                ipi167
                0xffffffff80109d6f                ipi168
                0xffffffff80109d7b                ipi169
                0xffffffff80109d87                ipi170
                0xffffffff80109d93                ipi171
                0xffffffff80109d9f                ipi172
                0xffffffff80109dab                ipi173
                0xffffffff80109db7                ipi174
                0xffffffff80109dc3                ipi175
                0xffffffff80109dcf                ipi176
                0xffffffff80109ddb                ipi177
                0xffffffff80109de7                ipi178
                0xffffffff80109df3                ipi179
                0xffffffff80109dff                ipi180
                0xffffffff80109e0b                ipi181
                0xffffffff80109e17                ipi182
                0xffffffff80109e23                ipi183
                0xffffffff80109e2f                ipi184
                0xffffffff80109e3b                ipi185
                0xffffffff80109e47                ipi186
                0xffffffff80109e53                ipi187
                0xffffffff80109e5f                ipi188
                0xffffffff80109e6b                ipi189
                0xffffffff80109e77                ipi190
                0xffffffff80109e83                ipi191
                0xffffffff80109e8f                ipi192
                0xffffffff80109e9b                ipi193
                0xffffffff80109ea7                ipi194
                0xffffffff80109eb3                ipi195
                0xffffffff80109ebf                ipi196
                0xffffffff80109ecb                ipi197
                0xffffffff80109ed7                ipi198
                0xffffffff80109ee3                ipi199
                0xffffffff80109eef                ipi200
                0xffffffff80109efb                ipi201
                0xffffffff80109f07                ipi202
                0xffffffff80109f13                ipi203
                0xffffffff80109f1f                ipi204
                0xffffffff80109f2b                ipi205
                0xffffffff80109f37                ipi206
                0xffffffff80109f43                ipi207
                0xffffffff80109f4f                ipi208
                0xffffffff80109f5b                ipi209
                0xffffffff80109f67                ipi210
                0xffffffff80109f73                ipi211
                0xffffffff80109f7f                ipi212
                0xffffffff80109f8b                ipi213
                0xffffffff80109f97                ipi214
                0xffffffff80109fa3                ipi215
                0xffffffff80109faf                ipi216
                0xffffffff80109fbb                ipi217
                0xffffffff80109fc7                ipi218
                0xffffffff80109fd3                ipi219
                0xffffffff80109fdf                ipi220
                0xffffffff80109feb                ipi221
                0xffffffff80109ff7                ipi222
                0xffffffff8010a003                ipi223
                0xffffffff8010a00f                ipi224
                0xffffffff8010a01b                ipi225
                0xffffffff8010a027                ipi226
                0xffffffff8010a033                ipi227
                0xffffffff8010a03f                ipi228
                0xffffffff8010a04b                ipi229
                0xffffffff8010a057                ipi230
                0xffffffff8010a063                ipi231
                0xffffffff8010a06f                ipi232
                0xffffffff8010a07b                ipi233
                0xffffffff8010a087                ipi234
                0xffffffff8010a093                ipi235
                0xffffffff8010a09f                ipi236
                0xffffffff8010a0ab                ipi237
                0xffffffff8010a0b7                ipi238
                0xffffffff8010a0c3                ipi239
                0xffffffff8010a0cf                ipi240
                0xffffffff8010a0db                ipi241
                0xffffffff8010a0e7                ipi242
                0xffffffff8010a0f3                ipi243
                0xffffffff8010a0ff                ipi244
                0xffffffff8010a10b                ipi245
                0xffffffff8010a117                ipi246
                0xffffffff8010a123                ipi247
                0xffffffff8010a12f                ipi248
                0xffffffff8010a13b                ipi249
                0xffffffff8010a147                ipi250
                0xffffffff8010a153                ipi251
                0xffffffff8010a15f                ipi252
                0xffffffff8010a16b                ipi253
                0xffffffff8010a177                ipi254
                0xffffffff8010a183                ipi255
                0xffffffff8010a18f                intrid32
                0xffffffff8010a198                intrid33
                0xffffffff8010a1a1                intrid34
                0xffffffff8010a1aa                intrid35
                0xffffffff8010a1b3                intrid36
                0xffffffff8010a1bc                intrid37
                0xffffffff8010a1c5                intrid38
                0xffffffff8010a1ce                intrid39
                0xffffffff8010a1d7                intrid40
                0xffffffff8010a1e0                intrid41
                0xffffffff8010a1e9                intrid42
                0xffffffff8010a1f2                intrid43
                0xffffffff8010a1fb                intrid44
                0xffffffff8010a204                intrid45
                0xffffffff8010a20d                intrid46
                0xffffffff8010a216                intrid47
                0xffffffff8010a234                isr_tables
 *fill*         0xffffffff8010aa34        0xc 
 .text          0xffffffff8010aa40       0x3c ./build/kernel/Arch/x86_64/KernelStack.o
                0xffffffff8010aa40                load_tss
 *fill*         0xffffffff8010aa7c        0x4 
 .text          0xffffffff8010aa80       0x86 ./build/kernel/Arch/x86_64/SMPTrampoline.o
                0xffffffff8010aa80                SMPTrampolineStart
                0xffffffff8010ab06                SMPTrampolineEnd
 *fill*         0xffffffff8010ab06        0xa 
 .text          0xffffffff8010ab10       0x5b ./build/kernel/Arch/x86_64/Wrapper.o
                0xffffffff8010ab10                asmw_flush_gdt
                0xffffffff8010ab3b                asmw_flush_idt
                0xffffffff8010ab3f                asmw_load_paging
                0xffffffff8010ab43                asmw_enable_sse
                0xffffffff8010ab54                asmw_enable_avx
                0xffffffff8010ab67                asmw_get_pagemap

.iplt           0xffffffff8010ab6b        0x0 load address 0x000000000010ab6b
 .iplt          0xffffffff8010ab6b        0x0 ./build/kernel/Arch/x86_64/Arch.o

.rodata         0xffffffff8010b000      0xf80 load address 0x000000000010b000
 *(.rodata*)
 .rodata.str1.1
                0xffffffff8010b000       0x22 ./build/kernel/Arch/x86_64/BootX64.o
 *fill*         0xffffffff8010b022        0x6 
 .rodata.str1.8
                0xffffffff8010b028       0xba ./build/kernel/Arch/x86_64/BootX64.o
 .rodata.str1.1
                0xffffffff8010b0e2      0x248 ./build/kernel/Arch/x86_64/Interrupts.o
 *fill*         0xffffffff8010b32a        0x6 
 .rodata.str1.8
                0xffffffff8010b330       0x1f ./build/kernel/Arch/x86_64/Interrupts.o
 .rodata.str1.1
                0xffffffff8010b34f       0x35 ./build/kernel/Arch/x86_64/MMU.o
 *fill*         0xffffffff8010b384        0x4 
 .rodata.str1.8
                0xffffffff8010b388       0x28 ./build/kernel/Arch/x86_64/MMU.o
 .rodata.str1.1
                0xffffffff8010b3b0       0x1c ./build/kernel/Arch/x86_64/SMBIOS.o
 *fill*         0xffffffff8010b3cc        0x4 
 .rodata.str1.8
                0xffffffff8010b3d0       0x24 ./build/kernel/Arch/x86_64/SMBIOS.o
 .rodata.str1.1
                0xffffffff8010b3f4       0x3f ./build/kernel/Arch/x86_64/SMP.o
 *fill*         0xffffffff8010b433        0x5 
 .rodata.str1.8
                0xffffffff8010b438       0x29 ./build/kernel/Arch/x86_64/SMP.o
 *fill*         0xffffffff8010b461        0x7 
 .rodata._ZTV6Device
                0xffffffff8010b468       0x20 ./build/kernel/Device/DeviceImpl.o
                0xffffffff8010b468                vtable for Device
 .rodata._ZTVN3PCI9PCIDeviceE
                0xffffffff8010b488       0x20 ./build/kernel/Drivers/Bus/PCI/PCIDeviceImpl.o
                0xffffffff8010b488                vtable for PCI::PCIDevice
 .rodata._ZTVN3PCI17PCIDeviceProviderE
                0xffffffff8010b4a8       0x18 ./build/kernel/Drivers/Bus/PCI/PCIDeviceProviderImpl.o
                0xffffffff8010b4a8                vtable for PCI::PCIDeviceProvider
 .rodata.str1.8
                0xffffffff8010b4c0       0x35 ./build/kernel/Drivers/Clock/HPET/HPETTimerImpl.o
 .rodata.str1.1
                0xffffffff8010b4f5       0x1e ./build/kernel/Drivers/Clock/HPET/HPETTimerImpl.o
 *fill*         0xffffffff8010b513        0x5 
 .rodata._ZTV9HPETTimer
                0xffffffff8010b518       0x28 ./build/kernel/Drivers/Clock/HPET/HPETTimerImpl.o
                0xffffffff8010b518                vtable for HPETTimer
 .rodata.str1.1
                0xffffffff8010b540       0x3c ./build/kernel/Drivers/Generic/ACPI/ACPIMain.o
 *fill*         0xffffffff8010b57c        0x4 
 .rodata.str1.8
                0xffffffff8010b580       0x32 ./build/kernel/Drivers/Generic/ACPI/ACPIMain.o
 *fill*         0xffffffff8010b5b2        0x6 
 .rodata.str1.8
                0xffffffff8010b5b8       0x38 ./build/kernel/Drivers/Generic/ACPI/ACPITimerImpl.o
 .rodata._ZTV9ACPITimer
                0xffffffff8010b5f0       0x28 ./build/kernel/Drivers/Generic/ACPI/ACPITimerImpl.o
                0xffffffff8010b5f0                vtable for ACPITimer
 .rodata.str1.8
                0xffffffff8010b618       0xb7 ./build/kernel/Drivers/Generic/APIC/APICMain.o
 .rodata.str1.1
                0xffffffff8010b6cf       0x50 ./build/kernel/Drivers/Generic/APIC/APICMain.o
 *fill*         0xffffffff8010b71f        0x1 
 .rodata        0xffffffff8010b720       0x50 ./build/kernel/Drivers/Generic/APIC/APICMain.o
 .rodata.str1.8
                0xffffffff8010b770       0x40 ./build/kernel/Drivers/Generic/APIC/IO.o
 .rodata.str1.1
                0xffffffff8010b7b0       0x1c ./build/kernel/Drivers/Generic/APIC/IO.o
 .rodata.str1.1
                0xffffffff8010b7cc       0x2a ./build/kernel/Drivers/Generic/APIC/Local.o
 *fill*         0xffffffff8010b7f6        0x2 
 .rodata._ZTV14LocalAPICTimer
                0xffffffff8010b7f8       0x28 ./build/kernel/Drivers/Generic/APIC/LocalAPICTimerImpl.o
                0xffffffff8010b7f8                vtable for LocalAPICTimer
 .rodata.str1.1
                0xffffffff8010b820       0x1e ./build/kernel/Drivers/Input/PS2LegacyController.o
 *fill*         0xffffffff8010b83e        0x2 
 .rodata.str1.8
                0xffffffff8010b840       0x5f ./build/kernel/Drivers/Input/PS2LegacyController.o
 *fill*         0xffffffff8010b89f        0x1 
 .rodata._ZTVN5Input19PS2LegacyControllerE
                0xffffffff8010b8a0       0x20 ./build/kernel/Drivers/Input/PS2LegacyController.o
                0xffffffff8010b8a0                vtable for Input::PS2LegacyController
 .rodata.str1.8
                0xffffffff8010b8c0       0x22 ./build/kernel/Drivers/Input/PS2LegacyKeyboardImpl.o
 *fill*         0xffffffff8010b8e2        0x6 
 .rodata._ZTVN5Input17PS2LegacyKeyboardE
                0xffffffff8010b8e8       0x20 ./build/kernel/Drivers/Input/PS2LegacyKeyboardImpl.o
                0xffffffff8010b8e8                vtable for Input::PS2LegacyKeyboard
 .rodata.str1.1
                0xffffffff8010b908       0x10 ./build/kernel/Drivers/Storage/AHCI/AHCIControllerDeviceImpl.o
 .rodata.str1.8
                0xffffffff8010b918       0x22 ./build/kernel/Drivers/Storage/AHCI/AHCIControllerDeviceImpl.o
 *fill*         0xffffffff8010b93a        0x6 
 .rodata._ZTVN4AHCI20AHCIControllerDeviceE
                0xffffffff8010b940       0x20 ./build/kernel/Drivers/Storage/AHCI/AHCIControllerDeviceImpl.o
                0xffffffff8010b940                vtable for AHCI::AHCIControllerDevice
 .rodata.str1.1
                0xffffffff8010b960       0x1b ./build/kernel/Drivers/Storage/AHCI/AHCIMain.o
 *fill*         0xffffffff8010b97b        0x5 
 .rodata.str1.8
                0xffffffff8010b980       0x2a ./build/kernel/Drivers/Storage/AHCI/AHCIMain.o
 *fill*         0xffffffff8010b9aa        0x6 
 .rodata.str1.8
                0xffffffff8010b9b0       0x22 ./build/kernel/Drivers/Storage/AHCI/SATADiskDeviceImpl.o
 *fill*         0xffffffff8010b9d2        0x6 
 .rodata._ZTVN4AHCI14SATADiskDeviceE
                0xffffffff8010b9d8       0x30 ./build/kernel/Drivers/Storage/AHCI/SATADiskDeviceImpl.o
                0xffffffff8010b9d8                vtable for AHCI::SATADiskDevice
 .rodata._ZTV10DiskDevice
                0xffffffff8010ba08       0x30 ./build/kernel/Fs/DiskDeviceImpl.o
                0xffffffff8010ba08                vtable for DiskDevice
 .rodata.str1.1
                0xffffffff8010ba38       0x1d ./build/kernel/Input/ConsoleImpl.o
 *fill*         0xffffffff8010ba55        0x3 
 .rodata.str1.8
                0xffffffff8010ba58       0xa9 ./build/kernel/Input/ConsoleImpl.o
 *fill*         0xffffffff8010bb01        0x7 
 .rodata        0xffffffff8010bb08       0xf0 ./build/kernel/Input/ConsoleImpl.o
 .rodata        0xffffffff8010bbf8       0x29 ./build/kernel/Input/KeyCode.o
 .rodata.str1.1
                0xffffffff8010bc21        0x7 ./build/kernel/libkern/printf.o
 .rodata        0xffffffff8010bc28      0x1b8 ./build/kernel/libkern/printf.o
 .rodata.str1.8
                0xffffffff8010bde0       0x28 ./build/kernel/Memory/Memory.o
 .rodata.str1.1
                0xffffffff8010be08       0x17 ./build/kernel/Memory/Page.o
 *fill*         0xffffffff8010be1f        0x1 
 .rodata.str1.8
                0xffffffff8010be20       0x21 ./build/kernel/Memory/SlabAllocatorImpl.o
 *fill*         0xffffffff8010be41        0x7 
 .rodata.str1.8
                0xffffffff8010be48       0x87 ./build/kernel/Memory/Slub.o
 *fill*         0xffffffff8010becf       0x11 
 .rodata        0xffffffff8010bee0       0x22 ./build/kernel/Memory/Slub.o
 .rodata.str1.1
                0xffffffff8010bf02        0x7 ./build/kernel/Process/ActivityManagement.o
 .rodata.str1.1
                0xffffffff8010bf09        0x9 ./build/kernel/Process/Scheduler.o
 .rodata.str1.1
                0xffffffff8010bf12       0x1d ./build/kernel/Process/SchedulerImpl.o
 *fill*         0xffffffff8010bf2f        0x1 
 .rodata._ZTVN5Video17TextModePresenterE
                0xffffffff8010bf30       0x28 ./build/kernel/Video/TextModePresenterImpl.o
                0xffffffff8010bf30                vtable for Video::TextModePresenter
 .rodata._ZTVN5Video14VideoPresenterE
                0xffffffff8010bf58       0x28 ./build/kernel/Video/VideoPresenterImpl.o
                0xffffffff8010bf58                vtable for Video::VideoPresenter

.eh_frame       0xffffffff8010bf80     0x1e00 load address 0x000000000010bf80
 .eh_frame      0xffffffff8010bf80       0x58 ./build/kernel/Arch/x86_64/Arch.o
 .eh_frame      0xffffffff8010bfd8       0xa8 ./build/kernel/Arch/x86_64/BootX64.o
                                         0xc0 (size before relaxing)
 .eh_frame      0xffffffff8010c080       0x60 ./build/kernel/Arch/x86_64/CPU.o
                                         0x78 (size before relaxing)
 .eh_frame      0xffffffff8010c0e0       0x18 ./build/kernel/Arch/x86_64/GDT.o
                                         0x30 (size before relaxing)
 .eh_frame      0xffffffff8010c0f8       0x28 ./build/kernel/Arch/x86_64/IDT.o
                                         0x40 (size before relaxing)
 .eh_frame      0xffffffff8010c120       0x68 ./build/kernel/Arch/x86_64/Interrupts.o
                                         0x80 (size before relaxing)
 .eh_frame      0xffffffff8010c188      0x1a0 ./build/kernel/Arch/x86_64/MMU.o
                                        0x1b8 (size before relaxing)
 .eh_frame      0xffffffff8010c328       0x40 ./build/kernel/Arch/x86_64/PIC.o
                                         0x58 (size before relaxing)
 .eh_frame      0xffffffff8010c368       0x28 ./build/kernel/Arch/x86_64/PIT.o
                                         0x40 (size before relaxing)
 .eh_frame      0xffffffff8010c390       0x28 ./build/kernel/Arch/x86_64/SchedulerArchImpl.o
                                         0x40 (size before relaxing)
 .eh_frame      0xffffffff8010c3b8       0x40 ./build/kernel/Arch/x86_64/SMBIOS.o
                                         0x58 (size before relaxing)
 .eh_frame      0xffffffff8010c3f8       0xa0 ./build/kernel/Arch/x86_64/SMP.o
                                         0xb8 (size before relaxing)
 .eh_frame      0xffffffff8010c498       0x38 ./build/kernel/Arch/x86_64/TaskStateSegment.o
                                         0x50 (size before relaxing)
 .eh_frame      0xffffffff8010c4d0       0x18 ./build/kernel/Device/DeviceImpl.o
                                         0x30 (size before relaxing)
 .eh_frame      0xffffffff8010c4e8       0x28 ./build/kernel/Device/DeviceManagement.o
                                         0x40 (size before relaxing)
 .eh_frame      0xffffffff8010c510       0x80 ./build/kernel/Device/DeviceStaticImpl.o
                                         0xe8 (size before relaxing)
 .eh_frame      0xffffffff8010c590       0x60 ./build/kernel/Drivers/Bus/PCI/PCIDeviceImpl.o
                                         0x78 (size before relaxing)
 .eh_frame      0xffffffff8010c5f0       0xa8 ./build/kernel/Drivers/Bus/PCI/PCIDeviceProviderImpl.o
                                         0xe8 (size before relaxing)
 .eh_frame      0xffffffff8010c698      0x140 ./build/kernel/Drivers/Bus/PCI/PCIMain.o
                                        0x158 (size before relaxing)
 .eh_frame      0xffffffff8010c7d8       0x70 ./build/kernel/Drivers/Clock/HPET/HPETTimerImpl.o
                                         0x88 (size before relaxing)
 .eh_frame      0xffffffff8010c848       0xc0 ./build/kernel/Drivers/Generic/ACPI/ACPIMain.o
                                         0xd8 (size before relaxing)
 .eh_frame      0xffffffff8010c908       0xc0 ./build/kernel/Drivers/Generic/ACPI/ACPITimerImpl.o
                                         0xd8 (size before relaxing)
 .eh_frame      0xffffffff8010c9c8       0x38 ./build/kernel/Drivers/Generic/APIC/APICMain.o
                                         0x50 (size before relaxing)
 .eh_frame      0xffffffff8010ca00       0xf8 ./build/kernel/Drivers/Generic/APIC/IO.o
                                        0x110 (size before relaxing)
 .eh_frame      0xffffffff8010caf8       0xd8 ./build/kernel/Drivers/Generic/APIC/Local.o
                                         0xf0 (size before relaxing)
 .eh_frame      0xffffffff8010cbd0       0xd0 ./build/kernel/Drivers/Generic/APIC/LocalAPICTimerImpl.o
                                         0xe8 (size before relaxing)
 .eh_frame      0xffffffff8010cca0       0x88 ./build/kernel/Drivers/Input/PS2LegacyController.o
                                         0xa0 (size before relaxing)
 .eh_frame      0xffffffff8010cd28       0x70 ./build/kernel/Drivers/Input/PS2LegacyKeyboardImpl.o
                                         0x88 (size before relaxing)
 .eh_frame      0xffffffff8010cd98       0x50 ./build/kernel/Drivers/Storage/AHCI/AHCIControllerDeviceImpl.o
                                         0x68 (size before relaxing)
 .eh_frame      0xffffffff8010cde8       0x30 ./build/kernel/Drivers/Storage/AHCI/AHCIMain.o
                                         0x48 (size before relaxing)
 .eh_frame      0xffffffff8010ce18      0x110 ./build/kernel/Drivers/Storage/AHCI/SATADiskDeviceImpl.o
                                        0x128 (size before relaxing)
 .eh_frame      0xffffffff8010cf28       0xb8 ./build/kernel/Drivers/Video.o
                                         0xd0 (size before relaxing)
 .eh_frame      0xffffffff8010cfe0       0x18 ./build/kernel/Fs/DiskDeviceImpl.o
                                         0x30 (size before relaxing)
 .eh_frame      0xffffffff8010cff8      0x140 ./build/kernel/Input/ConsoleImpl.o
                                        0x158 (size before relaxing)
 .eh_frame      0xffffffff8010d138       0x18 ./build/kernel/Input/KeyCode.o
                                         0x30 (size before relaxing)
 .eh_frame      0xffffffff8010d150       0xa0 ./build/kernel/libkern/printf.o
                                         0xb8 (size before relaxing)
 .eh_frame      0xffffffff8010d1f0       0x48 ./build/kernel/libkern/sprintf.o
                                         0x60 (size before relaxing)
 .eh_frame      0xffffffff8010d238       0x50 ./build/kernel/Memory/Memory.o
                                         0x68 (size before relaxing)
 .eh_frame      0xffffffff8010d288      0x118 ./build/kernel/Memory/Page.o
                                        0x130 (size before relaxing)
 .eh_frame      0xffffffff8010d3a0       0xa0 ./build/kernel/Memory/PageAllocation.o
                                         0xb8 (size before relaxing)
 .eh_frame      0xffffffff8010d440       0xe0 ./build/kernel/Memory/SlabAllocatorImpl.o
                                         0xf8 (size before relaxing)
 .eh_frame      0xffffffff8010d520      0x1d8 ./build/kernel/Memory/Slub.o
                                        0x1f0 (size before relaxing)
 .eh_frame      0xffffffff8010d6f8       0x20 ./build/kernel/Panic.o
                                         0x38 (size before relaxing)
 .eh_frame      0xffffffff8010d718       0x90 ./build/kernel/Process/ActivityImpl.o
                                         0xa8 (size before relaxing)
 .eh_frame      0xffffffff8010d7a8       0x38 ./build/kernel/Process/ActivityManagement.o
                                         0x50 (size before relaxing)
 .eh_frame      0xffffffff8010d7e0       0x90 ./build/kernel/Process/ProcessImpl.o
                                         0xa8 (size before relaxing)
 .eh_frame      0xffffffff8010d870       0x48 ./build/kernel/Process/Scheduler.o
                                         0x60 (size before relaxing)
 .eh_frame      0xffffffff8010d8b8      0x138 ./build/kernel/Process/SchedulerImpl.o
                                        0x150 (size before relaxing)
 .eh_frame      0xffffffff8010d9f0       0x78 ./build/kernel/Runtime.o
                                         0x90 (size before relaxing)
 .eh_frame      0xffffffff8010da68      0x180 ./build/kernel/String.o
                                        0x198 (size before relaxing)
 .eh_frame      0xffffffff8010dbe8       0x70 ./build/kernel/System.o
                                         0x88 (size before relaxing)
 .eh_frame      0xffffffff8010dc58       0xd8 ./build/kernel/Video/TextModePresenterImpl.o
                                         0xf0 (size before relaxing)
 .eh_frame      0xffffffff8010dd30       0x28 ./build/kernel/Video/VideoControllerImpl.o
                                         0x40 (size before relaxing)
 .eh_frame      0xffffffff8010dd58       0x28 ./build/kernel/Video/VideoPresenterImpl.o
                                         0x40 (size before relaxing)

.rela.dyn       0xffffffff8010dd80        0x0 load address 0x000000000010dd80
 .rela.got      0xffffffff8010dd80        0x0 ./build/kernel/Arch/x86_64/Arch.o
 .rela.iplt     0xffffffff8010dd80        0x0 ./build/kernel/Arch/x86_64/Arch.o
 .rela.text     0xffffffff8010dd80        0x0 ./build/kernel/Arch/x86_64/Arch.o
 .rela.rodata._ZTV6Device
                0xffffffff8010dd80        0x0 ./build/kernel/Arch/x86_64/Arch.o
 .rela.text.startup
                0xffffffff8010dd80        0x0 ./build/kernel/Arch/x86_64/Arch.o
 .rela.text.unlikely
                0xffffffff8010dd80        0x0 ./build/kernel/Arch/x86_64/Arch.o
 .rela.rodata._ZTV10DiskDevice
                0xffffffff8010dd80        0x0 ./build/kernel/Arch/x86_64/Arch.o
 .rela.rodata._ZTVN5Video14VideoPresenterE
                0xffffffff8010dd80        0x0 ./build/kernel/Arch/x86_64/Arch.o

.data           0xffffffff8010e000     0x1d71 load address 0x000000000010e000
 *(.data*)
 .data          0xffffffff8010e000        0x0 ./build/kernel/Arch/x86_64/Arch.o
 .data          0xffffffff8010e000        0x0 ./build/kernel/Arch/x86_64/BootX64.o
 .data          0xffffffff8010e000        0x0 ./build/kernel/Arch/x86_64/CPU.o
 .data          0xffffffff8010e000       0x60 ./build/kernel/Arch/x86_64/GDT.o
                0xffffffff8010e000                g_GDTPointer
 .data          0xffffffff8010e060        0xa ./build/kernel/Arch/x86_64/IDT.o
                0xffffffff8010e060                g_IDTPointer
 *fill*         0xffffffff8010e06a       0x16 
 .data          0xffffffff8010e080     0x1800 ./build/kernel/Arch/x86_64/Interrupts.o
                0xffffffff8010e080                g_IntData
 .data          0xffffffff8010f880        0x0 ./build/kernel/Arch/x86_64/MMU.o
 .data          0xffffffff8010f880        0x0 ./build/kernel/Arch/x86_64/PIC.o
 .data          0xffffffff8010f880        0x0 ./build/kernel/Arch/x86_64/PIT.o
 .data          0xffffffff8010f880        0x0 ./build/kernel/Arch/x86_64/SchedulerArchImpl.o
 .data          0xffffffff8010f880       0x18 ./build/kernel/Arch/x86_64/SMBIOS.o
                0xffffffff8010f880                SMBIOS::g_SmbiosVersion
                0xffffffff8010f888                SMBIOS::__smbios_SignatureL3
                0xffffffff8010f890                SMBIOS::__smbios_SignatureL2
 .data          0xffffffff8010f898       0x30 ./build/kernel/Arch/x86_64/SMP.o
                0xffffffff8010f898                SMP::smpEntry2
                0xffffffff8010f8a0                SMP::smpStack
                0xffffffff8010f8a8                SMP::smpRegisterCR3
                0xffffffff8010f8b0                SMP::smpGdtPointer
                0xffffffff8010f8b8                SMP::smpTrampolineCpuID
                0xffffffff8010f8c0                SMP::smpMagicValue
 .data          0xffffffff8010f8c8        0x0 ./build/kernel/Arch/x86_64/TaskStateSegment.o
 .data          0xffffffff8010f8c8        0x0 ./build/kernel/Device/ComputerDeviceImpl.o
 .data          0xffffffff8010f8c8        0x0 ./build/kernel/Device/DeviceImpl.o
 .data          0xffffffff8010f8c8        0x0 ./build/kernel/Device/DeviceManagement.o
 .data          0xffffffff8010f8c8        0x0 ./build/kernel/Device/DeviceStaticImpl.o
 .data          0xffffffff8010f8c8        0x0 ./build/kernel/Drivers/Bus/PCI/PCIDeviceImpl.o
 .data          0xffffffff8010f8c8        0x0 ./build/kernel/Drivers/Bus/PCI/PCIDeviceProviderImpl.o
 .data          0xffffffff8010f8c8        0x0 ./build/kernel/Drivers/Bus/PCI/PCIMain.o
 .data          0xffffffff8010f8c8        0x0 ./build/kernel/Drivers/Clock/HPET/HPETTimerImpl.o
 .data          0xffffffff8010f8c8        0x0 ./build/kernel/Drivers/Generic/ACPI/ACPIMain.o
 .data          0xffffffff8010f8c8        0x0 ./build/kernel/Drivers/Generic/ACPI/ACPITimerImpl.o
 .data          0xffffffff8010f8c8        0x0 ./build/kernel/Drivers/Generic/ACPI/MADTMain.o
 .data          0xffffffff8010f8c8        0x0 ./build/kernel/Drivers/Generic/APIC/APICMain.o
 .data          0xffffffff8010f8c8        0x0 ./build/kernel/Drivers/Generic/APIC/IO.o
 .data          0xffffffff8010f8c8        0x0 ./build/kernel/Drivers/Generic/APIC/Local.o
 .data          0xffffffff8010f8c8        0x0 ./build/kernel/Drivers/Generic/APIC/LocalAPICTimerImpl.o
 .data          0xffffffff8010f8c8        0x0 ./build/kernel/Drivers/Input/PS2LegacyController.o
 .data          0xffffffff8010f8c8        0x0 ./build/kernel/Drivers/Input/PS2LegacyKeyboardImpl.o
 .data          0xffffffff8010f8c8        0x0 ./build/kernel/Drivers/Storage/AHCI/AHCIControllerDeviceImpl.o
 .data          0xffffffff8010f8c8        0x0 ./build/kernel/Drivers/Storage/AHCI/AHCIMain.o
 .data          0xffffffff8010f8c8        0x0 ./build/kernel/Drivers/Storage/AHCI/SATADiskDeviceImpl.o
 .data          0xffffffff8010f8c8        0x0 ./build/kernel/Drivers/Video.o
 .data          0xffffffff8010f8c8        0x0 ./build/kernel/Event.o
 .data          0xffffffff8010f8c8        0x0 ./build/kernel/Fs/DiskDeviceImpl.o
 .data          0xffffffff8010f8c8        0x0 ./build/kernel/Input/ConsoleImpl.o
 *fill*         0xffffffff8010f8c8       0x18 
 .data          0xffffffff8010f8e0      0x400 ./build/kernel/Input/KeyCode.o
                0xffffffff8010f8e0                Input::c_KeyScanCode1
 .data          0xffffffff8010fce0        0x0 ./build/kernel/libkern/printf.o
 .data          0xffffffff8010fce0        0x0 ./build/kernel/libkern/sprintf.o
 .data          0xffffffff8010fce0        0x0 ./build/kernel/Memory/Memory.o
 .data          0xffffffff8010fce0        0x0 ./build/kernel/Memory/Page.o
 .data          0xffffffff8010fce0        0x0 ./build/kernel/Memory/PageAllocation.o
 .data          0xffffffff8010fce0       0x20 ./build/kernel/Memory/SlabAllocatorImpl.o
                0xffffffff8010fce0                Memory::m_BlockSize
 .data          0xffffffff8010fd00        0x0 ./build/kernel/Memory/Slub.o
 .data          0xffffffff8010fd00        0x0 ./build/kernel/Panic.o
 .data          0xffffffff8010fd00        0x0 ./build/kernel/Process/ActivityImpl.o
 .data          0xffffffff8010fd00        0x0 ./build/kernel/Process/ActivityManagement.o
 .data          0xffffffff8010fd00        0x0 ./build/kernel/Process/ProcessImpl.o
 .data          0xffffffff8010fd00        0x0 ./build/kernel/Process/Scheduler.o
 .data          0xffffffff8010fd00        0x0 ./build/kernel/Process/SchedulerImpl.o
 .data          0xffffffff8010fd00        0x0 ./build/kernel/Runtime.o
 .data          0xffffffff8010fd00        0x0 ./build/kernel/String.o
 .data          0xffffffff8010fd00        0x0 ./build/kernel/System.o
 .data          0xffffffff8010fd00        0x0 ./build/kernel/Video/FrameBufferPresenterImpl.o
 .data          0xffffffff8010fd00        0x0 ./build/kernel/Video/TextModePresenterImpl.o
 .data          0xffffffff8010fd00        0x0 ./build/kernel/Video/VideoControllerImpl.o
 .data          0xffffffff8010fd00        0x0 ./build/kernel/Video/VideoPresenterImpl.o
 .data          0xffffffff8010fd00       0x71 ./build/kernel/Arch/x86_64/Header.o
                0xffffffff8010fd68                __cxa_atexit
                0xffffffff8010fd69                __dso_handle

.got            0xffffffff8010fd78        0x0 load address 0x000000000010fd78
 .got           0xffffffff8010fd78        0x0 ./build/kernel/Arch/x86_64/Arch.o

.got.plt        0xffffffff8010fd78        0x0 load address 0x000000000010fd78
 .got.plt       0xffffffff8010fd78        0x0 ./build/kernel/Arch/x86_64/Arch.o

.igot.plt       0xffffffff8010fd78        0x0 load address 0x000000000010fd78
 .igot.plt      0xffffffff8010fd78        0x0 ./build/kernel/Arch/x86_64/Arch.o

.ctors          0xffffffff8010fd78       0x38 load address 0x000000000010fd78
 .ctors         0xffffffff8010fd78        0x8 ./build/kernel/Device/DeviceManagement.o
 .ctors         0xffffffff8010fd80        0x8 ./build/kernel/Device/DeviceStaticImpl.o
 .ctors         0xffffffff8010fd88        0x8 ./build/kernel/Drivers/Generic/ACPI/ACPIMain.o
 .ctors         0xffffffff8010fd90        0x8 ./build/kernel/Memory/Memory.o
 .ctors         0xffffffff8010fd98        0x8 ./build/kernel/Memory/Page.o
 .ctors         0xffffffff8010fda0        0x8 ./build/kernel/Process/ActivityManagement.o
 .ctors         0xffffffff8010fda8        0x8 ./build/kernel/Process/Scheduler.o

.bss            0xffffffff80110000   0x41a090 load address 0x0000000000110000
                0xffffffff80110000                __bss = .
 *(COMMON)
 *(.bss*)
 .bss           0xffffffff80110000        0x0 ./build/kernel/Arch/x86_64/Arch.o
 .bss           0xffffffff80110000      0x650 ./build/kernel/Arch/x86_64/BootX64.o
                0xffffffff80110000                bootInfo
                0xffffffff80110640                multiboot2_memory_info_t
 .bss           0xffffffff80110650        0x0 ./build/kernel/Arch/x86_64/CPU.o
 *fill*         0xffffffff80110650       0x10 
 .bss           0xffffffff80110660       0x70 ./build/kernel/Arch/x86_64/GDT.o
 *fill*         0xffffffff801106d0       0x10 
 .bss           0xffffffff801106e0     0x1000 ./build/kernel/Arch/x86_64/IDT.o
 .bss           0xffffffff801116e0        0x0 ./build/kernel/Arch/x86_64/Interrupts.o
 *fill*         0xffffffff801116e0      0x920 
 .bss           0xffffffff80112000   0x40d000 ./build/kernel/Arch/x86_64/MMU.o
                0xffffffff80112000                Memory::Paging::kernelPageTablePointers
                0xffffffff80312000                Memory::Paging::ioMappings
                0xffffffff80316000                Memory::Paging::kernelHeapPageTables
                0xffffffff80516000                Memory::Paging::kernelHeapPageDirs
                0xffffffff80517000                Memory::Paging::kernelPageDirs
                0xffffffff80518000                Memory::Paging::kernelPdpts
                0xffffffff80519000                Memory::Paging::kernelPages
                0xffffffff8051a000                Memory::Paging::kernelPagemap
 .bss           0xffffffff8051f000        0x0 ./build/kernel/Arch/x86_64/PIC.o
 .bss           0xffffffff8051f000        0x0 ./build/kernel/Arch/x86_64/PIT.o
 .bss           0xffffffff8051f000        0x0 ./build/kernel/Arch/x86_64/SchedulerArchImpl.o
 .bss           0xffffffff8051f000        0x8 ./build/kernel/Arch/x86_64/SMBIOS.o
                0xffffffff8051f000                SMBIOS::SmbiosInfo
 *fill*         0xffffffff8051f008       0x18 
 .bss           0xffffffff8051f020      0x801 ./build/kernel/Arch/x86_64/SMP.o
                0xffffffff8051f020                cpus
                0xffffffff8051f820                doneInit
 .bss           0xffffffff8051f821        0x0 ./build/kernel/Arch/x86_64/TaskStateSegment.o
 .bss           0xffffffff8051f821        0x0 ./build/kernel/Device/ComputerDeviceImpl.o
 .bss           0xffffffff8051f821        0x0 ./build/kernel/Device/DeviceImpl.o
 *fill*         0xffffffff8051f821       0x1f 
 .bss           0xffffffff8051f840      0x230 ./build/kernel/Device/DeviceManagement.o
                0xffffffff8051f840                DeviceManagement::g_DeviceLists
                0xffffffff8051fa40                DeviceManagement::g_DeviceProviders
 *fill*         0xffffffff8051fa70       0x10 
 .bss           0xffffffff8051fa80      0x238 ./build/kernel/Device/DeviceStaticImpl.o
                0xffffffff8051fa80                Device::g_DeviceLists
                0xffffffff8051fc80                Device::g_DeviceProviders
                0xffffffff8051fcb0                Device::allocatedId
 .bss           0xffffffff8051fcb8        0x0 ./build/kernel/Drivers/Bus/PCI/PCIDeviceImpl.o
 .bss           0xffffffff8051fcb8        0x0 ./build/kernel/Drivers/Bus/PCI/PCIDeviceProviderImpl.o
 .bss           0xffffffff8051fcb8        0x0 ./build/kernel/Drivers/Bus/PCI/PCIMain.o
 .bss           0xffffffff8051fcb8        0x0 ./build/kernel/Drivers/Clock/HPET/HPETTimerImpl.o
 *fill*         0xffffffff8051fcb8        0x8 
 .bss           0xffffffff8051fcc0      0x990 ./build/kernel/Drivers/Generic/ACPI/ACPIMain.o
                0xffffffff8051fcc0                ACPI::g_MCFG
                0xffffffff8051fcc8                ACPI::g_HPET
                0xffffffff8051fcd0                ACPI::g_FADT
                0xffffffff8051fcd8                ACPI::g_MADT
                0xffffffff8051fce0                ACPI::xsdtEntryTable
                0xffffffff8051fcf8                ACPI::xsdt
                0xffffffff8051fd00                ACPI::rsdt
                0xffffffff8051fd08                ACPI::rsdp
                0xffffffff8051fd20                ACPI::g_InterruptOverrides
                0xffffffff80520540                ACPI::g_Processors
 .bss           0xffffffff80520650        0x0 ./build/kernel/Drivers/Generic/ACPI/ACPITimerImpl.o
 .bss           0xffffffff80520650        0x0 ./build/kernel/Drivers/Generic/ACPI/MADTMain.o
 .bss           0xffffffff80520650        0x0 ./build/kernel/Drivers/Generic/APIC/APICMain.o
 .bss           0xffffffff80520650       0x28 ./build/kernel/Drivers/Generic/APIC/IO.o
                0xffffffff80520650                APIC::IO::apicId
                0xffffffff80520654                APIC::IO::interrupts
                0xffffffff80520658                APIC::IO::ioWindow
                0xffffffff80520660                APIC::IO::registerSelect
                0xffffffff80520668                APIC::IO::BaseVirtIO
                0xffffffff80520670                APIC::IO::BasePhys
 .bss           0xffffffff80520678       0x10 ./build/kernel/Drivers/Generic/APIC/Local.o
                0xffffffff80520678                APIC::Local::BaseVirtIO
                0xffffffff80520680                APIC::Local::BasePhys
 .bss           0xffffffff80520688        0x0 ./build/kernel/Drivers/Generic/APIC/LocalAPICTimerImpl.o
 .bss           0xffffffff80520688        0x8 ./build/kernel/Drivers/Input/PS2LegacyController.o
                0xffffffff80520688                Input::g_PS2Keyboard
 .bss           0xffffffff80520690        0x4 ./build/kernel/Drivers/Input/PS2LegacyKeyboardImpl.o
 .bss           0xffffffff80520694        0x0 ./build/kernel/Drivers/Storage/AHCI/AHCIControllerDeviceImpl.o
 *fill*         0xffffffff80520694        0x4 
 .bss           0xffffffff80520698        0x8 ./build/kernel/Drivers/Storage/AHCI/AHCIMain.o
                0xffffffff80520698                AHCI::g_ControllerDevice
 .bss           0xffffffff805206a0        0x0 ./build/kernel/Drivers/Storage/AHCI/SATADiskDeviceImpl.o
 .bss           0xffffffff805206a0       0x10 ./build/kernel/Drivers/Video.o
                0xffffffff805206a0                Video::verticalOffset
                0xffffffff805206a2                Video::horizontalOffset
                0xffffffff805206a8                Video::buffers
 .bss           0xffffffff805206b0        0x0 ./build/kernel/Event.o
 .bss           0xffffffff805206b0        0x0 ./build/kernel/Fs/DiskDeviceImpl.o
 .bss           0xffffffff805206b0        0x0 ./build/kernel/Input/ConsoleImpl.o
 .bss           0xffffffff805206b0        0x0 ./build/kernel/Input/KeyCode.o
 .bss           0xffffffff805206b0        0x0 ./build/kernel/libkern/printf.o
 .bss           0xffffffff805206b0        0x0 ./build/kernel/libkern/sprintf.o
 *fill*         0xffffffff805206b0       0x10 
 .bss           0xffffffff805206c0     0x14a0 ./build/kernel/Memory/Memory.o
                0xffffffff805206c0                Memory::g_KernelAllocator
                0xffffffff805206e0                Memory::g_Sections
                0xffffffff80521700                Memory::g_Blocks
                0xffffffff80521b20                Memory::g_Statistics
 .bss           0xffffffff80521b60      0x348 ./build/kernel/Memory/Page.o
                0xffffffff80521b60                Memory::zones
 .bss           0xffffffff80521ea8        0x0 ./build/kernel/Memory/PageAllocation.o
 .bss           0xffffffff80521ea8        0x0 ./build/kernel/Memory/SlabAllocatorImpl.o
 *fill*         0xffffffff80521ea8       0x18 
 .bss           0xffffffff80521ec0       0x80 ./build/kernel/Memory/Slub.o
                0xffffffff80521ec0                Memory::caches
 .bss           0xffffffff80521f40        0x0 ./build/kernel/Panic.o
 .bss           0xffffffff80521f40        0x0 ./build/kernel/Process/ActivityImpl.o
 .bss           0xffffffff80521f40       0x28 ./build/kernel/Process/ActivityManagement.o
                0xffffffff80521f40                Task::g_SystemActivity
 .bss           0xffffffff80521f68        0x0 ./build/kernel/Process/ProcessImpl.o
 *fill*         0xffffffff80521f68       0x18 
 .bss           0xffffffff80521f80       0xa8 ./build/kernel/Process/Scheduler.o
                0xffffffff80521f80                Task::g_Scheduler
                0xffffffff80521fa0                Task::g_KernelProcess
 .bss           0xffffffff80522028        0x0 ./build/kernel/Process/SchedulerImpl.o
 .bss           0xffffffff80522028        0x0 ./build/kernel/Runtime.o
 .bss           0xffffffff80522028        0x0 ./build/kernel/String.o
 *fill*         0xffffffff80522028       0x18 
 .bss           0xffffffff80522040       0x48 ./build/kernel/System.o
                0xffffffff80522040                Timer::g_TypePreferrence
                0xffffffff80522048                g_Console
                0xffffffff80522060                g_Timers
 .bss           0xffffffff80522088        0x0 ./build/kernel/Video/FrameBufferPresenterImpl.o
 .bss           0xffffffff80522088        0x0 ./build/kernel/Video/TextModePresenterImpl.o
 .bss           0xffffffff80522088        0x0 ./build/kernel/Video/VideoControllerImpl.o
 .bss           0xffffffff80522088        0x0 ./build/kernel/Video/VideoPresenterImpl.o
 *fill*         0xffffffff80522088        0x8 
 .bss           0xffffffff80522090     0x8000 ./build/kernel/Arch/x86_64/KernelStack.o
                0xffffffff80522090                stack_bottom
                0xffffffff8052a090                stack_top
                0xffffffff8052a090                __bss_end = .
                0xffffffff8052a090                KERNEL_END_ADDR = .

/DISCARD/
 *(.comment)
LOAD ./build/kernel/Arch/x86_64/Arch.o
LOAD ./build/kernel/Arch/x86_64/BootX64.o
LOAD ./build/kernel/Arch/x86_64/CPU.o
LOAD ./build/kernel/Arch/x86_64/GDT.o
LOAD ./build/kernel/Arch/x86_64/IDT.o
LOAD ./build/kernel/Arch/x86_64/Interrupts.o
LOAD ./build/kernel/Arch/x86_64/MMU.o
LOAD ./build/kernel/Arch/x86_64/PIC.o
LOAD ./build/kernel/Arch/x86_64/PIT.o
LOAD ./build/kernel/Arch/x86_64/SchedulerArchImpl.o
LOAD ./build/kernel/Arch/x86_64/SMBIOS.o
LOAD ./build/kernel/Arch/x86_64/SMP.o
LOAD ./build/kernel/Arch/x86_64/TaskStateSegment.o
LOAD ./build/kernel/Device/ComputerDeviceImpl.o
LOAD ./build/kernel/Device/DeviceImpl.o
LOAD ./build/kernel/Device/DeviceManagement.o
LOAD ./build/kernel/Device/DeviceStaticImpl.o
LOAD ./build/kernel/Drivers/Bus/PCI/PCIDeviceImpl.o
LOAD ./build/kernel/Drivers/Bus/PCI/PCIDeviceProviderImpl.o
LOAD ./build/kernel/Drivers/Bus/PCI/PCIMain.o
LOAD ./build/kernel/Drivers/Clock/HPET/HPETTimerImpl.o
LOAD ./build/kernel/Drivers/Generic/ACPI/ACPIMain.o
LOAD ./build/kernel/Drivers/Generic/ACPI/ACPITimerImpl.o
LOAD ./build/kernel/Drivers/Generic/ACPI/MADTMain.o
LOAD ./build/kernel/Drivers/Generic/APIC/APICMain.o
LOAD ./build/kernel/Drivers/Generic/APIC/IO.o
LOAD ./build/kernel/Drivers/Generic/APIC/Local.o
LOAD ./build/kernel/Drivers/Generic/APIC/LocalAPICTimerImpl.o
LOAD ./build/kernel/Drivers/Input/PS2LegacyController.o
LOAD ./build/kernel/Drivers/Input/PS2LegacyKeyboardImpl.o
LOAD ./build/kernel/Drivers/Storage/AHCI/AHCIControllerDeviceImpl.o
LOAD ./build/kernel/Drivers/Storage/AHCI/AHCIMain.o
LOAD ./build/kernel/Drivers/Storage/AHCI/SATADiskDeviceImpl.o
LOAD ./build/kernel/Drivers/Video.o
LOAD ./build/kernel/Event.o
LOAD ./build/kernel/Fs/DiskDeviceImpl.o
LOAD ./build/kernel/Input/ConsoleImpl.o
LOAD ./build/kernel/Input/KeyCode.o
LOAD ./build/kernel/libkern/printf.o
LOAD ./build/kernel/libkern/sprintf.o
LOAD ./build/kernel/Memory/Memory.o
LOAD ./build/kernel/Memory/Page.o
LOAD ./build/kernel/Memory/PageAllocation.o
LOAD ./build/kernel/Memory/SlabAllocatorImpl.o
LOAD ./build/kernel/Memory/Slub.o
LOAD ./build/kernel/Panic.o
LOAD ./build/kernel/Process/ActivityImpl.o
LOAD ./build/kernel/Process/ActivityManagement.o
LOAD ./build/kernel/Process/ProcessImpl.o
LOAD ./build/kernel/Process/Scheduler.o
LOAD ./build/kernel/Process/SchedulerImpl.o
LOAD ./build/kernel/Runtime.o
LOAD ./build/kernel/String.o
LOAD ./build/kernel/System.o
LOAD ./build/kernel/Video/FrameBufferPresenterImpl.o
LOAD ./build/kernel/Video/TextModePresenterImpl.o
LOAD ./build/kernel/Video/VideoControllerImpl.o
LOAD ./build/kernel/Video/VideoPresenterImpl.o
LOAD ./build/kernel/Arch/x86_64/Header.o
LOAD ./build/kernel/Arch/x86_64/IRQ.o
LOAD ./build/kernel/Arch/x86_64/KernelStack.o
LOAD ./build/kernel/Arch/x86_64/SMPTrampoline.o
LOAD ./build/kernel/Arch/x86_64/Wrapper.o
OUTPUT(./dist/x86_64/atrikrnl.elf elf64-x86-64)

.debug_info     0x0000000000000000    0x2fda1
 .debug_info    0x0000000000000000      0x202 ./build/kernel/Arch/x86_64/Arch.o
 .debug_info    0x0000000000000202      0xb6e ./build/kernel/Arch/x86_64/BootX64.o
 .debug_info    0x0000000000000d70      0x726 ./build/kernel/Arch/x86_64/CPU.o
 .debug_info    0x0000000000001496      0x40a ./build/kernel/Arch/x86_64/GDT.o
 .debug_info    0x00000000000018a0      0x31c ./build/kernel/Arch/x86_64/IDT.o
 .debug_info    0x0000000000001bbc      0x5b3 ./build/kernel/Arch/x86_64/Interrupts.o
 .debug_info    0x000000000000216f     0x1782 ./build/kernel/Arch/x86_64/MMU.o
 .debug_info    0x00000000000038f1      0x889 ./build/kernel/Arch/x86_64/PIC.o
 .debug_info    0x000000000000417a      0x37a ./build/kernel/Arch/x86_64/PIT.o
 .debug_info    0x00000000000044f4     0x1251 ./build/kernel/Arch/x86_64/SchedulerArchImpl.o
 .debug_info    0x0000000000005745      0x3f3 ./build/kernel/Arch/x86_64/SMBIOS.o
 .debug_info    0x0000000000005b38      0xcc3 ./build/kernel/Arch/x86_64/SMP.o
 .debug_info    0x00000000000067fb      0x5fa ./build/kernel/Arch/x86_64/TaskStateSegment.o
 .debug_info    0x0000000000006df5      0x955 ./build/kernel/Device/DeviceImpl.o
 .debug_info    0x000000000000774a      0xeb3 ./build/kernel/Device/DeviceManagement.o
 .debug_info    0x00000000000085fd     0x11d5 ./build/kernel/Device/DeviceStaticImpl.o
 .debug_info    0x00000000000097d2     0x13cd ./build/kernel/Drivers/Bus/PCI/PCIDeviceImpl.o
 .debug_info    0x000000000000ab9f     0x20c7 ./build/kernel/Drivers/Bus/PCI/PCIDeviceProviderImpl.o
 .debug_info    0x000000000000cc66     0x1351 ./build/kernel/Drivers/Bus/PCI/PCIMain.o
 .debug_info    0x000000000000dfb7      0x892 ./build/kernel/Drivers/Clock/HPET/HPETTimerImpl.o
 .debug_info    0x000000000000e849     0x1af7 ./build/kernel/Drivers/Generic/ACPI/ACPIMain.o
 .debug_info    0x0000000000010340      0xba8 ./build/kernel/Drivers/Generic/ACPI/ACPITimerImpl.o
 .debug_info    0x0000000000010ee8      0xaa5 ./build/kernel/Drivers/Generic/APIC/APICMain.o
 .debug_info    0x000000000001198d      0xf2a ./build/kernel/Drivers/Generic/APIC/IO.o
 .debug_info    0x00000000000128b7      0xa28 ./build/kernel/Drivers/Generic/APIC/Local.o
 .debug_info    0x00000000000132df      0xa9a ./build/kernel/Drivers/Generic/APIC/LocalAPICTimerImpl.o
 .debug_info    0x0000000000013d79     0x18c7 ./build/kernel/Drivers/Input/PS2LegacyController.o
 .debug_info    0x0000000000015640     0x144b ./build/kernel/Drivers/Input/PS2LegacyKeyboardImpl.o
 .debug_info    0x0000000000016a8b     0x1e68 ./build/kernel/Drivers/Storage/AHCI/AHCIControllerDeviceImpl.o
 .debug_info    0x00000000000188f3      0x78b ./build/kernel/Drivers/Storage/AHCI/AHCIMain.o
 .debug_info    0x000000000001907e     0x1e3f ./build/kernel/Drivers/Storage/AHCI/SATADiskDeviceImpl.o
 .debug_info    0x000000000001aebd      0x66a ./build/kernel/Drivers/Video.o
 .debug_info    0x000000000001b527      0xa1d ./build/kernel/Fs/DiskDeviceImpl.o
 .debug_info    0x000000000001bf44      0xc19 ./build/kernel/Input/ConsoleImpl.o
 .debug_info    0x000000000001cb5d      0x4e8 ./build/kernel/Input/KeyCode.o
 .debug_info    0x000000000001d045      0x4c1 ./build/kernel/libkern/printf.o
 .debug_info    0x000000000001d506      0x221 ./build/kernel/libkern/sprintf.o
 .debug_info    0x000000000001d727     0x16d5 ./build/kernel/Memory/Memory.o
 .debug_info    0x000000000001edfc     0x1a26 ./build/kernel/Memory/Page.o
 .debug_info    0x0000000000020822     0x1172 ./build/kernel/Memory/PageAllocation.o
 .debug_info    0x0000000000021994      0xcd4 ./build/kernel/Memory/SlabAllocatorImpl.o
 .debug_info    0x0000000000022668     0x1625 ./build/kernel/Memory/Slub.o
 .debug_info    0x0000000000023c8d       0xf3 ./build/kernel/Panic.o
 .debug_info    0x0000000000023d80     0x162a ./build/kernel/Process/ActivityImpl.o
 .debug_info    0x00000000000253aa     0x11ba ./build/kernel/Process/ActivityManagement.o
 .debug_info    0x0000000000026564     0x187f ./build/kernel/Process/ProcessImpl.o
 .debug_info    0x0000000000027de3     0x16be ./build/kernel/Process/Scheduler.o
 .debug_info    0x00000000000294a1     0x1f05 ./build/kernel/Process/SchedulerImpl.o
 .debug_info    0x000000000002b3a6      0x8d3 ./build/kernel/Runtime.o
 .debug_info    0x000000000002bc79      0xa84 ./build/kernel/String.o
 .debug_info    0x000000000002c6fd     0x1fe2 ./build/kernel/System.o
 .debug_info    0x000000000002e6df       0x79 ./build/kernel/Video/FrameBufferPresenterImpl.o
 .debug_info    0x000000000002e758      0xdd9 ./build/kernel/Video/TextModePresenterImpl.o
 .debug_info    0x000000000002f531      0x19d ./build/kernel/Video/VideoControllerImpl.o
 .debug_info    0x000000000002f6ce      0x6d3 ./build/kernel/Video/VideoPresenterImpl.o

.debug_abbrev   0x0000000000000000     0xcc01
 .debug_abbrev  0x0000000000000000      0x160 ./build/kernel/Arch/x86_64/Arch.o
 .debug_abbrev  0x0000000000000160      0x42d ./build/kernel/Arch/x86_64/BootX64.o
 .debug_abbrev  0x000000000000058d      0x35d ./build/kernel/Arch/x86_64/CPU.o
 .debug_abbrev  0x00000000000008ea      0x236 ./build/kernel/Arch/x86_64/GDT.o
 .debug_abbrev  0x0000000000000b20      0x1cc ./build/kernel/Arch/x86_64/IDT.o
 .debug_abbrev  0x0000000000000cec      0x2a5 ./build/kernel/Arch/x86_64/Interrupts.o
 .debug_abbrev  0x0000000000000f91      0x56a ./build/kernel/Arch/x86_64/MMU.o
 .debug_abbrev  0x00000000000014fb      0x13a ./build/kernel/Arch/x86_64/PIC.o
 .debug_abbrev  0x0000000000001635      0x19a ./build/kernel/Arch/x86_64/PIT.o
 .debug_abbrev  0x00000000000017cf      0x45f ./build/kernel/Arch/x86_64/SchedulerArchImpl.o
 .debug_abbrev  0x0000000000001c2e      0x21c ./build/kernel/Arch/x86_64/SMBIOS.o
 .debug_abbrev  0x0000000000001e4a      0x52d ./build/kernel/Arch/x86_64/SMP.o
 .debug_abbrev  0x0000000000002377      0x301 ./build/kernel/Arch/x86_64/TaskStateSegment.o
 .debug_abbrev  0x0000000000002678      0x31d ./build/kernel/Device/DeviceImpl.o
 .debug_abbrev  0x0000000000002995      0x43d ./build/kernel/Device/DeviceManagement.o
 .debug_abbrev  0x0000000000002dd2      0x4b1 ./build/kernel/Device/DeviceStaticImpl.o
 .debug_abbrev  0x0000000000003283      0x49f ./build/kernel/Drivers/Bus/PCI/PCIDeviceImpl.o