discarding zero address range FDE in ./build/kernel/Device/DeviceStaticImpl.o(.eh_frame).
discarding zero address range FDE in ./build/kernel/Device/DeviceStaticImpl.o(.eh_frame).
discarding zero address range FDE in ./build/kernel/Device/DeviceStaticImpl.o(.eh_frame).
discarding zero address range FDE in ./build/kernel/Drivers/Bus/PCI/PCIDeviceProviderImpl.o(.eh_frame).
discarding zero address range FDE in ./build/kernel/Drivers/Bus/PCI/PCIDeviceProviderImpl.o(.eh_frame).

Discarded input sections

 .comment       0x0000000000000000       0x13 ./build/kernel/Arch/x86_64/Arch.o
 .comment       0x0000000000000000       0x13 ./build/kernel/Arch/x86_64/BootX64.o
 .comment       0x0000000000000000       0x13 ./build/kernel/Arch/x86_64/CPU.o
 .comment       0x0000000000000000       0x13 ./build/kernel/Arch/x86_64/GDT.o
 .comment       0x0000000000000000       0x13 ./build/kernel/Arch/x86_64/IDT.o
 .comment       0x0000000000000000       0x13 ./build/kernel/Arch/x86_64/Interrupts.o
 .comment       0x0000000000000000       0x13 ./build/kernel/Arch/x86_64/MMU.o
 .comment       0x0000000000000000       0x13 ./build/kernel/Arch/x86_64/PIC.o
 .comment       0x0000000000000000       0x13 ./build/kernel/Arch/x86_64/PIT.o
 .comment       0x0000000000000000       0x13 ./build/kernel/Arch/x86_64/SchedulerArchImpl.o
 .comment       0x0000000000000000       0x13 ./build/kernel/Arch/x86_64/SMBIOS.o
 .comment       0x0000000000000000       0x13 ./build/kernel/Arch/x86_64/SMP.o
 .comment       0x0000000000000000       0x13 ./build/kernel/Arch/x86_64/TaskStateSegment.o
 .comment       0x0000000000000000       0x13 ./build/kernel/Device/ComputerDeviceImpl.o
 .group         0x0000000000000000        0xc ./build/kernel/Device/DeviceImpl.o
 .comment       0x0000000000000000       0x13 ./build/kernel/Device/DeviceImpl.o
 .group         0x0000000000000000        0x8 ./build/kernel/Device/DeviceManagement.o
 .comment       0x0000000000000000       0x13 ./build/kernel/Device/DeviceManagement.o
 .group         0x0000000000000000        0x8 ./build/kernel/Device/DeviceStaticImpl.o
 .comment       0x0000000000000000       0x13 ./build/kernel/Device/DeviceStaticImpl.o
 .group         0x0000000000000000        0xc ./build/kernel/Drivers/Bus/PCI/PCIDeviceImpl.o
 .group         0x0000000000000000        0xc ./build/kernel/Drivers/Bus/PCI/PCIDeviceImpl.o
 .comment       0x0000000000000000       0x13 ./build/kernel/Drivers/Bus/PCI/PCIDeviceImpl.o
 .group         0x0000000000000000        0xc ./build/kernel/Drivers/Bus/PCI/PCIDeviceProviderImpl.o
 .comment       0x0000000000000000       0x13 ./build/kernel/Drivers/Bus/PCI/PCIDeviceProviderImpl.o
 .comment       0x0000000000000000       0x13 ./build/kernel/Drivers/Bus/PCI/PCIMain.o
 .group         0x0000000000000000        0xc ./build/kernel/Drivers/Clock/HPET/HPETTimerImpl.o
 .comment       0x0000000000000000       0x13 ./build/kernel/Drivers/Clock/HPET/HPETTimerImpl.o
 .group         0x0000000000000000        0x8 ./build/kernel/Drivers/Generic/ACPI/ACPIMain.o
 .comment       0x0000000000000000       0x13 ./build/kernel/Drivers/Generic/ACPI/ACPIMain.o
 .group         0x0000000000000000        0xc ./build/kernel/Drivers/Generic/ACPI/ACPITimerImpl.o
 .comment       0x0000000000000000       0x13 ./build/kernel/Drivers/Generic/ACPI/ACPITimerImpl.o
 .comment       0x0000000000000000       0x13 ./build/kernel/Drivers/Generic/ACPI/MADTMain.o
 .comment       0x0000000000000000       0x13 ./build/kernel/Drivers/Generic/APIC/APICMain.o
 .comment       0x0000000000000000       0x13 ./build/kernel/Drivers/Generic/APIC/IO.o
 .comment       0x0000000000000000       0x13 ./build/kernel/Drivers/Generic/APIC/Local.o
 .group         0x0000000000000000        0xc ./build/kernel/Drivers/Generic/APIC/LocalAPICTimerImpl.o
 .comment       0x0000000000000000       0x13 ./build/kernel/Drivers/Generic/APIC/LocalAPICTimerImpl.o
 .group         0x0000000000000000        0xc ./build/kernel/Drivers/Input/PS2LegacyController.o
 .group         0x0000000000000000        0xc ./build/kernel/Drivers/Input/PS2LegacyController.o
 .comment       0x0000000000000000       0x13 ./build/kernel/Drivers/Input/PS2LegacyController.o
 .group         0x0000000000000000        0xc ./build/kernel/Drivers/Input/PS2LegacyKeyboardImpl.o
 .group         0x0000000000000000        0xc ./build/kernel/Drivers/Input/PS2LegacyKeyboardImpl.o
 .comment       0x0000000000000000       0x13 ./build/kernel/Drivers/Input/PS2LegacyKeyboardImpl.o
 .group         0x0000000000000000        0xc ./build/kernel/Drivers/Storage/AHCI/AHCIControllerDeviceImpl.o
 .comment       0x0000000000000000       0x13 ./build/kernel/Drivers/Storage/AHCI/AHCIControllerDeviceImpl.o
 .comment       0x0000000000000000       0x13 ./build/kernel/Drivers/Storage/AHCI/AHCIMain.o
 .group         0x0000000000000000        0xc ./build/kernel/Drivers/Storage/AHCI/SATADiskDeviceImpl.o
 .group         0x0000000000000000        0xc ./build/kernel/Drivers/Storage/AHCI/SATADiskDeviceImpl.o
 .comment       0x0000000000000000       0x13 ./build/kernel/Drivers/Storage/AHCI/SATADiskDeviceImpl.o
 .comment       0x0000000000000000       0x13 ./build/kernel/Drivers/Video.o
 .comment       0x0000000000000000       0x13 ./build/kernel/Event.o
 .group         0x0000000000000000        0xc ./build/kernel/Fs/DiskDeviceImpl.o
 .comment       0x0000000000000000       0x13 ./build/kernel/Fs/DiskDeviceImpl.o
 .comment       0x0000000000000000       0x13 ./build/kernel/Input/ConsoleImpl.o
 .comment       0x0000000000000000       0x13 ./build/kernel/Input/KeyCode.o
 .comment       0x0000000000000000       0x13 ./build/kernel/libkern/printf.o
 .comment       0x0000000000000000       0x13 ./build/kernel/libkern/sprintf.o
 .comment       0x0000000000000000       0x13 ./build/kernel/Memory/Memory.o
 .comment       0x0000000000000000       0x13 ./build/kernel/Memory/Page.o
 .comment       0x0000000000000000       0x13 ./build/kernel/Memory/PageAllocation.o
 .comment       0x0000000000000000       0x13 ./build/kernel/Memory/SlabAllocatorImpl.o
 .comment       0x0000000000000000       0x13 ./build/kernel/Memory/Slub.o
 .comment       0x0000000000000000       0x13 ./build/kernel/Panic.o
 .comment       0x0000000000000000       0x13 ./build/kernel/Process/ActivityImpl.o
 .group         0x0000000000000000        0x8 ./build/kernel/Process/ActivityManagement.o
 .comment       0x0000000000000000       0x13 ./build/kernel/Process/ActivityManagement.o
 .comment       0x0000000000000000       0x13 ./build/kernel/Process/ProcessImpl.o
 .comment       0x0000000000000000       0x13 ./build/kernel/Process/Scheduler.o
 .comment       0x0000000000000000       0x13 ./build/kernel/Process/SchedulerImpl.o
 .comment       0x0000000000000000       0x13 ./build/kernel/Runtime.o
 .comment       0x0000000000000000       0x13 ./build/kernel/String.o
 .comment       0x0000000000000000       0x13 ./build/kernel/System.o
 .comment       0x0000000000000000       0x13 ./build/kernel/Video/FrameBufferPresenterImpl.o
 .group         0x0000000000000000        0xc ./build/kernel/Video/TextModePresenterImpl.o
 .comment       0x0000000000000000       0x13 ./build/kernel/Video/TextModePresenterImpl.o
 .comment       0x0000000000000000       0x13 ./build/kernel/Video/VideoControllerImpl.o

Memory Configuration

Name             Origin             Length             Attributes
*default*        0x0000000000000000 0xffffffffffffffff

Linker script and memory map

                0xffffffff80000000                KERNEL_VMA = 0xffffffff80000000
                0x0000000000100000                . = 0x100000

.boot.text      0x0000000000100000       0x44
 *(.boot.text)
 .boot.text     0x0000000000100000       0x44 ./build/kernel/Arch/x86_64/Header.o

.boot.data      0x0000000000100044      0xfbc
 *(.boot.data)
                0x0000000000101000                . = ALIGN (0x1000)
 *fill*         0x0000000000100044      0xfbc 
                0xffffffff80101000                . = (. + KERNEL_VMA)
                0xffffffff80101000                KERNEL_START_ADDR = .

.stivalehdr
 *(.stivalehdr)

.stivale2hdr    0xffffffff80101000       0x20 load address 0x0000000000101000
 *(.stivale2hdr)
 .stivale2hdr   0xffffffff80101000       0x20 ./build/kernel/Arch/x86_64/Header.o

.text           0xffffffff80102000     0x8abb load address 0x0000000000102000
 *(.text*)
 .text          0xffffffff80102000       0x3b ./build/kernel/Arch/x86_64/Arch.o
                0xffffffff80102000                System::Reboot()
                0xffffffff80102020                System::Shutdown()
                0xffffffff80102030                Halt()
 *fill*         0xffffffff8010203b        0x5 
 .text          0xffffffff80102040      0x37b ./build/kernel/Arch/x86_64/BootX64.o
                0xffffffff80102160                Boot::multiboot2(BootInfo*, multiboot2_info_header_t*)
                0xffffffff80102170                Boot::stivale2(BootInfo*, stivale2_struct*)
                0xffffffff80102340                Boot::Start()
                0xffffffff80102370                kload_stivale2
 *fill*         0xffffffff801023bb        0x5 
 .text          0xffffffff801023c0       0x83 ./build/kernel/Arch/x86_64/CPU.o
                0xffffffff801023c0                CurrentCPU()
                0xffffffff801023e0                CPUID()
                0xffffffff80102410                SetCPULocal(CPU*)
                0xffffffff80102430                GetCPULocal()
 *fill*         0xffffffff80102443        0xd 
 .text          0xffffffff80102450       0x62 ./build/kernel/Arch/x86_64/GDT.o
                0xffffffff80102450                GDT::Initialize()
 *fill*         0xffffffff801024b2        0xe 
 .text          0xffffffff801024c0       0xd7 ./build/kernel/Arch/x86_64/IDT.o
                0xffffffff801024c0                IDT::SetGate(unsigned char, unsigned long, unsigned short, unsigned char, unsigned char)
                0xffffffff80102510                IDT::Initialize()
 *fill*         0xffffffff80102597        0x9 
 .text          0xffffffff801025a0      0x13b ./build/kernel/Arch/x86_64/Interrupts.o
                0xffffffff801025a0                UnhandlededException(InterruptData*, RegisterContext*)
                0xffffffff801025c0                DispatchInterrupts
                0xffffffff801026a0                RegisterIRQ(unsigned char, void (*)(InterruptData*, RegisterContext*))
 *fill*         0xffffffff801026db        0x5 
 .text          0xffffffff801026e0      0x956 ./build/kernel/Arch/x86_64/MMU.o
                0xffffffff801026e0                Memory::Paging::PageFaultHandler(InterruptData*, RegisterContext*)
                0xffffffff801026f0                Memory::Paging::InitializeVirtualMemory()
                0xffffffff80102940                Memory::Paging::IsPagePresent(Memory::Paging::VirtualPages*, unsigned long)
                0xffffffff801029d0                Memory::Paging::DestroyPagemap()
                0xffffffff801029e0                Memory::Paging::MapVirtualMemory4K(Memory::Paging::VirtualPages*, unsigned long, unsigned long, unsigned long, unsigned long)
                0xffffffff801029f0                Memory::Paging::Allocate4KPages(Memory::Paging::VirtualPages*, unsigned long)
                0xffffffff80102a00                Memory::Paging::Free4KPages(Memory::Paging::VirtualPages*, unsigned long, unsigned long)
                0xffffffff80102a10                Memory::Paging::KernelAllocate4KPages(unsigned long)
                0xffffffff80102c20                Memory::Paging::KernelMapVirtualMemory4K(unsigned long, unsigned long, unsigned long, unsigned long)
                0xffffffff80102e70                Memory::Paging::KernelMapVirtualMemory4K(unsigned long, unsigned long, unsigned long)
                0xffffffff80102e90                Memory::Paging::KernelFree4KPages(void*, unsigned long)
                0xffffffff80102ea0                Memory::Paging::ConvertVirtToPhys(Memory::Paging::VirtualPages*, unsigned long)
                0xffffffff80102f60                Memory::Paging::CreatePagemap()
                0xffffffff80102ff0                Memory::Paging::HandlePageFault(void*, RegisterContext*)
                0xffffffff80103000                Memory::GetIOMapping(unsigned long)
 *fill*         0xffffffff80103036        0xa 
 .text          0xffffffff80103040       0xec ./build/kernel/Arch/x86_64/PIC.o
                0xffffffff80103040                PIC::Initialize()
                0xffffffff801030f0                PIC::Disable()
                0xffffffff80103110                RestoreInterrupts(int)
 *fill*         0xffffffff8010312c        0x4 
 .text          0xffffffff80103130       0x36 ./build/kernel/Arch/x86_64/PIT.o
                0xffffffff80103130                PIT::TimerTickHandler(void*, RegisterContext*)
                0xffffffff80103140                PIT::Initialize(unsigned int)
 *fill*         0xffffffff80103166        0xa 
 .text          0xffffffff80103170       0x86 ./build/kernel/Arch/x86_64/SchedulerArchImpl.o
                0xffffffff80103170                Task::Scheduler::SwitchThread(Task::Thread*)
 *fill*         0xffffffff801031f6        0xa 
 .text          0xffffffff80103200      0x16d ./build/kernel/Arch/x86_64/SMBIOS.o
                0xffffffff80103200                SMBIOS::Initialize()
 *fill*         0xffffffff8010336d        0x3 
 .text          0xffffffff80103370      0x41f ./build/kernel/Arch/x86_64/SMP.o
                0xffffffff80103370                SMP::TrampolineEntry(unsigned short)
                0xffffffff80103450                SMP::InitializeProcessor(unsigned short)
                0xffffffff80103610                SMP::Initialize()
 *fill*         0xffffffff8010378f        0x1 
 .text          0xffffffff80103790       0xbd ./build/kernel/Arch/x86_64/TaskStateSegment.o
                0xffffffff80103790                TSS::Initialize(TaskStateSegment*, void*)
 .text          0xffffffff8010384d        0x0 ./build/kernel/Device/ComputerDeviceImpl.o
 *fill*         0xffffffff8010384d        0x3 
 .text          0xffffffff80103850       0x36 ./build/kernel/Device/DeviceImpl.o
                0xffffffff80103850                Device::Device(char const*, DeviceBus, DeviceType)
                0xffffffff80103850                Device::Device(char const*, DeviceBus, DeviceType)
 .text          0xffffffff80103886        0x0 ./build/kernel/Device/DeviceManagement.o
 *fill*         0xffffffff80103886        0xa 
 .text._ZN14SizedArrayListI10LinkedListIP6DeviceELi20EED2Ev
                0xffffffff80103890       0x24 ./build/kernel/Device/DeviceManagement.o
                0xffffffff80103890                SizedArrayList<LinkedList<Device*>, 20>::~SizedArrayList()
                0xffffffff80103890                SizedArrayList<LinkedList<Device*>, 20>::~SizedArrayList()
 *fill*         0xffffffff801038b4        0xc 
 .text.startup  0xffffffff801038c0       0x8f ./build/kernel/Device/DeviceManagement.o
 *fill*         0xffffffff8010394f        0x1 
 .text          0xffffffff80103950      0x111 ./build/kernel/Device/DeviceStaticImpl.o
                0xffffffff80103950                Device::RegisterDevice(Device*)
                0xffffffff80103a60                Device::EnumerateDevice(DeviceType)
 *fill*         0xffffffff80103a61        0x1 
 .text.unlikely
                0xffffffff80103a62        0x0 ./build/kernel/Device/DeviceStaticImpl.o
                0xffffffff80103a62                Device::GetDevice(char const*)
                0xffffffff80103a62                Device::GetProvider(DeviceBus)
                0xffffffff80103a62                Device::GetDevice(unsigned long)
 *fill*         0xffffffff80103a62        0xe 
 .text.startup  0xffffffff80103a70       0x8f ./build/kernel/Device/DeviceStaticImpl.o
 *fill*         0xffffffff80103aff        0x1 
 .text          0xffffffff80103b00      0x115 ./build/kernel/Drivers/Bus/PCI/PCIDeviceImpl.o
                0xffffffff80103b00                PCI::PCIDevice::Enable()
                0xffffffff80103b00                PCI::PCIDevice::Disable()
                0xffffffff80103b10                PCI::PCIDevice::PCIDevice(unsigned char, unsigned char, unsigned char, unsigned char, unsigned char)
                0xffffffff80103b10                PCI::PCIDevice::PCIDevice(unsigned char, unsigned char, unsigned char, unsigned char, unsigned char)
                0xffffffff80103c00                PCI::PCIDevice::~PCIDevice()
                0xffffffff80103c00                PCI::PCIDevice::~PCIDevice()
 *fill*         0xffffffff80103c15        0xb 
 .text          0xffffffff80103c20      0x1f1 ./build/kernel/Drivers/Bus/PCI/PCIDeviceProviderImpl.o
                0xffffffff80103c20                PCI::PCIDeviceProvider::~PCIDeviceProvider()
                0xffffffff80103c20                PCI::PCIDeviceProvider::~PCIDeviceProvider()
                0xffffffff80103c40                PCI::PCIDeviceProvider::ConnectDevice(unsigned char, unsigned char, unsigned char)
                0xffffffff80103de0                PCI::PCIDeviceProvider::FindGenericDevice(unsigned short, unsigned short)
                0xffffffff80103e00                PCI::PCIDeviceProvider::EnumerateDevice(unsigned short, unsigned short, void (*)(PCI::PCIInfo&))
                0xffffffff80103e10                PCI::PCIDeviceProvider::EnumerateGenericDevice(unsigned char, unsigned char, void (*)(PCI::PCIInfo&))
 *fill*         0xffffffff80103e11        0x1 
 .text.unlikely
                0xffffffff80103e12       0x58 ./build/kernel/Drivers/Bus/PCI/PCIDeviceProviderImpl.o
                0xffffffff80103e12                PCI::PCIDeviceProvider::PCIDeviceProvider()
                0xffffffff80103e12                PCI::PCIDeviceProvider::FindName(char const*)
                0xffffffff80103e12                PCI::PCIDeviceProvider::PCIDeviceProvider()
                0xffffffff80103e6a                PCI::PCIDeviceProvider::FindDevice(unsigned short, unsigned short)
 *fill*         0xffffffff80103e6a        0x6 
 .text          0xffffffff80103e70      0x373 ./build/kernel/Drivers/Bus/PCI/PCIMain.o
                0xffffffff80103e70                PCI::MsiCapSetData(PCI::MSICapability*, unsigned int)
                0xffffffff80103e90                PCI::MsiCapGetData(PCI::MSICapability*)
                0xffffffff80103eb0                PCI::MsiCapSetAddress(PCI::MSICapability*, int)
                0xffffffff80103ed0                PCI::ConfigReadDword(unsigned char, unsigned char, unsigned char, unsigned char)
                0xffffffff80103f10                PCI::ConfigReadWord(unsigned char, unsigned char, unsigned char, unsigned char)
                0xffffffff80103f50                PCI::ConfigReadByte(unsigned char, unsigned char, unsigned char, unsigned char)
                0xffffffff80103f90                PCI::ConfigWriteDword(unsigned char, unsigned char, unsigned char, unsigned char, unsigned int)
                0xffffffff80103fd0                PCI::ConfigWriteWord(unsigned char, unsigned char, unsigned char, unsigned char, unsigned short)
                0xffffffff80104030                PCI::ConfigWriteByte(unsigned char, unsigned char, unsigned char, unsigned char, unsigned char)
                0xffffffff80104090                PCI::GetVendor(unsigned char, unsigned char, unsigned char)
                0xffffffff801040c0                PCI::GetDeviceID(unsigned char, unsigned char, unsigned char)
                0xffffffff801040f0                PCI::GetClassCode(unsigned char, unsigned char, unsigned char)
                0xffffffff80104120                PCI::GetSubclass(unsigned char, unsigned char, unsigned char)
                0xffffffff80104150                PCI::GetProgIf(unsigned char, unsigned char, unsigned char)
                0xffffffff80104180                PCI::GetHeaderType(unsigned char, unsigned char, unsigned char)
                0xffffffff801041b0                PCI::CheckDevice(unsigned char, unsigned char, unsigned char)
 *fill*         0xffffffff801041e3        0xd 
 .text          0xffffffff801041f0      0x126 ./build/kernel/Drivers/Clock/HPET/HPETTimerImpl.o
                0xffffffff801041f0                HPETTimer::Tick()
                0xffffffff80104200                HPETTimer::CurrentTime(TimeSpan)
                0xffffffff80104210                HPETTimer::Sleep(long)
                0xffffffff801042c0                HPETTimer::HPETTimer()
                0xffffffff801042c0                HPETTimer::HPETTimer()
 *fill*         0xffffffff80104316        0xa 
 .text          0xffffffff80104320      0x406 ./build/kernel/Drivers/Generic/ACPI/ACPIMain.o
                0xffffffff80104320                ACPI::FindTableByName(char const*, int)
                0xffffffff80104490                ACPI::Initialize()
                0xffffffff801046d0                ACPI::GetRemapIRQ(unsigned int)
 *fill*         0xffffffff80104726        0xa 
 .text._ZN13KeyValueTableImmED2Ev
                0xffffffff80104730        0x8 ./build/kernel/Drivers/Generic/ACPI/ACPIMain.o
                0xffffffff80104730                KeyValueTable<unsigned long, unsigned long>::~KeyValueTable()
                0xffffffff80104730                KeyValueTable<unsigned long, unsigned long>::~KeyValueTable()
 *fill*         0xffffffff80104738        0x8 
 .text.startup  0xffffffff80104740       0x88 ./build/kernel/Drivers/Generic/ACPI/ACPIMain.o
 *fill*         0xffffffff801047c8        0x8 
 .text          0xffffffff801047d0      0x1f1 ./build/kernel/Drivers/Generic/ACPI/ACPITimerImpl.o
                0xffffffff801047d0                ACPITimer::Tick()
                0xffffffff801047e0                ACPITimer::CurrentTime(TimeSpan)
                0xffffffff801047f0                ACPITimer::Sleep(long)
                0xffffffff80104920                ACPITimer::ACPITimer()
                0xffffffff80104920                ACPITimer::ACPITimer()
                0xffffffff801049c0                ACPITimer::~ACPITimer()
                0xffffffff801049c0                ACPITimer::~ACPITimer()
 .text          0xffffffff801049c1        0x0 ./build/kernel/Drivers/Generic/ACPI/MADTMain.o
 *fill*         0xffffffff801049c1        0xf 
 .text          0xffffffff801049d0      0x281 ./build/kernel/Drivers/Generic/APIC/APICMain.o
                0xffffffff801049d0                APIC::Initialize()
 *fill*         0xffffffff80104c51        0xf 
 .text          0xffffffff80104c60      0x33a ./build/kernel/Drivers/Generic/APIC/IO.o
                0xffffffff80104c60                APIC::IO::WriteData32(unsigned int, unsigned int)
                0xffffffff80104c80                APIC::IO::ReadData32(unsigned int)
                0xffffffff80104ca0                APIC::IO::WriteData64(unsigned int, unsigned long)
                0xffffffff80104cd0                APIC::IO::ReadData64(unsigned int)
                0xffffffff80104d00                APIC::IO::Initialize()
                0xffffffff80104e00                APIC::IO::Redirect(unsigned char, unsigned char, unsigned int)
                0xffffffff80104e40                APIC::IO::SetBase(unsigned long)
                0xffffffff80104e50                APIC::IO::MapLegacyIRQ(unsigned char)
                0xffffffff80104ec0                APIC::IO::EnableInterrupt(unsigned char)
 *fill*         0xffffffff80104f9a        0x6 
 .text          0xffffffff80104fa0      0x205 ./build/kernel/Drivers/Generic/APIC/Local.o
                0xffffffff80104fa0                SpuriousInterruptHandler(InterruptData*, RegisterContext*)
                0xffffffff80104fc0                APIC::Local::WriteBase(unsigned long)
                0xffffffff80104fe0                APIC::Local::ReadBase()
                0xffffffff80105010                APIC::Local::WriteData(unsigned int, unsigned int)
                0xffffffff80105030                APIC::Local::ReadData(unsigned int)
                0xffffffff80105050                APIC::Local::SendIPI(unsigned char, unsigned int)
                0xffffffff80105080                APIC::Local::SendIPI(unsigned char, unsigned int, unsigned int, unsigned char)
                0xffffffff801050c0                APIC::Local::Enable()
                0xffffffff801050e0                APIC::Local::Initialize()
                0xffffffff80105190                APIC::Local::EndOfInterrupt()
 *fill*         0xffffffff801051a5        0xb 
 .text          0xffffffff801051b0      0x203 ./build/kernel/Drivers/Generic/APIC/LocalAPICTimerImpl.o
                0xffffffff801051b0                TimerTickHandler(InterruptData*, RegisterContext*)
                0xffffffff801051c0                LocalAPICTimer::Tick()
                0xffffffff801051d0                LocalAPICTimer::Sleep(long)
                0xffffffff801051e0                LocalAPICTimer::CurrentTime(TimeSpan)
                0xffffffff80105210                LocalAPICTimer::EstimateBusSpeed()
                0xffffffff80105300                LocalAPICTimer::LocalAPICTimer()
                0xffffffff80105300                LocalAPICTimer::LocalAPICTimer()
                0xffffffff80105390                LocalAPICTimer::~LocalAPICTimer()
                0xffffffff80105390                LocalAPICTimer::~LocalAPICTimer()
 *fill*         0xffffffff801053b3        0xd 
 .text          0xffffffff801053c0      0x231 ./build/kernel/Drivers/Input/PS2LegacyController.o
                0xffffffff801053c0                Input::PS2LegacyController::Disable()
                0xffffffff801053c0                Input::PS2LegacyController::Enable()
                0xffffffff801053d0                Input::PS2LegacyController::PS2LegacyController()
                0xffffffff801053d0                Input::PS2LegacyController::PS2LegacyController()
                0xffffffff801055c0                Input::PS2LegacyController::~PS2LegacyController()
                0xffffffff801055c0                Input::PS2LegacyController::~PS2LegacyController()
                0xffffffff801055e0                Input::PS2LegacyController::SendCommand(unsigned char)
 *fill*         0xffffffff801055f1        0xf 
 .text          0xffffffff80105600      0x105 ./build/kernel/Drivers/Input/PS2LegacyKeyboardImpl.o
                0xffffffff80105600                Input::PS2LegacyKeyboard::Enable()
                0xffffffff80105600                Input::PS2LegacyKeyboard::Disable()
                0xffffffff80105610                Input::KeyHandler(InterruptData*, RegisterContext*)
                0xffffffff80105680                Input::PS2LegacyKeyboard::PS2LegacyKeyboard()
                0xffffffff80105680                Input::PS2LegacyKeyboard::PS2LegacyKeyboard()
                0xffffffff801056f0                Input::PS2LegacyKeyboard::~PS2LegacyKeyboard()
                0xffffffff801056f0                Input::PS2LegacyKeyboard::~PS2LegacyKeyboard()
 *fill*         0xffffffff80105705        0xb 
 .text          0xffffffff80105710      0x39d ./build/kernel/Drivers/Storage/AHCI/AHCIControllerDeviceImpl.o
                0xffffffff80105710                AHCI::AHCIControllerDevice::Disable()
                0xffffffff80105710                AHCI::AHCIControllerDevice::Enable()
                0xffffffff80105720                AHCI::AHCIControllerDevice::AHCIControllerDevice(PCI::PCIInfo)
                0xffffffff80105720                AHCI::AHCIControllerDevice::AHCIControllerDevice(PCI::PCIInfo)
 *fill*         0xffffffff80105aad        0x3 
 .text          0xffffffff80105ab0       0xc5 ./build/kernel/Drivers/Storage/AHCI/AHCIMain.o
                0xffffffff80105ab0                AHCI::Initialize()
 *fill*         0xffffffff80105b75        0xb 
 .text          0xffffffff80105b80      0x399 ./build/kernel/Drivers/Storage/AHCI/SATADiskDeviceImpl.o
                0xffffffff80105b80                AHCI::SATADiskDevice::Enable()
                0xffffffff80105b80                AHCI::SATADiskDevice::Disable()
                0xffffffff80105b90                AHCI::SATADiskDevice::SATADiskDevice(int, AHCI::HBAPortRegisters*, AHCI::AHCIControllerDevice*)
                0xffffffff80105b90                AHCI::SATADiskDevice::SATADiskDevice(int, AHCI::HBAPortRegisters*, AHCI::AHCIControllerDevice*)
                0xffffffff80105cc0                AHCI::SATADiskDevice::~SATADiskDevice()
                0xffffffff80105cc0                AHCI::SATADiskDevice::~SATADiskDevice()
                0xffffffff80105ce0                AHCI::SATADiskDevice::Access(unsigned long, unsigned int, unsigned long, int)
                0xffffffff80105ea0                AHCI::SATADiskDevice::Read(unsigned long, unsigned int, void*)
                0xffffffff80105eb0                AHCI::SATADiskDevice::Write(unsigned long, unsigned int, void*)
                0xffffffff80105ed0                AHCI::SATADiskDevice::StartCommand()
                0xffffffff80105ee0                AHCI::SATADiskDevice::FindCommandSlot()
                0xffffffff80105f10                AHCI::SATADiskDevice::StopCommand()
 *fill*         0xffffffff80105f19        0x7 
 .text          0xffffffff80105f20      0x3a6 ./build/kernel/Drivers/Video.o
                0xffffffff80105f20                Video::Initialize()
                0xffffffff80105f60                Video::Newline()
                0xffffffff80105fe0                Video::CheckIfLineFulled()
                0xffffffff80106010                Video::ClearScreen()
                0xffffffff80106060                Video::WriteChar(char)
                0xffffffff801060c0                Video::WriteText(char const*)
                0xffffffff801061d0                Video::WriteText(char const*, unsigned long)
 .text          0xffffffff801062c6        0x0 ./build/kernel/Event.o
 *fill*         0xffffffff801062c6        0xa 
 .text          0xffffffff801062d0        0x1 ./build/kernel/Fs/DiskDeviceImpl.o
                0xffffffff801062d0                DiskDevice::Disable()
                0xffffffff801062d0                DiskDevice::Enable()
 *fill*         0xffffffff801062d1        0xf 
 .text          0xffffffff801062e0      0x45f ./build/kernel/Input/ConsoleImpl.o
                0xffffffff801062e0                Console::Console()
                0xffffffff801062e0                Console::Console()
                0xffffffff80106340                Console::~Console()
                0xffffffff80106340                Console::~Console()
                0xffffffff80106350                Console::Render()
                0xffffffff80106360                Console::RenderModifiers()
                0xffffffff801064a0                Console::Refresh()
                0xffffffff80106500                Console::AddChar(char)
                0xffffffff801065b0                Console::AcceptKey(Input::Key, bool)
                0xffffffff80106720                ConsoleKeyEventHandler(Input::Key, bool)
 *fill*         0xffffffff8010673f        0x1 
 .text          0xffffffff80106740       0xa7 ./build/kernel/Input/KeyCode.o
                0xffffffff80106740                Input::ApplyModifiers(Input::Key, unsigned char)
 *fill*         0xffffffff801067e7        0x9 
 .text          0xffffffff801067f0      0x3d5 ./build/kernel/libkern/printf.o
                0xffffffff801067f0                puts(char const*)
                0xffffffff80106830                vprintf(char const*, __va_list_tag*)
                0xffffffff80106b80                printf(char const*, ...)
 .text.unlikely
                0xffffffff80106bc5        0x2 ./build/kernel/libkern/printf.o
 *fill*         0xffffffff80106bc7        0x9 
 .text          0xffffffff80106bd0      0x1d7 ./build/kernel/libkern/sprintf.o
                0xffffffff80106bd0                itoa(int, char*, int)
                0xffffffff80106ce0                utoa(unsigned long, char*, int)
 *fill*         0xffffffff80106da7        0x9 
 .text          0xffffffff80106db0      0x354 ./build/kernel/Memory/Memory.o
                0xffffffff80106db0                Memory::Initialize()
 *fill*         0xffffffff80107104        0xc 
 .text.startup  0xffffffff80107110       0x41 ./build/kernel/Memory/Memory.o
 *fill*         0xffffffff80107151        0xf 
 .text          0xffffffff80107160      0x7b1 ./build/kernel/Memory/Page.o
                0xffffffff801071a0                Memory::BuddyInit()
                0xffffffff80107370                Memory::FreePhysMemory4K(unsigned long)
                0xffffffff80107380                Memory::FreePhysMemory4K(Memory::PageFrame*)
                0xffffffff80107390                Memory::ExpandPage(Memory::PageFrame*)
                0xffffffff80107530                Memory::AllocatePhysMemory4KOrdered(unsigned char)
                0xffffffff80107640                Memory::AllocatePhysMemory4K(unsigned long)
                0xffffffff801076d0                Memory::CombinePage(Memory::PageFrame*)
                0xffffffff80107910                Memory::CombinePage(Memory::PageFrame*, Memory::PageFrame*)
 *fill*         0xffffffff80107911        0xf 
 .text.startup  0xffffffff80107920       0x74 ./build/kernel/Memory/Page.o
 *fill*         0xffffffff80107994        0xc 
 .text          0xffffffff801079a0      0x1c1 ./build/kernel/Memory/PageAllocation.o
                0xffffffff801079a0                Memory::KernelAllocate4KPages(unsigned long, Memory::PageFrame**)
                0xffffffff80107a60                Memory::Allocate4KPages(unsigned long, Memory::PageFrame**)
                0xffffffff80107b50                Memory::Free4KPages(unsigned long)
                0xffffffff80107b60                Memory::Free4KPages(Memory::PageFrame*)
 *fill*         0xffffffff80107b61        0xf 
 .text          0xffffffff80107b70      0x2e1 ./build/kernel/Memory/SlabAllocatorImpl.o
                0xffffffff80107b70                Memory::SlabAllocator::SlabAllocator()
                0xffffffff80107b70                Memory::SlabAllocator::SlabAllocator()
                0xffffffff80107c30                Memory::SlabAllocator::~SlabAllocator()
                0xffffffff80107c30                Memory::SlabAllocator::~SlabAllocator()
                0xffffffff80107c40                Memory::SlabAllocator::Request4KPage(Memory::SlabCache*, unsigned long*)
                0xffffffff80107cf0                Memory::SlabAllocator::Allocate(unsigned long)
                0xffffffff80107e50                Memory::SlabAllocator::Free(unsigned long)
 *fill*         0xffffffff80107e51        0xf 
 .text          0xffffffff80107e60      0x531 ./build/kernel/Memory/Slub.o
                0xffffffff80107e60                Memory::SetPageSlub(Memory::SlabCache*, Memory::PageFrame*, unsigned long)
                0xffffffff80107ed0                Memory::Request4KPageMapped(Memory::SlabCache*, unsigned long*)
                0xffffffff80107fc0                Memory::SetCache(Memory::SlabCache*, int, unsigned long)
                0xffffffff80108090                Memory::Request4KPage(Memory::SlabCache*)
                0xffffffff801080d0                Memory::SlubGetCPU(Memory::SlabCache*)
                0xffffffff80108100                Memory::SlubGetCache(unsigned long)
                0xffffffff80108180                Memory::SlubGetPartial(Memory::SlabCache*)
                0xffffffff80108220                Memory::AllocateKernelObject(Memory::SlabCache*)
                0xffffffff801082c0                Memory::SlubInit()
                0xffffffff80108310                Memory::AllocateKernelObject(unsigned int)
                0xffffffff80108390                Memory::FreeKernelObject(unsigned long)
 .text.unlikely
                0xffffffff80108391       0x6d ./build/kernel/Memory/Slub.o
                0xffffffff80108391                Memory::SlabFillCpuSlot(Memory::SlabCPUCache*, Memory::PageFrame*)
 *fill*         0xffffffff801083fe        0x2 
 .text          0xffffffff80108400       0x13 ./build/kernel/Panic.o
                0xffffffff80108400                CallPanic(char const*)
 *fill*         0xffffffff80108413        0xd 
 .text          0xffffffff80108420      0x194 ./build/kernel/Process/ActivityImpl.o
                0xffffffff80108420                Task::Activity::Activity(char const*, Task::Process*)
                0xffffffff80108420                Task::Activity::Activity(char const*, Task::Process*)
                0xffffffff801084c0                Task::Activity::Activity(Task::Process*)
                0xffffffff801084c0                Task::Activity::Activity(Task::Process*)
                0xffffffff801084e0                Task::Activity::Add(Task::Process*)
                0xffffffff80108560                Task::Activity::CreateIfNull(Task::Process*)
 .text          0xffffffff801085b4        0x0 ./build/kernel/Process/ActivityManagement.o
 *fill*         0xffffffff801085b4        0xc 
 .text._ZN4Task8ActivityD2Ev
                0xffffffff801085c0        0x8 ./build/kernel/Process/ActivityManagement.o
                0xffffffff801085c0                Task::Activity::~Activity()
                0xffffffff801085c0                Task::Activity::~Activity()
 *fill*         0xffffffff801085c8        0x8 
 .text.startup  0xffffffff801085d0       0x61 ./build/kernel/Process/ActivityManagement.o
 *fill*         0xffffffff80108631        0xf 
 .text          0xffffffff80108640      0x141 ./build/kernel/Process/ProcessImpl.o
                0xffffffff80108640                Task::Process::Process()
                0xffffffff80108640                Task::Process::Process()
                0xffffffff80108660                Task::Process::Process(char const*, Fs::File*, unsigned int, Task::Activity*, Task::TaskType)
                0xffffffff80108660                Task::Process::Process(char const*, Fs::File*, unsigned int, Task::Activity*, Task::TaskType)
                0xffffffff80108750                Task::Process::~Process()
                0xffffffff80108750                Task::Process::~Process()
                0xffffffff80108760                Task::Process::Start()
                0xffffffff80108770                Task::Process::Suspend()
                0xffffffff80108780                Task::Process::Stop()
 *fill*         0xffffffff80108781        0xf 
 .text          0xffffffff80108790       0x22 ./build/kernel/Process/Scheduler.o
                0xffffffff80108790                Task::GetCurrentProcess()
 *fill*         0xffffffff801087b2        0xe 
 .text.startup  0xffffffff801087c0       0x68 ./build/kernel/Process/Scheduler.o
 *fill*         0xffffffff80108828        0x8 
 .text          0xffffffff80108830      0x352 ./build/kernel/Process/SchedulerImpl.o
                0xffffffff80108830                Task::Scheduler::~Scheduler()
                0xffffffff80108830                Task::Scheduler::~Scheduler()
                0xffffffff80108840                Task::Scheduler::NextPID()
                0xffffffff80108870                Task::Scheduler::Register(Task::Process*)
                0xffffffff801088f0                Task::Scheduler::Schedule()
                0xffffffff80108900                Task::Scheduler::CreateProcessEx(char const*, Task::Activity*, Task::TaskType, Fs::File*)
                0xffffffff801089f0                Task::Scheduler::CreateProcess(char const*, Task::Activity*)
                0xffffffff80108a10                Task::Scheduler::CreateIdleProcess()
                0xffffffff80108a30                Task::Scheduler::CreateELFProcess(Fs::File*)
                0xffffffff80108a50                Task::Scheduler::Scheduler()
                0xffffffff80108a50                Task::Scheduler::Scheduler()
                0xffffffff80108b10                Task::Scheduler::CreateThread(Task::Process*)
 *fill*         0xffffffff80108b82        0xe 
 .text          0xffffffff80108b90       0xbc ./build/kernel/Runtime.o
                0xffffffff80108b90                operator new(unsigned long)
                0xffffffff80108bb0                operator new[](unsigned long)
                0xffffffff80108bd0                operator delete(void*)
                0xffffffff80108bf0                operator delete(void*, unsigned long)
                0xffffffff80108c10                operator delete[](void*)
                0xffffffff80108c30                operator delete[](void*, unsigned long)
 *fill*         0xffffffff80108c4c        0x4 
 .text          0xffffffff80108c50      0x52b ./build/kernel/String.o
                0xffffffff80108c50                memset
                0xffffffff80108c70                memcpy
                0xffffffff80108cf0                memcmp
                0xffffffff80108d30                strcpy
                0xffffffff80108d50                strncpy
                0xffffffff80108d80                strlen
                0xffffffff80108db0                strcmp
                0xffffffff80108df0                strncmp
                0xffffffff80108e30                strchr
                0xffffffff80108e60                strnchr
                0xffffffff80108eb0                strrchr
                0xffffffff80108ee0                strspn
                0xffffffff80108f20                strcspn
                0xffffffff80108f70                strtok_r
                0xffffffff80109050                strcat
                0xffffffff801090a0                strncat
                0xffffffff80109100                toupper
                0xffffffff80109110                strupr
                0xffffffff80109140                strnupr
 *fill*         0xffffffff8010917b        0x5 
 .text          0xffffffff80109180      0x18b ./build/kernel/System.o
                0xffffffff80109180                System::Out(char const*, ...)
                0xffffffff801091e0                System::Panic(char const*, ...)
                0xffffffff80109230                Sleep(long)
                0xffffffff80109270                KernelInit()
 .text          0xffffffff8010930b        0x0 ./build/kernel/Video/FrameBufferPresenterImpl.o
 *fill*         0xffffffff8010930b        0x5 
 .text          0xffffffff80109310      0x378 ./build/kernel/Video/TextModePresenterImpl.o
                0xffffffff80109310                Video::TextModePresenter::Clear()
                0xffffffff80109350                Video::TextModePresenter::Rectangle(Video::Point, int, int)
                0xffffffff801093d0                Video::TextModePresenter::TextModePresenter()
                0xffffffff801093d0                Video::TextModePresenter::TextModePresenter()
                0xffffffff80109410                Video::TextModePresenter::Text(Video::Point, char const*, unsigned char, unsigned char)
                0xffffffff801095d0                Video::TextModePresenter::Text(Video::Point, char const*, int)
                0xffffffff801095f0                Video::TextModePresenter::Text(Video::Point, char, unsigned char, unsigned char)
                0xffffffff80109620                Video::TextModePresenter::MoveUp()
 *fill*         0xffffffff80109688        0x8 
 .text          0xffffffff80109690       0x41 ./build/kernel/Video/VideoControllerImpl.o
                0xffffffff80109690                Video::VideoController::VideoController()
                0xffffffff80109690                Video::VideoController::VideoController()
                0xffffffff801096d0                Video::VideoController::~VideoController()
                0xffffffff801096d0                Video::VideoController::~VideoController()
 *fill*         0xffffffff801096d1        0xf 
 .text          0xffffffff801096e0     0x12a4 ./build/kernel/Arch/x86_64/IRQ.o
                0xffffffff8010980f                ipi48
                0xffffffff80109818                ipi49
                0xffffffff80109821                ipi50
                0xffffffff8010982a                ipi51
                0xffffffff80109833                ipi52
                0xffffffff8010983c                ipi53
                0xffffffff80109845                ipi54
                0xffffffff8010984e                ipi55
                0xffffffff80109857                ipi56
                0xffffffff80109860                ipi57
                0xffffffff80109869                ipi58
                0xffffffff80109872                ipi59
                0xffffffff8010987b                ipi60
                0xffffffff80109884                ipi61
                0xffffffff8010988d                ipi62
                0xffffffff80109896                ipi63
                0xffffffff8010989f                ipi64
                0xffffffff801098a8                ipi65
                0xffffffff801098b1                ipi66
                0xffffffff801098ba                ipi67
                0xffffffff801098c3                ipi68
                0xffffffff801098cc                ipi69
                0xffffffff801098d5                ipi70
                0xffffffff801098de                ipi71
                0xffffffff801098e7                ipi72
                0xffffffff801098f0                ipi73
                0xffffffff801098f9                ipi74
                0xffffffff80109902                ipi75
                0xffffffff8010990b                ipi76
                0xffffffff80109914                ipi77
                0xffffffff8010991d                ipi78
                0xffffffff80109926                ipi79
                0xffffffff8010992f                ipi80
                0xffffffff80109938                ipi81
                0xffffffff80109941                ipi82
                0xffffffff8010994a                ipi83
                0xffffffff80109953                ipi84
                0xffffffff8010995c                ipi85
                0xffffffff80109965                ipi86
                0xffffffff8010996e                ipi87
                0xffffffff80109977                ipi88
                0xffffffff80109980                ipi89
                0xffffffff80109989                ipi90
                0xffffffff80109992                ipi91
                0xffffffff8010999b                ipi92
                0xffffffff801099a4                ipi93
                0xffffffff801099ad                ipi94
                0xffffffff801099b6                ipi95
                0xffffffff801099bf                ipi96
                0xffffffff801099c8                ipi97
                0xffffffff801099d1                ipi98
                0xffffffff801099da                ipi99
                0xffffffff801099e3                ipi100
                0xffffffff801099ec                ipi101
                0xffffffff801099f5                ipi102
                0xffffffff801099fe                ipi103
                0xffffffff80109a07                ipi104
                0xffffffff80109a10                ipi105
                0xffffffff80109a19                ipi106
                0xffffffff80109a22                ipi107
                0xffffffff80109a2b                ipi108
                0xffffffff80109a34                ipi109
                0xffffffff80109a3d                ipi110
                0xffffffff80109a46                ipi111
                0xffffffff80109a4f                ipi112
                0xffffffff80109a58                ipi113
                0xffffffff80109a61                ipi114
                0xffffffff80109a6a                ipi115
                0xffffffff80109a73                ipi116
                0xffffffff80109a7c                ipi117
                0xffffffff80109a85                ipi118
                0xffffffff80109a8e                ipi119
                0xffffffff80109a97                ipi120
                0xffffffff80109aa0                ipi121
                0xffffffff80109aa9                ipi122
                0xffffffff80109ab2                ipi123
                0xffffffff80109abb                ipi124
                0xffffffff80109ac4                ipi125
                0xffffffff80109acd                ipi126
                0xffffffff80109ad6                ipi127
                0xffffffff80109adf                ipi128
                0xffffffff80109aeb                ipi129
                0xffffffff80109af7                ipi130
                0xffffffff80109b03                ipi131
                0xffffffff80109b0f                ipi132
                0xffffffff80109b1b                ipi133
                0xffffffff80109b27                ipi134
                0xffffffff80109b33                ipi135
                0xffffffff80109b3f                ipi136
                0xffffffff80109b4b                ipi137
                0xffffffff80109b57                ipi138
                0xffffffff80109b63                ipi139
                0xffffffff80109b6f                ipi140
                0xffffffff80109b7b                ipi141
                0xffffffff80109b87                ipi142
                0xffffffff80109b93                ipi143
                0xffffffff80109b9f                ipi144
                0xffffffff80109bab                ipi145
                0xffffffff80109bb7                ipi146
                0xffffffff80109bc3                ipi147
                0xffffffff80109bcf                ipi148
                0xffffffff80109bdb                ipi149
                0xffffffff80109be7                ipi150
                0xffffffff80109bf3                ipi151
                0xffffffff80109bff                ipi152
                0xffffffff80109c0b                ipi153
                0xffffffff80109c17                ipi154
                0xffffffff80109c23                ipi155
                0xffffffff80109c2f                ipi156
                0xffffffff80109c3b                ipi157
                0xffffffff80109c47                ipi158
                0xffffffff80109c53                ipi159
                0xffffffff80109c5f                ipi160
                0xffffffff80109c6b                ipi161
                0xffffffff80109c77                ipi162
                0xffffffff80109c83                ipi163
                0xffffffff80109c8f                ipi164
                0xffffffff80109c9b                ipi165
                0xffffffff80109ca7                ipi166
                0xffffffff80109cb3                ipi167
                0xffffffff80109cbf                ipi168
                0xffffffff80109ccb                ipi169
                0xffffffff80109cd7                ipi170
                0xffffffff80109ce3                ipi171
                0xffffffff80109cef                ipi172
                0xffffffff80109cfb                ipi173
                0xffffffff80109d07                ipi174
                0xffffffff80109d13                ipi175
                0xffffffff80109d1f                ipi176
                0xffffffff80109d2b                ipi177
                0xffffffff80109d37                ipi178
                0xffffffff80109d43                ipi179
                0xffffffff80109d4f                ipi180
                0xffffffff80109d5b                ipi181
                0xffffffff80109d67                ipi182
                0xffffffff80109d73                ipi183
                0xffffffff80109d7f                ipi184
                0xffffffff80109d8b                ipi185
                0xffffffff80109d97                ipi186
                0xffffffff80109da3                ipi187
                0xffffffff80109daf                ipi188
                0xffffffff80109dbb                ipi189
                0xffffffff80109dc7                ipi190
                0xffffffff80109dd3                ipi191
                0xffffffff80109ddf                ipi192
                0xffffffff80109deb                ipi193
                0xffffffff80109df7                ipi194
                0xffffffff80109e03                ipi195
                0xffffffff80109e0f                ipi196
                0xffffffff80109e1b                ipi197
                0xffffffff80109e27                ipi198
                0xffffffff80109e33                ipi199
                0xffffffff80109e3f                ipi200
                0xffffffff80109e4b                ipi201
                0xffffffff80109e57                ipi202
                0xffffffff80109e63                ipi203
                0xffffffff80109e6f                ipi204
                0xffffffff80109e7b                ipi205
                0xffffffff80109e87                ipi206
                0xffffffff80109e93                ipi207
                0xffffffff80109e9f                ipi208
                0xffffffff80109eab                ipi209
                0xffffffff80109eb7                ipi210
                0xffffffff80109ec3                ipi211
                0xffffffff80109ecf                ipi212
                0xffffffff80109edb                ipi213
                0xffffffff80109ee7                ipi214
                0xffffffff80109ef3                ipi215
                0xffffffff80109eff                ipi216
                0xffffffff80109f0b                ipi217
                0xffffffff80109f17                ipi218
                0xffffffff80109f23                ipi219
                0xffffffff80109f2f                ipi220
                0xffffffff80109f3b                ipi221
                0xffffffff80109f47                ipi222
                0xffffffff80109f53                ipi223
                0xffffffff80109f5f                ipi224
                0xffffffff80109f6b                ipi225
                0xffffffff80109f77                ipi226
                0xffffffff80109f83                ipi227
                0xffffffff80109f8f                ipi228
                0xffffffff80109f9b                ipi229
                0xffffffff80109fa7                ipi230
                0xffffffff80109fb3                ipi231
                0xffffffff80109fbf                ipi232
                0xffffffff80109fcb                ipi233
                0xffffffff80109fd7                ipi234
                0xffffffff80109fe3                ipi235
                0xffffffff80109fef                ipi236
                0xffffffff80109ffb                ipi237
                0xffffffff8010a007                ipi238
                0xffffffff8010a013                ipi239
                0xffffffff8010a01f                ipi240
                0xffffffff8010a02b                ipi241
                0xffffffff8010a037                ipi242
                0xffffffff8010a043                ipi243
                0xffffffff8010a04f                ipi244
                0xffffffff8010a05b                ipi245
                0xffffffff8010a067                ipi246
                0xffffffff8010a073                ipi247
                0xffffffff8010a07f                ipi248
                0xffffffff8010a08b                ipi249
                0xffffffff8010a097                ipi250
                0xffffffff8010a0a3                ipi251
                0xffffffff8010a0af                ipi252
                0xffffffff8010a0bb                ipi253
                0xffffffff8010a0c7                ipi254
                0xffffffff8010a0d3                ipi255
                0xffffffff8010a0df                intrid32
                0xffffffff8010a0e8                intrid33
                0xffffffff8010a0f1                intrid34
                0xffffffff8010a0fa                intrid35
                0xffffffff8010a103                intrid36
                0xffffffff8010a10c                intrid37
                0xffffffff8010a115                intrid38
                0xffffffff8010a11e                intrid39
                0xffffffff8010a127                intrid40
                0xffffffff8010a130                intrid41
                0xffffffff8010a139                intrid42
                0xffffffff8010a142                intrid43
                0xffffffff8010a14b                intrid44
                0xffffffff8010a154                intrid45
                0xffffffff8010a15d                intrid46
                0xffffffff8010a166                intrid47
                0xffffffff8010a184                isr_tables
 *fill*         0xffffffff8010a984        0xc 
 .text          0xffffffff8010a990       0x3c ./build/kernel/Arch/x86_64/KernelStack.o
                0xffffffff8010a990                load_tss
 *fill*         0xffffffff8010a9cc        0x4 
 .text          0xffffffff8010a9d0       0x86 ./build/kernel/Arch/x86_64/SMPTrampoline.o
                0xffffffff8010a9d0                SMPTrampolineStart
                0xffffffff8010aa56                SMPTrampolineEnd
 *fill*         0xffffffff8010aa56        0xa 
 .text          0xffffffff8010aa60       0x5b ./build/kernel/Arch/x86_64/Wrapper.o
                0xffffffff8010aa60                asmw_flush_gdt
                0xffffffff8010aa8b                asmw_flush_idt
                0xffffffff8010aa8f                asmw_load_paging
                0xffffffff8010aa93                asmw_enable_sse
                0xffffffff8010aaa4                asmw_enable_avx
                0xffffffff8010aab7                asmw_get_pagemap

.iplt           0xffffffff8010aabb        0x0 load address 0x000000000010aabb
 .iplt          0xffffffff8010aabb        0x0 ./build/kernel/Arch/x86_64/Arch.o

.rodata         0xffffffff8010b000      0xe58 load address 0x000000000010b000
 *(.rodata*)
 .rodata.str1.1
                0xffffffff8010b000       0x22 ./build/kernel/Arch/x86_64/BootX64.o
 *fill*         0xffffffff8010b022        0x6 
 .rodata.str1.8
                0xffffffff8010b028       0xba ./build/kernel/Arch/x86_64/BootX64.o
 .rodata.str1.1
                0xffffffff8010b0e2      0x222 ./build/kernel/Arch/x86_64/Interrupts.o
 *fill*         0xffffffff8010b304        0x4 
 .rodata.str1.8
                0xffffffff8010b308       0x1f ./build/kernel/Arch/x86_64/Interrupts.o
 .rodata.str1.1
                0xffffffff8010b327       0x35 ./build/kernel/Arch/x86_64/MMU.o
 *fill*         0xffffffff8010b35c        0x4 
 .rodata.str1.8
                0xffffffff8010b360       0x28 ./build/kernel/Arch/x86_64/MMU.o
 .rodata.str1.1
                0xffffffff8010b388       0x1c ./build/kernel/Arch/x86_64/SMBIOS.o
 *fill*         0xffffffff8010b3a4        0x4 
 .rodata.str1.8
                0xffffffff8010b3a8       0x24 ./build/kernel/Arch/x86_64/SMBIOS.o
 .rodata.str1.1
                0xffffffff8010b3cc       0x3f ./build/kernel/Arch/x86_64/SMP.o
 *fill*         0xffffffff8010b40b        0x5 
 .rodata.str1.8
                0xffffffff8010b410       0x29 ./build/kernel/Arch/x86_64/SMP.o
 *fill*         0xffffffff8010b439        0x7 
 .rodata._ZTV6Device
                0xffffffff8010b440       0x20 ./build/kernel/Device/DeviceImpl.o
                0xffffffff8010b440                vtable for Device
 .rodata._ZTVN3PCI9PCIDeviceE
                0xffffffff8010b460       0x20 ./build/kernel/Drivers/Bus/PCI/PCIDeviceImpl.o
                0xffffffff8010b460                vtable for PCI::PCIDevice
 .rodata._ZTVN3PCI17PCIDeviceProviderE
                0xffffffff8010b480       0x18 ./build/kernel/Drivers/Bus/PCI/PCIDeviceProviderImpl.o
                0xffffffff8010b480                vtable for PCI::PCIDeviceProvider
 .rodata.str1.8
                0xffffffff8010b498       0x35 ./build/kernel/Drivers/Clock/HPET/HPETTimerImpl.o
 .rodata.str1.1
                0xffffffff8010b4cd       0x1e ./build/kernel/Drivers/Clock/HPET/HPETTimerImpl.o
 *fill*         0xffffffff8010b4eb        0x5 
 .rodata._ZTV9HPETTimer
                0xffffffff8010b4f0       0x28 ./build/kernel/Drivers/Clock/HPET/HPETTimerImpl.o
                0xffffffff8010b4f0                vtable for HPETTimer
 .rodata.str1.1
                0xffffffff8010b518       0x3c ./build/kernel/Drivers/Generic/ACPI/ACPIMain.o
 *fill*         0xffffffff8010b554        0x4 
 .rodata.str1.8
                0xffffffff8010b558       0x32 ./build/kernel/Drivers/Generic/ACPI/ACPIMain.o
 *fill*         0xffffffff8010b58a        0x6 
 .rodata.str1.8
                0xffffffff8010b590       0x38 ./build/kernel/Drivers/Generic/ACPI/ACPITimerImpl.o
 .rodata._ZTV9ACPITimer
                0xffffffff8010b5c8       0x28 ./build/kernel/Drivers/Generic/ACPI/ACPITimerImpl.o
                0xffffffff8010b5c8                vtable for ACPITimer
 .rodata.str1.8
                0xffffffff8010b5f0       0xb7 ./build/kernel/Drivers/Generic/APIC/APICMain.o
 .rodata.str1.1
                0xffffffff8010b6a7       0x50 ./build/kernel/Drivers/Generic/APIC/APICMain.o
 *fill*         0xffffffff8010b6f7        0x1 
 .rodata        0xffffffff8010b6f8       0x50 ./build/kernel/Drivers/Generic/APIC/APICMain.o
 .rodata.str1.8
                0xffffffff8010b748       0x40 ./build/kernel/Drivers/Generic/APIC/IO.o
 .rodata.str1.1
                0xffffffff8010b788       0x1c ./build/kernel/Drivers/Generic/APIC/IO.o
 .rodata.str1.1
                0xffffffff8010b7a4       0x2a ./build/kernel/Drivers/Generic/APIC/Local.o
 *fill*         0xffffffff8010b7ce        0x2 
 .rodata._ZTV14LocalAPICTimer
                0xffffffff8010b7d0       0x28 ./build/kernel/Drivers/Generic/APIC/LocalAPICTimerImpl.o
                0xffffffff8010b7d0                vtable for LocalAPICTimer
 .rodata.str1.1
                0xffffffff8010b7f8       0x1e ./build/kernel/Drivers/Input/PS2LegacyController.o
 *fill*         0xffffffff8010b816        0x2 
 .rodata.str1.8
                0xffffffff8010b818       0x5f ./build/kernel/Drivers/Input/PS2LegacyController.o
 *fill*         0xffffffff8010b877        0x1 
 .rodata._ZTVN5Input19PS2LegacyControllerE
                0xffffffff8010b878       0x20 ./build/kernel/Drivers/Input/PS2LegacyController.o
                0xffffffff8010b878                vtable for Input::PS2LegacyController
 .rodata.str1.8
                0xffffffff8010b898       0x22 ./build/kernel/Drivers/Input/PS2LegacyKeyboardImpl.o
 *fill*         0xffffffff8010b8ba        0x6 
 .rodata._ZTVN5Input17PS2LegacyKeyboardE
                0xffffffff8010b8c0       0x20 ./build/kernel/Drivers/Input/PS2LegacyKeyboardImpl.o
                0xffffffff8010b8c0                vtable for Input::PS2LegacyKeyboard
 .rodata.str1.1
                0xffffffff8010b8e0       0x10 ./build/kernel/Drivers/Storage/AHCI/AHCIControllerDeviceImpl.o
 .rodata.str1.8
                0xffffffff8010b8f0       0x22 ./build/kernel/Drivers/Storage/AHCI/AHCIControllerDeviceImpl.o
 *fill*         0xffffffff8010b912        0x6 
 .rodata._ZTVN4AHCI20AHCIControllerDeviceE
                0xffffffff8010b918       0x20 ./build/kernel/Drivers/Storage/AHCI/AHCIControllerDeviceImpl.o
                0xffffffff8010b918                vtable for AHCI::AHCIControllerDevice
 .rodata.str1.1
                0xffffffff8010b938       0x1b ./build/kernel/Drivers/Storage/AHCI/AHCIMain.o
 *fill*         0xffffffff8010b953        0x5 
 .rodata.str1.8
                0xffffffff8010b958       0x2a ./build/kernel/Drivers/Storage/AHCI/AHCIMain.o
 *fill*         0xffffffff8010b982        0x6 
 .rodata.str1.8
                0xffffffff8010b988       0x22 ./build/kernel/Drivers/Storage/AHCI/SATADiskDeviceImpl.o
 *fill*         0xffffffff8010b9aa        0x6 
 .rodata._ZTVN4AHCI14SATADiskDeviceE
                0xffffffff8010b9b0       0x30 ./build/kernel/Drivers/Storage/AHCI/SATADiskDeviceImpl.o
                0xffffffff8010b9b0                vtable for AHCI::SATADiskDevice
 .rodata._ZTV10DiskDevice
                0xffffffff8010b9e0       0x30 ./build/kernel/Fs/DiskDeviceImpl.o
                0xffffffff8010b9e0                vtable for DiskDevice
 .rodata.str1.1
                0xffffffff8010ba10       0x1d ./build/kernel/Input/ConsoleImpl.o
 *fill*         0xffffffff8010ba2d        0x3 
 .rodata.str1.8
                0xffffffff8010ba30       0x79 ./build/kernel/Input/ConsoleImpl.o
 *fill*         0xffffffff8010baa9        0x7 
 .rodata        0xffffffff8010bab0       0x50 ./build/kernel/Input/ConsoleImpl.o
 .rodata        0xffffffff8010bb00       0x29 ./build/kernel/Input/KeyCode.o
 .rodata.str1.1
                0xffffffff8010bb29        0x7 ./build/kernel/libkern/printf.o
 .rodata        0xffffffff8010bb30      0x1b8 ./build/kernel/libkern/printf.o
 .rodata.str1.8
                0xffffffff8010bce8       0x28 ./build/kernel/Memory/Memory.o
 .rodata.str1.1
                0xffffffff8010bd10       0x17 ./build/kernel/Memory/Page.o
 *fill*         0xffffffff8010bd27        0x1 
 .rodata.str1.8
                0xffffffff8010bd28       0x21 ./build/kernel/Memory/SlabAllocatorImpl.o
 *fill*         0xffffffff8010bd49        0x7 
 .rodata.str1.8
                0xffffffff8010bd50       0x87 ./build/kernel/Memory/Slub.o
 *fill*         0xffffffff8010bdd7        0x9 
 .rodata        0xffffffff8010bde0       0x22 ./build/kernel/Memory/Slub.o
 .rodata.str1.1
                0xffffffff8010be02        0x7 ./build/kernel/Process/ActivityManagement.o
 .rodata.str1.1
                0xffffffff8010be09        0x9 ./build/kernel/Process/Scheduler.o
 .rodata.str1.1
                0xffffffff8010be12       0x1d ./build/kernel/Process/SchedulerImpl.o
 *fill*         0xffffffff8010be2f        0x1 
 .rodata._ZTVN5Video17TextModePresenterE
                0xffffffff8010be30       0x28 ./build/kernel/Video/TextModePresenterImpl.o
                0xffffffff8010be30                vtable for Video::TextModePresenter

.eh_frame       0xffffffff8010be58     0x1dec load address 0x000000000010be58
 .eh_frame      0xffffffff8010be58       0x58 ./build/kernel/Arch/x86_64/Arch.o
 .eh_frame      0xffffffff8010beb0       0xa8 ./build/kernel/Arch/x86_64/BootX64.o
                                         0xc0 (size before relaxing)
 .eh_frame      0xffffffff8010bf58       0x60 ./build/kernel/Arch/x86_64/CPU.o
                                         0x78 (size before relaxing)
 .eh_frame      0xffffffff8010bfb8       0x18 ./build/kernel/Arch/x86_64/GDT.o
                                         0x30 (size before relaxing)
 .eh_frame      0xffffffff8010bfd0       0x28 ./build/kernel/Arch/x86_64/IDT.o
                                         0x40 (size before relaxing)
 .eh_frame      0xffffffff8010bff8       0x68 ./build/kernel/Arch/x86_64/Interrupts.o
                                         0x80 (size before relaxing)
 .eh_frame      0xffffffff8010c060      0x1a0 ./build/kernel/Arch/x86_64/MMU.o
                                        0x1b8 (size before relaxing)
 .eh_frame      0xffffffff8010c200       0x40 ./build/kernel/Arch/x86_64/PIC.o
                                         0x58 (size before relaxing)
 .eh_frame      0xffffffff8010c240       0x28 ./build/kernel/Arch/x86_64/PIT.o
                                         0x40 (size before relaxing)
 .eh_frame      0xffffffff8010c268       0x28 ./build/kernel/Arch/x86_64/SchedulerArchImpl.o
                                         0x40 (size before relaxing)
 .eh_frame      0xffffffff8010c290       0x40 ./build/kernel/Arch/x86_64/SMBIOS.o
                                         0x58 (size before relaxing)
 .eh_frame      0xffffffff8010c2d0       0xa0 ./build/kernel/Arch/x86_64/SMP.o
                                         0xb8 (size before relaxing)
 .eh_frame      0xffffffff8010c370       0x38 ./build/kernel/Arch/x86_64/TaskStateSegment.o
                                         0x50 (size before relaxing)
 .eh_frame      0xffffffff8010c3a8       0x18 ./build/kernel/Device/DeviceImpl.o
                                         0x30 (size before relaxing)
 .eh_frame      0xffffffff8010c3c0       0x28 ./build/kernel/Device/DeviceManagement.o
                                         0x40 (size before relaxing)
 .eh_frame      0xffffffff8010c3e8       0x80 ./build/kernel/Device/DeviceStaticImpl.o
                                         0xe8 (size before relaxing)
 .eh_frame      0xffffffff8010c468       0x60 ./build/kernel/Drivers/Bus/PCI/PCIDeviceImpl.o
                                         0x78 (size before relaxing)
 .eh_frame      0xffffffff8010c4c8       0xa8 ./build/kernel/Drivers/Bus/PCI/PCIDeviceProviderImpl.o
                                         0xe8 (size before relaxing)
 .eh_frame      0xffffffff8010c570      0x140 ./build/kernel/Drivers/Bus/PCI/PCIMain.o
                                        0x158 (size before relaxing)
 .eh_frame      0xffffffff8010c6b0       0x70 ./build/kernel/Drivers/Clock/HPET/HPETTimerImpl.o
                                         0x88 (size before relaxing)
 .eh_frame      0xffffffff8010c720       0xc0 ./build/kernel/Drivers/Generic/ACPI/ACPIMain.o
                                         0xd8 (size before relaxing)
 .eh_frame      0xffffffff8010c7e0       0xc0 ./build/kernel/Drivers/Generic/ACPI/ACPITimerImpl.o
                                         0xd8 (size before relaxing)
 .eh_frame      0xffffffff8010c8a0       0x38 ./build/kernel/Drivers/Generic/APIC/APICMain.o
                                         0x50 (size before relaxing)
 .eh_frame      0xffffffff8010c8d8       0xf8 ./build/kernel/Drivers/Generic/APIC/IO.o
                                        0x110 (size before relaxing)
 .eh_frame      0xffffffff8010c9d0       0xd8 ./build/kernel/Drivers/Generic/APIC/Local.o
                                         0xf0 (size before relaxing)
 .eh_frame      0xffffffff8010caa8       0xd0 ./build/kernel/Drivers/Generic/APIC/LocalAPICTimerImpl.o
                                         0xe8 (size before relaxing)
 .eh_frame      0xffffffff8010cb78       0x88 ./build/kernel/Drivers/Input/PS2LegacyController.o
                                         0xa0 (size before relaxing)
 .eh_frame      0xffffffff8010cc00       0x70 ./build/kernel/Drivers/Input/PS2LegacyKeyboardImpl.o
                                         0x88 (size before relaxing)
 .eh_frame      0xffffffff8010cc70       0x50 ./build/kernel/Drivers/Storage/AHCI/AHCIControllerDeviceImpl.o
                                         0x68 (size before relaxing)
 .eh_frame      0xffffffff8010ccc0       0x30 ./build/kernel/Drivers/Storage/AHCI/AHCIMain.o
                                         0x48 (size before relaxing)
 .eh_frame      0xffffffff8010ccf0      0x110 ./build/kernel/Drivers/Storage/AHCI/SATADiskDeviceImpl.o
                                        0x128 (size before relaxing)
 .eh_frame      0xffffffff8010ce00       0xb8 ./build/kernel/Drivers/Video.o
                                         0xd0 (size before relaxing)
 .eh_frame      0xffffffff8010ceb8       0x18 ./build/kernel/Fs/DiskDeviceImpl.o
                                         0x30 (size before relaxing)
 .eh_frame      0xffffffff8010ced0      0x148 ./build/kernel/Input/ConsoleImpl.o
                                        0x160 (size before relaxing)
 .eh_frame      0xffffffff8010d018       0x18 ./build/kernel/Input/KeyCode.o
                                         0x30 (size before relaxing)
 .eh_frame      0xffffffff8010d030       0xa0 ./build/kernel/libkern/printf.o
                                         0xb8 (size before relaxing)
 .eh_frame      0xffffffff8010d0d0       0x48 ./build/kernel/libkern/sprintf.o
                                         0x60 (size before relaxing)
 .eh_frame      0xffffffff8010d118       0x50 ./build/kernel/Memory/Memory.o
                                         0x68 (size before relaxing)
 .eh_frame      0xffffffff8010d168      0x118 ./build/kernel/Memory/Page.o
                                        0x130 (size before relaxing)
 .eh_frame      0xffffffff8010d280       0xa0 ./build/kernel/Memory/PageAllocation.o
                                         0xb8 (size before relaxing)
 .eh_frame      0xffffffff8010d320       0xe0 ./build/kernel/Memory/SlabAllocatorImpl.o
                                         0xf8 (size before relaxing)
 .eh_frame      0xffffffff8010d400      0x1d8 ./build/kernel/Memory/Slub.o
                                        0x1f0 (size before relaxing)
 .eh_frame      0xffffffff8010d5d8       0x20 ./build/kernel/Panic.o
                                         0x38 (size before relaxing)
 .eh_frame      0xffffffff8010d5f8       0x90 ./build/kernel/Process/ActivityImpl.o
                                         0xa8 (size before relaxing)
 .eh_frame      0xffffffff8010d688       0x38 ./build/kernel/Process/ActivityManagement.o
                                         0x50 (size before relaxing)
 .eh_frame      0xffffffff8010d6c0       0x90 ./build/kernel/Process/ProcessImpl.o
                                         0xa8 (size before relaxing)
 .eh_frame      0xffffffff8010d750       0x48 ./build/kernel/Process/Scheduler.o
                                         0x60 (size before relaxing)
 .eh_frame      0xffffffff8010d798      0x138 ./build/kernel/Process/SchedulerImpl.o
                                        0x150 (size before relaxing)
 .eh_frame      0xffffffff8010d8d0       0x78 ./build/kernel/Runtime.o
                                         0x90 (size before relaxing)
 .eh_frame      0xffffffff8010d948      0x180 ./build/kernel/String.o
                                        0x198 (size before relaxing)
 .eh_frame      0xffffffff8010dac8       0x70 ./build/kernel/System.o
                                         0x88 (size before relaxing)
 .eh_frame      0xffffffff8010db38       0xd0 ./build/kernel/Video/TextModePresenterImpl.o
                                         0xe8 (size before relaxing)
 .eh_frame      0xffffffff8010dc08       0x3c ./build/kernel/Video/VideoControllerImpl.o
                                         0x58 (size before relaxing)

.rela.dyn       0xffffffff8010dc48        0x0 load address 0x000000000010dc48
 .rela.got      0xffffffff8010dc48        0x0 ./build/kernel/Arch/x86_64/Arch.o
 .rela.iplt     0xffffffff8010dc48        0x0 ./build/kernel/Arch/x86_64/Arch.o
 .rela.text     0xffffffff8010dc48        0x0 ./build/kernel/Arch/x86_64/Arch.o
 .rela.rodata._ZTV6Device
                0xffffffff8010dc48        0x0 ./build/kernel/Arch/x86_64/Arch.o
 .rela.text.startup
                0xffffffff8010dc48        0x0 ./build/kernel/Arch/x86_64/Arch.o
 .rela.text.unlikely
                0xffffffff8010dc48        0x0 ./build/kernel/Arch/x86_64/Arch.o
 .rela.rodata._ZTV10DiskDevice
                0xffffffff8010dc48        0x0 ./build/kernel/Arch/x86_64/Arch.o

.data           0xffffffff8010e000     0x1d71 load address 0x000000000010e000
 *(.data*)
 .data          0xffffffff8010e000        0x0 ./build/kernel/Arch/x86_64/Arch.o
 .data          0xffffffff8010e000        0x0 ./build/kernel/Arch/x86_64/BootX64.o
 .data          0xffffffff8010e000        0x0 ./build/kernel/Arch/x86_64/CPU.o
 .data          0xffffffff8010e000       0x60 ./build/kernel/Arch/x86_64/GDT.o
                0xffffffff8010e000                g_GDTPointer
 .data          0xffffffff8010e060        0xa ./build/kernel/Arch/x86_64/IDT.o
                0xffffffff8010e060                g_IDTPointer
 *fill*         0xffffffff8010e06a       0x16 
 .data          0xffffffff8010e080     0x1800 ./build/kernel/Arch/x86_64/Interrupts.o
                0xffffffff8010e080                g_IntData
 .data          0xffffffff8010f880        0x0 ./build/kernel/Arch/x86_64/MMU.o
 .data          0xffffffff8010f880        0x0 ./build/kernel/Arch/x86_64/PIC.o
 .data          0xffffffff8010f880        0x0 ./build/kernel/Arch/x86_64/PIT.o
 .data          0xffffffff8010f880        0x0 ./build/kernel/Arch/x86_64/SchedulerArchImpl.o
 .data          0xffffffff8010f880       0x18 ./build/kernel/Arch/x86_64/SMBIOS.o
                0xffffffff8010f880                SMBIOS::g_SmbiosVersion
                0xffffffff8010f888                SMBIOS::__smbios_SignatureL3
                0xffffffff8010f890                SMBIOS::__smbios_SignatureL2
 .data          0xffffffff8010f898       0x30 ./build/kernel/Arch/x86_64/SMP.o
                0xffffffff8010f898                SMP::smpEntry2
                0xffffffff8010f8a0                SMP::smpStack
                0xffffffff8010f8a8                SMP::smpRegisterCR3
                0xffffffff8010f8b0                SMP::smpGdtPointer
                0xffffffff8010f8b8                SMP::smpTrampolineCpuID
                0xffffffff8010f8c0                SMP::smpMagicValue
 .data          0xffffffff8010f8c8        0x0 ./build/kernel/Arch/x86_64/TaskStateSegment.o
 .data          0xffffffff8010f8c8        0x0 ./build/kernel/Device/ComputerDeviceImpl.o
 .data          0xffffffff8010f8c8        0x0 ./build/kernel/Device/DeviceImpl.o
 .data          0xffffffff8010f8c8        0x0 ./build/kernel/Device/DeviceManagement.o
 .data          0xffffffff8010f8c8        0x0 ./build/kernel/Device/DeviceStaticImpl.o
 .data          0xffffffff8010f8c8        0x0 ./build/kernel/Drivers/Bus/PCI/PCIDeviceImpl.o
 .data          0xffffffff8010f8c8        0x0 ./build/kernel/Drivers/Bus/PCI/PCIDeviceProviderImpl.o
 .data          0xffffffff8010f8c8        0x0 ./build/kernel/Drivers/Bus/PCI/PCIMain.o
 .data          0xffffffff8010f8c8        0x0 ./build/kernel/Drivers/Clock/HPET/HPETTimerImpl.o
 .data          0xffffffff8010f8c8        0x0 ./build/kernel/Drivers/Generic/ACPI/ACPIMain.o
 .data          0xffffffff8010f8c8        0x0 ./build/kernel/Drivers/Generic/ACPI/ACPITimerImpl.o
 .data          0xffffffff8010f8c8        0x0 ./build/kernel/Drivers/Generic/ACPI/MADTMain.o
 .data          0xffffffff8010f8c8        0x0 ./build/kernel/Drivers/Generic/APIC/APICMain.o
 .data          0xffffffff8010f8c8        0x0 ./build/kernel/Drivers/Generic/APIC/IO.o
 .data          0xffffffff8010f8c8        0x0 ./build/kernel/Drivers/Generic/APIC/Local.o
 .data          0xffffffff8010f8c8        0x0 ./build/kernel/Drivers/Generic/APIC/LocalAPICTimerImpl.o
 .data          0xffffffff8010f8c8        0x0 ./build/kernel/Drivers/Input/PS2LegacyController.o
 .data          0xffffffff8010f8c8        0x0 ./build/kernel/Drivers/Input/PS2LegacyKeyboardImpl.o
 .data          0xffffffff8010f8c8        0x0 ./build/kernel/Drivers/Storage/AHCI/AHCIControllerDeviceImpl.o
 .data          0xffffffff8010f8c8        0x0 ./build/kernel/Drivers/Storage/AHCI/AHCIMain.o
 .data          0xffffffff8010f8c8        0x0 ./build/kernel/Drivers/Storage/AHCI/SATADiskDeviceImpl.o
 .data          0xffffffff8010f8c8        0x0 ./build/kernel/Drivers/Video.o
 .data          0xffffffff8010f8c8        0x0 ./build/kernel/Event.o
 .data          0xffffffff8010f8c8        0x0 ./build/kernel/Fs/DiskDeviceImpl.o
 .data          0xffffffff8010f8c8        0x0 ./build/kernel/Input/ConsoleImpl.o
 *fill*         0xffffffff8010f8c8       0x18 
 .data          0xffffffff8010f8e0      0x400 ./build/kernel/Input/KeyCode.o
                0xffffffff8010f8e0                Input::c_KeyScanCode1
 .data          0xffffffff8010fce0        0x0 ./build/kernel/libkern/printf.o
 .data          0xffffffff8010fce0        0x0 ./build/kernel/libkern/sprintf.o
 .data          0xffffffff8010fce0        0x0 ./build/kernel/Memory/Memory.o
 .data          0xffffffff8010fce0        0x0 ./build/kernel/Memory/Page.o
 .data          0xffffffff8010fce0        0x0 ./build/kernel/Memory/PageAllocation.o
 .data          0xffffffff8010fce0       0x20 ./build/kernel/Memory/SlabAllocatorImpl.o
                0xffffffff8010fce0                Memory::m_BlockSize
 .data          0xffffffff8010fd00        0x0 ./build/kernel/Memory/Slub.o
 .data          0xffffffff8010fd00        0x0 ./build/kernel/Panic.o
 .data          0xffffffff8010fd00        0x0 ./build/kernel/Process/ActivityImpl.o
 .data          0xffffffff8010fd00        0x0 ./build/kernel/Process/ActivityManagement.o
 .data          0xffffffff8010fd00        0x0 ./build/kernel/Process/ProcessImpl.o
 .data          0xffffffff8010fd00        0x0 ./build/kernel/Process/Scheduler.o
 .data          0xffffffff8010fd00        0x0 ./build/kernel/Process/SchedulerImpl.o
 .data          0xffffffff8010fd00        0x0 ./build/kernel/Runtime.o
 .data          0xffffffff8010fd00        0x0 ./build/kernel/String.o
 .data          0xffffffff8010fd00        0x0 ./build/kernel/System.o
 .data          0xffffffff8010fd00        0x0 ./build/kernel/Video/FrameBufferPresenterImpl.o
 .data          0xffffffff8010fd00        0x0 ./build/kernel/Video/TextModePresenterImpl.o
 .data          0xffffffff8010fd00        0x0 ./build/kernel/Video/VideoControllerImpl.o
 .data          0xffffffff8010fd00       0x71 ./build/kernel/Arch/x86_64/Header.o
                0xffffffff8010fd68                __cxa_atexit
                0xffffffff8010fd69                __dso_handle

.got            0xffffffff8010fd78        0x0 load address 0x000000000010fd78
 .got           0xffffffff8010fd78        0x0 ./build/kernel/Arch/x86_64/Arch.o

.got.plt        0xffffffff8010fd78        0x0 load address 0x000000000010fd78
 .got.plt       0xffffffff8010fd78        0x0 ./build/kernel/Arch/x86_64/Arch.o

.igot.plt       0xffffffff8010fd78        0x0 load address 0x000000000010fd78
 .igot.plt      0xffffffff8010fd78        0x0 ./build/kernel/Arch/x86_64/Arch.o

.ctors          0xffffffff8010fd78       0x38 load address 0x000000000010fd78
 .ctors         0xffffffff8010fd78        0x8 ./build/kernel/Device/DeviceManagement.o
 .ctors         0xffffffff8010fd80        0x8 ./build/kernel/Device/DeviceStaticImpl.o
 .ctors         0xffffffff8010fd88        0x8 ./build/kernel/Drivers/Generic/ACPI/ACPIMain.o
 .ctors         0xffffffff8010fd90        0x8 ./build/kernel/Memory/Memory.o
 .ctors         0xffffffff8010fd98        0x8 ./build/kernel/Memory/Page.o
 .ctors         0xffffffff8010fda0        0x8 ./build/kernel/Process/ActivityManagement.o
 .ctors         0xffffffff8010fda8        0x8 ./build/kernel/Process/Scheduler.o

.bss            0xffffffff80110000   0x41a090 load address 0x0000000000110000
                0xffffffff80110000                __bss = .
 *(COMMON)
 *(.bss*)
 .bss           0xffffffff80110000        0x0 ./build/kernel/Arch/x86_64/Arch.o
 .bss           0xffffffff80110000      0x650 ./build/kernel/Arch/x86_64/BootX64.o
                0xffffffff80110000                bootInfo
                0xffffffff80110640                multiboot2_memory_info_t
 .bss           0xffffffff80110650        0x0 ./build/kernel/Arch/x86_64/CPU.o
 *fill*         0xffffffff80110650       0x10 
 .bss           0xffffffff80110660       0x70 ./build/kernel/Arch/x86_64/GDT.o
 *fill*         0xffffffff801106d0       0x10 
 .bss           0xffffffff801106e0     0x1000 ./build/kernel/Arch/x86_64/IDT.o
 .bss           0xffffffff801116e0        0x4 ./build/kernel/Arch/x86_64/Interrupts.o
                0xffffffff801116e0                n
 *fill*         0xffffffff801116e4      0x91c 
 .bss           0xffffffff80112000   0x40d000 ./build/kernel/Arch/x86_64/MMU.o
                0xffffffff80112000                Memory::Paging::kernelPageTablePointers
                0xffffffff80312000                Memory::Paging::ioMappings
                0xffffffff80316000                Memory::Paging::kernelHeapPageTables
                0xffffffff80516000                Memory::Paging::kernelHeapPageDirs
                0xffffffff80517000                Memory::Paging::kernelPageDirs
                0xffffffff80518000                Memory::Paging::kernelPdpts
                0xffffffff80519000                Memory::Paging::kernelPages
                0xffffffff8051a000                Memory::Paging::kernelPagemap
 .bss           0xffffffff8051f000        0x0 ./build/kernel/Arch/x86_64/PIC.o
 .bss           0xffffffff8051f000        0x0 ./build/kernel/Arch/x86_64/PIT.o
 .bss           0xffffffff8051f000        0x0 ./build/kernel/Arch/x86_64/SchedulerArchImpl.o
 .bss           0xffffffff8051f000        0x8 ./build/kernel/Arch/x86_64/SMBIOS.o
                0xffffffff8051f000                SMBIOS::SmbiosInfo
 *fill*         0xffffffff8051f008       0x18 
 .bss           0xffffffff8051f020      0x801 ./build/kernel/Arch/x86_64/SMP.o
                0xffffffff8051f020                cpus
                0xffffffff8051f820                doneInit
 .bss           0xffffffff8051f821        0x0 ./build/kernel/Arch/x86_64/TaskStateSegment.o
 .bss           0xffffffff8051f821        0x0 ./build/kernel/Device/ComputerDeviceImpl.o
 .bss           0xffffffff8051f821        0x0 ./build/kernel/Device/DeviceImpl.o
 *fill*         0xffffffff8051f821       0x1f 
 .bss           0xffffffff8051f840      0x230 ./build/kernel/Device/DeviceManagement.o
                0xffffffff8051f840                DeviceManagement::g_DeviceLists
                0xffffffff8051fa40                DeviceManagement::g_DeviceProviders
 *fill*         0xffffffff8051fa70       0x10 
 .bss           0xffffffff8051fa80      0x238 ./build/kernel/Device/DeviceStaticImpl.o
                0xffffffff8051fa80                Device::g_DeviceLists
                0xffffffff8051fc80                Device::g_DeviceProviders
                0xffffffff8051fcb0                Device::allocatedId
 .bss           0xffffffff8051fcb8        0x0 ./build/kernel/Drivers/Bus/PCI/PCIDeviceImpl.o
 .bss           0xffffffff8051fcb8        0x0 ./build/kernel/Drivers/Bus/PCI/PCIDeviceProviderImpl.o
 .bss           0xffffffff8051fcb8        0x0 ./build/kernel/Drivers/Bus/PCI/PCIMain.o
 .bss           0xffffffff8051fcb8        0x0 ./build/kernel/Drivers/Clock/HPET/HPETTimerImpl.o
 *fill*         0xffffffff8051fcb8        0x8 
 .bss           0xffffffff8051fcc0      0x990 ./build/kernel/Drivers/Generic/ACPI/ACPIMain.o
                0xffffffff8051fcc0                ACPI::g_MCFG
                0xffffffff8051fcc8                ACPI::g_HPET
                0xffffffff8051fcd0                ACPI::g_FADT
                0xffffffff8051fcd8                ACPI::g_MADT
                0xffffffff8051fce0                ACPI::xsdtEntryTable
                0xffffffff8051fcf8                ACPI::xsdt
                0xffffffff8051fd00                ACPI::rsdt
                0xffffffff8051fd08                ACPI::rsdp
                0xffffffff8051fd20                ACPI::g_InterruptOverrides
                0xffffffff80520540                ACPI::g_Processors
 .bss           0xffffffff80520650        0x0 ./build/kernel/Drivers/Generic/ACPI/ACPITimerImpl.o
 .bss           0xffffffff80520650        0x0 ./build/kernel/Drivers/Generic/ACPI/MADTMain.o
 .bss           0xffffffff80520650        0x0 ./build/kernel/Drivers/Generic/APIC/APICMain.o
 .bss           0xffffffff80520650       0x28 ./build/kernel/Drivers/Generic/APIC/IO.o
                0xffffffff80520650                APIC::IO::apicId
                0xffffffff80520654                APIC::IO::interrupts
                0xffffffff80520658                APIC::IO::ioWindow
                0xffffffff80520660                APIC::IO::registerSelect
                0xffffffff80520668                APIC::IO::BaseVirtIO
                0xffffffff80520670                APIC::IO::BasePhys
 .bss           0xffffffff80520678       0x10 ./build/kernel/Drivers/Generic/APIC/Local.o
                0xffffffff80520678                APIC::Local::BaseVirtIO
                0xffffffff80520680                APIC::Local::BasePhys
 .bss           0xffffffff80520688        0x0 ./build/kernel/Drivers/Generic/APIC/LocalAPICTimerImpl.o
 .bss           0xffffffff80520688        0x8 ./build/kernel/Drivers/Input/PS2LegacyController.o
                0xffffffff80520688                Input::g_PS2Keyboard
 .bss           0xffffffff80520690        0x4 ./build/kernel/Drivers/Input/PS2LegacyKeyboardImpl.o
 .bss           0xffffffff80520694        0x0 ./build/kernel/Drivers/Storage/AHCI/AHCIControllerDeviceImpl.o
 *fill*         0xffffffff80520694        0x4 
 .bss           0xffffffff80520698        0x8 ./build/kernel/Drivers/Storage/AHCI/AHCIMain.o
                0xffffffff80520698                AHCI::g_ControllerDevice
 .bss           0xffffffff805206a0        0x0 ./build/kernel/Drivers/Storage/AHCI/SATADiskDeviceImpl.o
 .bss           0xffffffff805206a0       0x10 ./build/kernel/Drivers/Video.o
                0xffffffff805206a0                Video::verticalOffset
                0xffffffff805206a2                Video::horizontalOffset
                0xffffffff805206a8                Video::buffers
 .bss           0xffffffff805206b0        0x0 ./build/kernel/Event.o
 .bss           0xffffffff805206b0        0x0 ./build/kernel/Fs/DiskDeviceImpl.o
 .bss           0xffffffff805206b0        0x0 ./build/kernel/Input/ConsoleImpl.o
 .bss           0xffffffff805206b0        0x0 ./build/kernel/Input/KeyCode.o
 .bss           0xffffffff805206b0        0x0 ./build/kernel/libkern/printf.o
 .bss           0xffffffff805206b0        0x0 ./build/kernel/libkern/sprintf.o
 *fill*         0xffffffff805206b0       0x10 
 .bss           0xffffffff805206c0     0x14a0 ./build/kernel/Memory/Memory.o
                0xffffffff805206c0                Memory::g_KernelAllocator
                0xffffffff805206e0                Memory::g_Sections
                0xffffffff80521700                Memory::g_Blocks
                0xffffffff80521b20                Memory::g_Statistics
 .bss           0xffffffff80521b60      0x348 ./build/kernel/Memory/Page.o
                0xffffffff80521b60                Memory::zones
 .bss           0xffffffff80521ea8        0x0 ./build/kernel/Memory/PageAllocation.o
 .bss           0xffffffff80521ea8        0x0 ./build/kernel/Memory/SlabAllocatorImpl.o
 *fill*         0xffffffff80521ea8       0x18 
 .bss           0xffffffff80521ec0       0x80 ./build/kernel/Memory/Slub.o
                0xffffffff80521ec0                Memory::caches
 .bss           0xffffffff80521f40        0x0 ./build/kernel/Panic.o
 .bss           0xffffffff80521f40        0x0 ./build/kernel/Process/ActivityImpl.o
 .bss           0xffffffff80521f40       0x28 ./build/kernel/Process/ActivityManagement.o
                0xffffffff80521f40                Task::g_SystemActivity
 .bss           0xffffffff80521f68        0x0 ./build/kernel/Process/ProcessImpl.o
 *fill*         0xffffffff80521f68       0x18 
 .bss           0xffffffff80521f80       0xa8 ./build/kernel/Process/Scheduler.o
                0xffffffff80521f80                Task::g_Scheduler
                0xffffffff80521fa0                Task::g_KernelProcess
 .bss           0xffffffff80522028        0x0 ./build/kernel/Process/SchedulerImpl.o
 .bss           0xffffffff80522028        0x0 ./build/kernel/Runtime.o
 .bss           0xffffffff80522028        0x0 ./build/kernel/String.o
 *fill*         0xffffffff80522028       0x18 
 .bss           0xffffffff80522040       0x48 ./build/kernel/System.o
                0xffffffff80522040                Timer::g_TypePreferrence
                0xffffffff80522048                g_Console
                0xffffffff80522060                g_Timers
 .bss           0xffffffff80522088        0x0 ./build/kernel/Video/FrameBufferPresenterImpl.o
 .bss           0xffffffff80522088        0x0 ./build/kernel/Video/TextModePresenterImpl.o
 .bss           0xffffffff80522088        0x0 ./build/kernel/Video/VideoControllerImpl.o
 *fill*         0xffffffff80522088        0x8 
 .bss           0xffffffff80522090     0x8000 ./build/kernel/Arch/x86_64/KernelStack.o
                0xffffffff80522090                stack_bottom
                0xffffffff8052a090                stack_top
                0xffffffff8052a090                __bss_end = .
                0xffffffff8052a090                KERNEL_END_ADDR = .

/DISCARD/
 *(.comment)
LOAD ./build/kernel/Arch/x86_64/Arch.o
LOAD ./build/kernel/Arch/x86_64/BootX64.o
LOAD ./build/kernel/Arch/x86_64/CPU.o
LOAD ./build/kernel/Arch/x86_64/GDT.o
LOAD ./build/kernel/Arch/x86_64/IDT.o
LOAD ./build/kernel/Arch/x86_64/Interrupts.o
LOAD ./build/kernel/Arch/x86_64/MMU.o
LOAD ./build/kernel/Arch/x86_64/PIC.o
LOAD ./build/kernel/Arch/x86_64/PIT.o
LOAD ./build/kernel/Arch/x86_64/SchedulerArchImpl.o
LOAD ./build/kernel/Arch/x86_64/SMBIOS.o
LOAD ./build/kernel/Arch/x86_64/SMP.o
LOAD ./build/kernel/Arch/x86_64/TaskStateSegment.o
LOAD ./build/kernel/Device/ComputerDeviceImpl.o
LOAD ./build/kernel/Device/DeviceImpl.o
LOAD ./build/kernel/Device/DeviceManagement.o
LOAD ./build/kernel/Device/DeviceStaticImpl.o
LOAD ./build/kernel/Drivers/Bus/PCI/PCIDeviceImpl.o
LOAD ./build/kernel/Drivers/Bus/PCI/PCIDeviceProviderImpl.o
LOAD ./build/kernel/Drivers/Bus/PCI/PCIMain.o
LOAD ./build/kernel/Drivers/Clock/HPET/HPETTimerImpl.o
LOAD ./build/kernel/Drivers/Generic/ACPI/ACPIMain.o
LOAD ./build/kernel/Drivers/Generic/ACPI/ACPITimerImpl.o
LOAD ./build/kernel/Drivers/Generic/ACPI/MADTMain.o
LOAD ./build/kernel/Drivers/Generic/APIC/APICMain.o
LOAD ./build/kernel/Drivers/Generic/APIC/IO.o
LOAD ./build/kernel/Drivers/Generic/APIC/Local.o
LOAD ./build/kernel/Drivers/Generic/APIC/LocalAPICTimerImpl.o
LOAD ./build/kernel/Drivers/Input/PS2LegacyController.o
LOAD ./build/kernel/Drivers/Input/PS2LegacyKeyboardImpl.o
LOAD ./build/kernel/Drivers/Storage/AHCI/AHCIControllerDeviceImpl.o
LOAD ./build/kernel/Drivers/Storage/AHCI/AHCIMain.o
LOAD ./build/kernel/Drivers/Storage/AHCI/SATADiskDeviceImpl.o
LOAD ./build/kernel/Drivers/Video.o
LOAD ./build/kernel/Event.o
LOAD ./build/kernel/Fs/DiskDeviceImpl.o
LOAD ./build/kernel/Input/ConsoleImpl.o
LOAD ./build/kernel/Input/KeyCode.o
LOAD ./build/kernel/libkern/printf.o
LOAD ./build/kernel/libkern/sprintf.o
LOAD ./build/kernel/Memory/Memory.o
LOAD ./build/kernel/Memory/Page.o
LOAD ./build/kernel/Memory/PageAllocation.o
LOAD ./build/kernel/Memory/SlabAllocatorImpl.o
LOAD ./build/kernel/Memory/Slub.o
LOAD ./build/kernel/Panic.o
LOAD ./build/kernel/Process/ActivityImpl.o
LOAD ./build/kernel/Process/ActivityManagement.o
LOAD ./build/kernel/Process/ProcessImpl.o
LOAD ./build/kernel/Process/Scheduler.o
LOAD ./build/kernel/Process/SchedulerImpl.o
LOAD ./build/kernel/Runtime.o
LOAD ./build/kernel/String.o
LOAD ./build/kernel/System.o
LOAD ./build/kernel/Video/FrameBufferPresenterImpl.o
LOAD ./build/kernel/Video/TextModePresenterImpl.o
LOAD ./build/kernel/Video/VideoControllerImpl.o
LOAD ./build/kernel/Arch/x86_64/Header.o
LOAD ./build/kernel/Arch/x86_64/IRQ.o
LOAD ./build/kernel/Arch/x86_64/KernelStack.o
LOAD ./build/kernel/Arch/x86_64/SMPTrampoline.o
LOAD ./build/kernel/Arch/x86_64/Wrapper.o
OUTPUT(./dist/x86_64/atrikrnl.elf elf64-x86-64)
