
Discarded input sections

 .comment       0x0000000000000000       0x13 ./build/kernel/Arch/x86_64/Arch.o
 .group         0x0000000000000000        0x8 ./build/kernel/Arch/x86_64/BootX64.o
 .group         0x0000000000000000        0x8 ./build/kernel/Arch/x86_64/BootX64.o
 .comment       0x0000000000000000       0x13 ./build/kernel/Arch/x86_64/BootX64.o
 .group         0x0000000000000000        0x8 ./build/kernel/Arch/x86_64/CPU.o
 .group         0x0000000000000000        0x8 ./build/kernel/Arch/x86_64/CPU.o
 .group         0x0000000000000000        0x8 ./build/kernel/Arch/x86_64/CPU.o
 .group         0x0000000000000000        0x8 ./build/kernel/Arch/x86_64/CPU.o
 .comment       0x0000000000000000       0x13 ./build/kernel/Arch/x86_64/CPU.o
 .group         0x0000000000000000        0x8 ./build/kernel/Arch/x86_64/GDT.o
 .group         0x0000000000000000        0x8 ./build/kernel/Arch/x86_64/GDT.o
 .comment       0x0000000000000000       0x13 ./build/kernel/Arch/x86_64/GDT.o
 .comment       0x0000000000000000       0x13 ./build/kernel/Arch/x86_64/IDT.o
 .group         0x0000000000000000        0x8 ./build/kernel/Arch/x86_64/Interrupts.o
 .comment       0x0000000000000000       0x13 ./build/kernel/Arch/x86_64/Interrupts.o
 .group         0x0000000000000000        0x8 ./build/kernel/Arch/x86_64/MMU.o
 .group         0x0000000000000000        0x8 ./build/kernel/Arch/x86_64/MMU.o
 .group         0x0000000000000000        0xc ./build/kernel/Arch/x86_64/MMU.o
 .comment       0x0000000000000000       0x13 ./build/kernel/Arch/x86_64/MMU.o
 .comment       0x0000000000000000       0x13 ./build/kernel/Arch/x86_64/PIC.o
 .comment       0x0000000000000000       0x13 ./build/kernel/Arch/x86_64/PIT.o
 .comment       0x0000000000000000       0x13 ./build/kernel/Arch/x86_64/SchedulerArchImpl.o
 .comment       0x0000000000000000       0x13 ./build/kernel/Arch/x86_64/SMBIOS.o
 .group         0x0000000000000000        0x8 ./build/kernel/Arch/x86_64/SMP.o
 .comment       0x0000000000000000       0x13 ./build/kernel/Arch/x86_64/SMP.o
 .group         0x0000000000000000        0x8 ./build/kernel/Arch/x86_64/TaskStateSegment.o
 .comment       0x0000000000000000       0x13 ./build/kernel/Arch/x86_64/TaskStateSegment.o
 .comment       0x0000000000000000       0x13 ./build/kernel/Device/ComputerDeviceImpl.o
 .group         0x0000000000000000        0x8 ./build/kernel/Device/DeviceImpl.o
 .group         0x0000000000000000        0xc ./build/kernel/Device/DeviceImpl.o
 .comment       0x0000000000000000       0x13 ./build/kernel/Device/DeviceImpl.o
 .group         0x0000000000000000        0x8 ./build/kernel/Device/DeviceManagement.o
 .group         0x0000000000000000        0xc ./build/kernel/Device/DeviceManagement.o
 .group         0x0000000000000000        0x8 ./build/kernel/Device/DeviceManagement.o
 .group         0x0000000000000000        0xc ./build/kernel/Device/DeviceManagement.o
 .group         0x0000000000000000        0x8 ./build/kernel/Device/DeviceManagement.o
 .group         0x0000000000000000        0xc ./build/kernel/Device/DeviceManagement.o
 .comment       0x0000000000000000       0x13 ./build/kernel/Device/DeviceManagement.o
 .group         0x0000000000000000        0x8 ./build/kernel/Device/DeviceStaticImpl.o
 .group         0x0000000000000000        0x8 ./build/kernel/Device/DeviceStaticImpl.o
 .group         0x0000000000000000        0xc ./build/kernel/Device/DeviceStaticImpl.o
 .group         0x0000000000000000        0x8 ./build/kernel/Device/DeviceStaticImpl.o
 .group         0x0000000000000000        0xc ./build/kernel/Device/DeviceStaticImpl.o
 .group         0x0000000000000000        0x8 ./build/kernel/Device/DeviceStaticImpl.o
 .group         0x0000000000000000        0xc ./build/kernel/Device/DeviceStaticImpl.o
 .group         0x0000000000000000        0x8 ./build/kernel/Device/DeviceStaticImpl.o
 .group         0x0000000000000000        0x8 ./build/kernel/Device/DeviceStaticImpl.o
 .group         0x0000000000000000        0xc ./build/kernel/Device/DeviceStaticImpl.o
 .group         0x0000000000000000        0xc ./build/kernel/Device/DeviceStaticImpl.o
 .comment       0x0000000000000000       0x13 ./build/kernel/Device/DeviceStaticImpl.o
 .group         0x0000000000000000        0x8 ./build/kernel/Drivers/Bus/PCI/PCIDeviceImpl.o
 .group         0x0000000000000000        0xc ./build/kernel/Drivers/Bus/PCI/PCIDeviceImpl.o
 .group         0x0000000000000000        0xc ./build/kernel/Drivers/Bus/PCI/PCIDeviceImpl.o
 .group         0x0000000000000000        0xc ./build/kernel/Drivers/Bus/PCI/PCIDeviceImpl.o
 .group         0x0000000000000000        0xc ./build/kernel/Drivers/Bus/PCI/PCIDeviceImpl.o
 .group         0x0000000000000000        0xc ./build/kernel/Drivers/Bus/PCI/PCIDeviceImpl.o
 .group         0x0000000000000000        0xc ./build/kernel/Drivers/Bus/PCI/PCIDeviceImpl.o
 .comment       0x0000000000000000       0x13 ./build/kernel/Drivers/Bus/PCI/PCIDeviceImpl.o
[...]
Memory Configuration

Name             Origin             Length             Attributes
*default*        0x0000000000000000 0xffffffffffffffff

Linker script and memory map

                0xffffffff80000000                KERNEL_VMA = 0xffffffff80000000
                0x0000000000100000                . = 0x100000

.boot.text      0x0000000000100000       0x44
 *(.boot.text)
 .boot.text     0x0000000000100000       0x44 ./build/kernel/Arch/x86_64/Header.o

.boot.data      0x0000000000100044      0xfbc
 *(.boot.data)
                0x0000000000101000                . = ALIGN (0x1000)
 *fill*         0x0000000000100044      0xfbc 
                0xffffffff80101000                . = (. + KERNEL_VMA)
                0xffffffff80101000                KERNEL_START_ADDR = .

.stivalehdr
 *(.stivalehdr)

.stivale2hdr    0xffffffff80101000       0x20 load address 0x0000000000101000
 *(.stivale2hdr)
 .stivale2hdr   0xffffffff80101000       0x20 ./build/kernel/Arch/x86_64/Header.o

.text           0xffffffff80102000     0xd4ab load address 0x0000000000102000
 *(.text*)
 .text          0xffffffff80102000       0x87 ./build/kernel/Arch/x86_64/Arch.o
                0xffffffff8010203f                System::Reboot()
                0xffffffff80102078                System::Shutdown()
                0xffffffff8010207f                Halt()
 .text          0xffffffff80102087      0x47c ./build/kernel/Arch/x86_64/BootX64.o
                0xffffffff80102087                Boot::multiboot2(BootInfo*, multiboot2_info_header_t*)
                0xffffffff8010209a                Boot::stivale2(BootInfo*, stivale2_struct*)
                0xffffffff80102340                Boot::Start()
                0xffffffff801024bf                kload_stivale2
 .text._Z17DisableInterruptsv
                0xffffffff80102503        0x8 ./build/kernel/Arch/x86_64/BootX64.o
                0xffffffff80102503                DisableInterrupts()
 .text._Z16EnableInterruptsv
                0xffffffff8010250b        0x8 ./build/kernel/Arch/x86_64/BootX64.o
                0xffffffff8010250b                EnableInterrupts()
 .text          0xffffffff80102513      0x1f6 ./build/kernel/Arch/x86_64/CPU.o
                0xffffffff80102542                CurrentCPU()
                0xffffffff80102578                CPUID()
                0xffffffff8010266c                SetCPULocal(CPU*)
                0xffffffff801026b6                GetCPULocal()
 *fill*         0xffffffff80102709        0x1 
 .text._ZN18InterruptsRetainerC2Ev
                0xffffffff8010270a       0x10 ./build/kernel/Arch/x86_64/CPU.o
                0xffffffff8010270a                InterruptsRetainer::InterruptsRetainer()
                0xffffffff8010270a                InterruptsRetainer::InterruptsRetainer()
 .text._ZN18InterruptsRetainerD2Ev
                0xffffffff8010271a       0x10 ./build/kernel/Arch/x86_64/CPU.o
                0xffffffff8010271a                InterruptsRetainer::~InterruptsRetainer()
                0xffffffff8010271a                InterruptsRetainer::~InterruptsRetainer()
 .text._ZN9CPUIDInfoC2Ev
                0xffffffff8010272a       0x17 ./build/kernel/Arch/x86_64/CPU.o
                0xffffffff8010272a                CPUIDInfo::CPUIDInfo()
                0xffffffff8010272a                CPUIDInfo::CPUIDInfo()
 .text          0xffffffff80102741       0xb3 ./build/kernel/Arch/x86_64/GDT.o
                0xffffffff80102741                GDT::Initialize()
 .text._ZN11GDTTssEntryC2Ev
                0xffffffff801027f4        0xf ./build/kernel/Arch/x86_64/GDT.o
                0xffffffff801027f4                GDTTssEntry::GDTTssEntry()
                0xffffffff801027f4                GDTTssEntry::GDTTssEntry()
 *fill*         0xffffffff80102803        0x1 
 .text._ZN11GDTTssEntryC2ERK16TaskStateSegment
                0xffffffff80102804       0x78 ./build/kernel/Arch/x86_64/GDT.o
                0xffffffff80102804                GDTTssEntry::GDTTssEntry(TaskStateSegment const&)
                0xffffffff80102804                GDTTssEntry::GDTTssEntry(TaskStateSegment const&)
 .text          0xffffffff8010287c      0x180 ./build/kernel/Arch/x86_64/IDT.o
                0xffffffff8010287c                IDT::SetGate(unsigned char, unsigned long, unsigned short, unsigned char, unsigned char)
                0xffffffff8010298c                IDT::Initialize()
 .text          0xffffffff801029fc      0x252 ./build/kernel/Arch/x86_64/Interrupts.o
                0xffffffff801029fc                UnhandlededException(InterruptData*, RegisterContext*)
                0xffffffff80102a40                DispatchInterrupts
                0xffffffff80102bea                RegisterIRQ(unsigned char, void (*)(InterruptData*, RegisterContext*))
 .text          0xffffffff80102c4e      0xd27 ./build/kernel/Arch/x86_64/MMU.o
                0xffffffff80102c4e                Memory::Paging::PageFaultHandler(InterruptData*, RegisterContext*)
                0xffffffff80102c61                Memory::Paging::InitializeVirtualMemory()
                0xffffffff80102f92                Memory::Paging::IsPagePresent(Memory::Paging::VirtualPages*, unsigned long)
                0xffffffff801030cf                Memory::Paging::CreatePagemap()
                0xffffffff8010316f                Memory::Paging::DestroyPagemap()
                0xffffffff80103176                Memory::Paging::MapVirtualMemory4K(Memory::Paging::VirtualPages*, unsigned long, unsigned long, unsigned long, unsigned long)
                0xffffffff80103195                Memory::Paging::Allocate4KPages(Memory::Paging::VirtualPages*, unsigned long)
                0xffffffff801031ac                Memory::Paging::Free4KPages(Memory::Paging::VirtualPages*, unsigned long, unsigned long)
                0xffffffff801031c3                Memory::Paging::KernelMapVirtualMemory4K(unsigned long, unsigned long, unsigned long)
                0xffffffff801031fa                Memory::Paging::KernelMapVirtualMemory4K(unsigned long, unsigned long, unsigned long, unsigned long)
                0xffffffff80103476                Memory::Paging::KernelAllocate4KPages(unsigned long)
                0xffffffff80103822                Memory::Paging::KernelFree4KPages(void*, unsigned long)
                0xffffffff80103835                Memory::Paging::ConvertVirtToPhys(Memory::Paging::VirtualPages*, unsigned long)
                0xffffffff80103941                Memory::Paging::HandlePageFault(void*, RegisterContext*)
                0xffffffff80103954                Memory::GetIOMapping(unsigned long)
 .text._ZN6Memory6Paging12SetPageFlagsEPmm
                0xffffffff80103975       0x28 ./build/kernel/Arch/x86_64/MMU.o
                0xffffffff80103975                Memory::Paging::SetPageFlags(unsigned long*, unsigned long)
 .text._ZN6Memory6Paging12SetPageFrameEPmmm
                0xffffffff8010399d       0x4a ./build/kernel/Arch/x86_64/MMU.o
                0xffffffff8010399d                Memory::Paging::SetPageFrame(unsigned long*, unsigned long, unsigned long)
 .text._ZN6Memory6Paging12GetIOMappingEm
                0xffffffff801039e7       0x4f ./build/kernel/Arch/x86_64/MMU.o
                0xffffffff801039e7                Memory::Paging::GetIOMapping(unsigned long)
 .text          0xffffffff80103a36      0x20c ./build/kernel/Arch/x86_64/PIC.o
                0xffffffff80103a74                PIC::Initialize()
                0xffffffff80103bcf                PIC::Disable()
                0xffffffff80103c02                RestoreInterrupts(int)
 .text          0xffffffff80103c42       0xa1 ./build/kernel/Arch/x86_64/PIT.o
                0xffffffff80103c63                PIT::TimerTickHandler(void*, RegisterContext*)
                0xffffffff80103c76                PIT::Initialize(unsigned int)
 *fill*         0xffffffff80103ce3        0x1 
 .text          0xffffffff80103ce4       0xe1 ./build/kernel/Arch/x86_64/SchedulerArchImpl.o
                0xffffffff80103d14                Task::Scheduler::SwitchThread(Task::Thread*)
 *fill*         0xffffffff80103dc5        0x1 
 .text          0xffffffff80103dc6      0x1d1 ./build/kernel/Arch/x86_64/SMBIOS.o
                0xffffffff80103e16                SMBIOS::Initialize()
 *fill*         0xffffffff80103f97        0x1 
 .text          0xffffffff80103f98      0x660 ./build/kernel/Arch/x86_64/SMP.o
                0xffffffff80103f98                SMP::TrampolineEntry(unsigned short)
                0xffffffff801040e8                SMP::InitializeProcessor(unsigned short)
                0xffffffff801043b7                SMP::Initialize()
 .text._ZN14SizedArrayListIhLi256EE6LengthEv
                0xffffffff801045f8       0x19 ./build/kernel/Arch/x86_64/SMP.o
                0xffffffff801045f8                SizedArrayList<unsigned char, 256>::Length()
 .text          0xffffffff80104611      0x115 ./build/kernel/Arch/x86_64/TaskStateSegment.o
                0xffffffff80104611                TSS::Initialize(TaskStateSegment*, void*)
 .text          0xffffffff80104726        0x0 ./build/kernel/Device/ComputerDeviceImpl.o
 .text          0xffffffff80104726       0x61 ./build/kernel/Device/DeviceImpl.o
                0xffffffff80104726                Device::Device(char const*, DeviceBus, DeviceType)
                0xffffffff80104726                Device::Device(char const*, DeviceBus, DeviceType)
 *fill*         0xffffffff80104787        0x1 
 .text._ZN10LinkedListIP6DeviceEC2Ev
                0xffffffff80104788       0x3c ./build/kernel/Device/DeviceImpl.o
                0xffffffff80104788                LinkedList<Device*>::LinkedList()
                0xffffffff80104788                LinkedList<Device*>::LinkedList()
 .text          0xffffffff801047c4       0xa1 ./build/kernel/Device/DeviceManagement.o
 *fill*         0xffffffff80104865        0x1 
 .text._ZN8Spinlock7ReleaseEv
                0xffffffff80104866       0x1a ./build/kernel/Device/DeviceManagement.o
                0xffffffff80104866                Spinlock::Release()
 .text._ZN10LinkedListIP6DeviceED2Ev
                0xffffffff80104880       0x26 ./build/kernel/Device/DeviceManagement.o
                0xffffffff80104880                LinkedList<Device*>::~LinkedList()
                0xffffffff80104880                LinkedList<Device*>::~LinkedList()
 .text._ZN14SizedArrayListIP14DeviceProviderLi4EEC2Ev
                0xffffffff801048a6       0x27 ./build/kernel/Device/DeviceManagement.o
                0xffffffff801048a6                SizedArrayList<DeviceProvider*, 4>::SizedArrayList()
                0xffffffff801048a6                SizedArrayList<DeviceProvider*, 4>::SizedArrayList()
 *fill*         0xffffffff801048cd        0x1 
 .text._ZN14SizedArrayListI10LinkedListIP6DeviceELi20EEC2Ev
                0xffffffff801048ce       0x61 ./build/kernel/Device/DeviceManagement.o
                0xffffffff801048ce                SizedArrayList<LinkedList<Device*>, 20>::SizedArrayList()
                0xffffffff801048ce                SizedArrayList<LinkedList<Device*>, 20>::SizedArrayList()
 *fill*         0xffffffff8010492f        0x1 
 .text._ZN14SizedArrayListI10LinkedListIP6DeviceELi20EED2Ev
                0xffffffff80104930       0x46 ./build/kernel/Device/DeviceManagement.o
                0xffffffff80104930                SizedArrayList<LinkedList<Device*>, 20>::~SizedArrayList()
                0xffffffff80104930                SizedArrayList<LinkedList<Device*>, 20>::~SizedArrayList()
 .text          0xffffffff80104976      0x169 ./build/kernel/Device/DeviceStaticImpl.o
                0xffffffff80104976                Device::GetDevice(char const*)
                0xffffffff80104986                Device::GetDevice(unsigned long)
                0xffffffff80104996                Device::RegisterDevice(Device*)
                0xffffffff80104a22                Device::GetProvider(DeviceBus)
                0xffffffff80104a30                Device::EnumerateDevice(DeviceType)
 *fill*         0xffffffff80104adf        0x1 
 .text._ZN8Spinlock7AcquireEv
                0xffffffff80104ae0       0x28 ./build/kernel/Device/DeviceStaticImpl.o
                0xffffffff80104ae0                Spinlock::Acquire()
 .text._ZN14SizedArrayListI10LinkedListIP6DeviceELi20EEixEi
                0xffffffff80104b08       0x38 ./build/kernel/Device/DeviceStaticImpl.o
                0xffffffff80104b08                SizedArrayList<LinkedList<Device*>, 20>::operator[](int)
 .text._ZN10LinkedListIP6DeviceE3AddES1_
                0xffffffff80104b40       0x63 ./build/kernel/Device/DeviceStaticImpl.o
                0xffffffff80104b40                LinkedList<Device*>::Add(Device*)
 *fill*         0xffffffff80104ba3        0x1 
 .text._ZN8ListNodeIP6DeviceEC2ES1_
                0xffffffff80104ba4       0x1f ./build/kernel/Device/DeviceStaticImpl.o
                0xffffffff80104ba4                ListNode<Device*>::ListNode(Device*)
                0xffffffff80104ba4                ListNode<Device*>::ListNode(Device*)
 *fill*         0xffffffff80104bc3        0x1 
 .text._ZN10LinkedListIP6DeviceE3AddEP8ListNodeIS1_E
                0xffffffff80104bc4       0xa2 ./build/kernel/Device/DeviceStaticImpl.o
                0xffffffff80104bc4                LinkedList<Device*>::Add(ListNode<Device*>*)
 .text          0xffffffff80104c66       0xdd ./build/kernel/Drivers/Bus/PCI/PCIDeviceImpl.o
                0xffffffff80104c66                PCI::PCIDevice::PCIDevice(unsigned char, unsigned char, unsigned char, unsigned char, unsigned char)
                0xffffffff80104c66                PCI::PCIDevice::PCIDevice(unsigned char, unsigned char, unsigned char, unsigned char, unsigned char)
                0xffffffff80104cf0                PCI::PCIDevice::~PCIDevice()
                0xffffffff80104cf0                PCI::PCIDevice::~PCIDevice()
                0xffffffff80104d24                PCI::PCIDevice::Enable()
                0xffffffff80104d34                PCI::PCIDevice::Disable()
 *fill*         0xffffffff80104d43        0x1 
 .text._ZN6DeviceD2Ev
                0xffffffff80104d44       0x37 ./build/kernel/Drivers/Bus/PCI/PCIDeviceImpl.o
                0xffffffff80104d44                Device::~Device()
                0xffffffff80104d44                Device::~Device()
 *fill*         0xffffffff80104d7b        0x1 
 .text._ZN6DeviceC2E9DeviceBus10DeviceType
                0xffffffff80104d7c       0x33 ./build/kernel/Drivers/Bus/PCI/PCIDeviceImpl.o
                0xffffffff80104d7c                Device::Device(DeviceBus, DeviceType)
                0xffffffff80104d7c                Device::Device(DeviceBus, DeviceType)
 *fill*         0xffffffff80104daf        0x1 
 .text._ZN3PCI7PCIInfoC2Ehhhhh
                0xffffffff80104db0       0xd4 ./build/kernel/Drivers/Bus/PCI/PCIDeviceImpl.o
                0xffffffff80104db0                PCI::PCIInfo::PCIInfo(unsigned char, unsigned char, unsigned char, unsigned char, unsigned char)
                0xffffffff80104db0                PCI::PCIInfo::PCIInfo(unsigned char, unsigned char, unsigned char, unsigned char, unsigned char)
 .text          0xffffffff80104e84      0x523 ./build/kernel/Drivers/Bus/PCI/PCIDeviceProviderImpl.o
                0xffffffff80104e84                PCI::PCIDeviceProvider::PCIDeviceProvider()
                0xffffffff80104e84                PCI::PCIDeviceProvider::PCIDeviceProvider()
                0xffffffff80105194                PCI::PCIDeviceProvider::~PCIDeviceProvider()
                0xffffffff80105194                PCI::PCIDeviceProvider::~PCIDeviceProvider()
                0xffffffff801051e2                PCI::PCIDeviceProvider::FindName(char const*)
                0xffffffff801051f6                PCI::PCIDeviceProvider::ConnectDevice(unsigned char, unsigned char, unsigned char)
                0xffffffff80105270                PCI::PCIDeviceProvider::CheckDevice(unsigned char, unsigned char, unsigned char)
                0xffffffff801052ae                PCI::PCIDeviceProvider::FindDevice(unsigned short, unsigned short)
                0xffffffff801052cc                PCI::PCIDeviceProvider::FindGenericDevice(unsigned short, unsigned short)
                0xffffffff8010536a                PCI::PCIDeviceProvider::EnumerateDevice(unsigned short, unsigned short, void (*)(PCI::PCIInfo&))
                0xffffffff8010538a                PCI::PCIDeviceProvider::EnumerateGenericDevice(unsigned char, unsigned char, void (*)(PCI::PCIInfo&))
 *fill*         0xffffffff801053a7        0x1 
 .text._ZN3PCI7PCIInfoC2Ehhh
                0xffffffff801053a8       0x8a ./build/kernel/Drivers/Bus/PCI/PCIDeviceProviderImpl.o
                0xffffffff801053a8                PCI::PCIInfo::PCIInfo(unsigned char, unsigned char, unsigned char)
                0xffffffff801053a8                PCI::PCIInfo::PCIInfo(unsigned char, unsigned char, unsigned char)
 .text._ZN14DeviceProviderC2Ev
                0xffffffff80105432       0x20 ./build/kernel/Drivers/Bus/PCI/PCIDeviceProviderImpl.o
                0xffffffff80105432                DeviceProvider::DeviceProvider()
                0xffffffff80105432                DeviceProvider::DeviceProvider()
 .text._ZN10LinkedListIN3PCI7PCIInfoEEC2Ev
                0xffffffff80105452       0x3c ./build/kernel/Drivers/Bus/PCI/PCIDeviceProviderImpl.o
                0xffffffff80105452                LinkedList<PCI::PCIInfo>::LinkedList()
                0xffffffff80105452                LinkedList<PCI::PCIInfo>::LinkedList()
 .text._ZN10LinkedListIN3PCI7PCIInfoEED2Ev
                0xffffffff8010548e       0x26 ./build/kernel/Drivers/Bus/PCI/PCIDeviceProviderImpl.o
                0xffffffff8010548e                LinkedList<PCI::PCIInfo>::~LinkedList()
                0xffffffff8010548e                LinkedList<PCI::PCIInfo>::~LinkedList()
 .text._ZN10LinkedListIP11MCFGAddressEC2Ev
                0xffffffff801054b4       0x3c ./build/kernel/Drivers/Bus/PCI/PCIDeviceProviderImpl.o
                0xffffffff801054b4                LinkedList<MCFGAddress*>::LinkedList()
                0xffffffff801054b4                LinkedList<MCFGAddress*>::LinkedList()
 .text._ZN10LinkedListIP11MCFGAddressED2Ev
                0xffffffff801054f0       0x26 ./build/kernel/Drivers/Bus/PCI/PCIDeviceProviderImpl.o
                0xffffffff801054f0                LinkedList<MCFGAddress*>::~LinkedList()
                0xffffffff801054f0                LinkedList<MCFGAddress*>::~LinkedList()
 .text._ZN10LinkedListIN3PCI7PCIInfoEEaSERKS2_
                0xffffffff80105516       0x13 ./build/kernel/Drivers/Bus/PCI/PCIDeviceProviderImpl.o
                0xffffffff80105516                LinkedList<PCI::PCIInfo>::operator=(LinkedList<PCI::PCIInfo> const&)
 *fill*         0xffffffff80105529        0x1 
 .text._ZN10LinkedListIP11MCFGAddressEaSERKS2_
                0xffffffff8010552a       0x13 ./build/kernel/Drivers/Bus/PCI/PCIDeviceProviderImpl.o
                0xffffffff8010552a                LinkedList<MCFGAddress*>::operator=(LinkedList<MCFGAddress*> const&)
 *fill*         0xffffffff8010553d        0x1 
 .text._ZN10LinkedListIP11MCFGAddressE3AddES1_
                0xffffffff8010553e       0x63 ./build/kernel/Drivers/Bus/PCI/PCIDeviceProviderImpl.o
                0xffffffff8010553e                LinkedList<MCFGAddress*>::Add(MCFGAddress*)
 *fill*         0xffffffff801055a1        0x1 
 .text._ZN10LinkedListIN3PCI7PCIInfoEE3AddES1_
                0xffffffff801055a2       0x82 ./build/kernel/Drivers/Bus/PCI/PCIDeviceProviderImpl.o
                0xffffffff801055a2                LinkedList<PCI::PCIInfo>::Add(PCI::PCIInfo)
 .text._ZN10LinkedListIN3PCI7PCIInfoEE5CountEv
                0xffffffff80105624       0x15 ./build/kernel/Drivers/Bus/PCI/PCIDeviceProviderImpl.o
                0xffffffff80105624                LinkedList<PCI::PCIInfo>::Count()
 *fill*         0xffffffff80105639        0x1 
 .text._ZN10LinkedListIN3PCI7PCIInfoEEixEi
                0xffffffff8010563a       0x29 ./build/kernel/Drivers/Bus/PCI/PCIDeviceProviderImpl.o
                0xffffffff8010563a                LinkedList<PCI::PCIInfo>::operator[](int)
 *fill*         0xffffffff80105663        0x1 
 .text._ZN8ListNodeIP11MCFGAddressEC2ES1_
                0xffffffff80105664       0x1f ./build/kernel/Drivers/Bus/PCI/PCIDeviceProviderImpl.o
                0xffffffff80105664                ListNode<MCFGAddress*>::ListNode(MCFGAddress*)
                0xffffffff80105664                ListNode<MCFGAddress*>::ListNode(MCFGAddress*)
 *fill*         0xffffffff80105683        0x1 
 .text._ZN10LinkedListIP11MCFGAddressE3AddEP8ListNodeIS1_E
                0xffffffff80105684       0xa2 ./build/kernel/Drivers/Bus/PCI/PCIDeviceProviderImpl.o
                0xffffffff80105684                LinkedList<MCFGAddress*>::Add(ListNode<MCFGAddress*>*)
 .text._ZN8ListNodeIN3PCI7PCIInfoEEC2ES1_
                0xffffffff80105726       0x30 ./build/kernel/Drivers/Bus/PCI/PCIDeviceProviderImpl.o
                0xffffffff80105726                ListNode<PCI::PCIInfo>::ListNode(PCI::PCIInfo)
                0xffffffff80105726                ListNode<PCI::PCIInfo>::ListNode(PCI::PCIInfo)
 .text._ZN10LinkedListIN3PCI7PCIInfoEE3AddEP8ListNodeIS1_E
                0xffffffff80105756       0xa2 ./build/kernel/Drivers/Bus/PCI/PCIDeviceProviderImpl.o
                0xffffffff80105756                LinkedList<PCI::PCIInfo>::Add(ListNode<PCI::PCIInfo>*)
 .text._ZN10LinkedListIN3PCI7PCIInfoEE3GetEj
                0xffffffff801057f8       0x70 ./build/kernel/Drivers/Bus/PCI/PCIDeviceProviderImpl.o
                0xffffffff801057f8                LinkedList<PCI::PCIInfo>::Get(unsigned int)
 .text          0xffffffff80105868      0x535 ./build/kernel/Drivers/Bus/PCI/PCIMain.o
                0xffffffff801058a1                PCI::MsiCapSetData(PCI::MSICapability*, unsigned int)
                0xffffffff801058dd                PCI::MsiCapGetData(PCI::MSICapability*)
                0xffffffff8010590f                PCI::MsiCapSetAddress(PCI::MSICapability*, int)
                0xffffffff80105954                PCI::ConfigReadDword(unsigned char, unsigned char, unsigned char, unsigned char)
                0xffffffff801059bf                PCI::ConfigReadWord(unsigned char, unsigned char, unsigned char, unsigned char)
                0xffffffff80105a38                PCI::ConfigReadByte(unsigned char, unsigned char, unsigned char, unsigned char)
                0xffffffff80105ab1                PCI::ConfigWriteDword(unsigned char, unsigned char, unsigned char, unsigned char, unsigned int)
                0xffffffff80105b26                PCI::ConfigWriteWord(unsigned char, unsigned char, unsigned char, unsigned char, unsigned short)
                0xffffffff80105be9                PCI::ConfigWriteByte(unsigned char, unsigned char, unsigned char, unsigned char, unsigned char)
                0xffffffff80105ca1                PCI::GetVendor(unsigned char, unsigned char, unsigned char)
                0xffffffff80105ce3                PCI::GetDeviceID(unsigned char, unsigned char, unsigned char)
                0xffffffff80105d25                PCI::GetHeaderType(unsigned char, unsigned char, unsigned char)
                0xffffffff80105d5f                PCI::CheckDevice(unsigned char, unsigned char, unsigned char)
 *fill*         0xffffffff80105d9d        0x1 
 .text          0xffffffff80105d9e      0x16c ./build/kernel/Drivers/Clock/HPET/HPETTimerImpl.o
                0xffffffff80105d9e                HPETTimer::HPETTimer()
                0xffffffff80105d9e                HPETTimer::HPETTimer()
                0xffffffff80105e44                HPETTimer::Tick()
                0xffffffff80105e54                HPETTimer::CurrentTime(TimeSpan)
                0xffffffff80105e7e                HPETTimer::Sleep(long)
 .text._ZN9HPETTimer4ReadEm
                0xffffffff80105f0a       0x28 ./build/kernel/Drivers/Clock/HPET/HPETTimerImpl.o
                0xffffffff80105f0a                HPETTimer::Read(unsigned long)
 .text._ZN5TimerC2Ev
                0xffffffff80105f32       0x20 ./build/kernel/Drivers/Clock/HPET/HPETTimerImpl.o
                0xffffffff80105f32                Timer::Timer()
                0xffffffff80105f32                Timer::Timer()
 .text          0xffffffff80105f52      0x641 ./build/kernel/Drivers/Generic/ACPI/ACPIMain.o
                0xffffffff80105f52                ACPI::FindTableByName(char const*, int)
                0xffffffff801061e0                ACPI::Initialize()
                0xffffffff8010644a                ACPI::GetRemapIRQ(unsigned int)
 *fill*         0xffffffff80106593        0x1 
 .text._ZN13KeyValueTableImmEC2Ev
                0xffffffff80106594       0x22 ./build/kernel/Drivers/Generic/ACPI/ACPIMain.o
                0xffffffff80106594                KeyValueTable<unsigned long, unsigned long>::KeyValueTable()
                0xffffffff80106594                KeyValueTable<unsigned long, unsigned long>::KeyValueTable()
 .text._ZN14SizedArrayListIhLi256EEC2Ev
                0xffffffff801065b6       0x2d ./build/kernel/Drivers/Generic/ACPI/ACPIMain.o
                0xffffffff801065b6                SizedArrayList<unsigned char, 256>::SizedArrayList()
                0xffffffff801065b6                SizedArrayList<unsigned char, 256>::SizedArrayList()
 *fill*         0xffffffff801065e3        0x1 
 .text._ZN14SizedArrayListIP21MADTInterruptOverrideLi256EEC2Ev
                0xffffffff801065e4       0x2d ./build/kernel/Drivers/Generic/ACPI/ACPIMain.o
                0xffffffff801065e4                SizedArrayList<MADTInterruptOverride*, 256>::SizedArrayList()
                0xffffffff801065e4                SizedArrayList<MADTInterruptOverride*, 256>::SizedArrayList()
 *fill*         0xffffffff80106611        0x1 
 .text._ZN10LinkedListIP12KeyValuePairImmEEC2Ev
                0xffffffff80106612       0x3c ./build/kernel/Drivers/Generic/ACPI/ACPIMain.o
                0xffffffff80106612                LinkedList<KeyValuePair<unsigned long, unsigned long>*>::LinkedList()
                0xffffffff80106612                LinkedList<KeyValuePair<unsigned long, unsigned long>*>::LinkedList()
 .text._ZN10LinkedListIP12KeyValuePairImmEED2Ev
                0xffffffff8010664e       0x26 ./build/kernel/Drivers/Generic/ACPI/ACPIMain.o
                0xffffffff8010664e                LinkedList<KeyValuePair<unsigned long, unsigned long>*>::~LinkedList()
                0xffffffff8010664e                LinkedList<KeyValuePair<unsigned long, unsigned long>*>::~LinkedList()
 .text._ZN14SizedArrayListIP21MADTInterruptOverrideLi256EE6LengthEv
                0xffffffff80106674       0x19 ./build/kernel/Drivers/Generic/ACPI/ACPIMain.o
                0xffffffff80106674                SizedArrayList<MADTInterruptOverride*, 256>::Length()
 *fill*         0xffffffff8010668d        0x1 
 .text._ZN14SizedArrayListIP21MADTInterruptOverrideLi256EEixEi
                0xffffffff8010668e       0x35 ./build/kernel/Drivers/Generic/ACPI/ACPIMain.o
                0xffffffff8010668e                SizedArrayList<MADTInterruptOverride*, 256>::operator[](int)
 *fill*         0xffffffff801066c3        0x1 
 .text._ZN13KeyValueTableImmED2Ev
                0xffffffff801066c4       0x22 ./build/kernel/Drivers/Generic/ACPI/ACPIMain.o
                0xffffffff801066c4                KeyValueTable<unsigned long, unsigned long>::~KeyValueTable()
                0xffffffff801066c4                KeyValueTable<unsigned long, unsigned long>::~KeyValueTable()
 .text          0xffffffff801066e6      0x2a5 ./build/kernel/Drivers/Generic/ACPI/ACPITimerImpl.o
                0xffffffff80106704                ACPITimer::ACPITimer()
                0xffffffff80106704                ACPITimer::ACPITimer()
                0xffffffff8010681e                ACPITimer::~ACPITimer()
                0xffffffff8010681e                ACPITimer::~ACPITimer()
                0xffffffff8010683e                ACPITimer::Tick()
                0xffffffff8010684e                ACPITimer::CurrentTime(TimeSpan)
                0xffffffff8010687c                ACPITimer::Sleep(long)
 .text          0xffffffff8010698b        0x0 ./build/kernel/Drivers/Generic/ACPI/MADTMain.o
 .text          0xffffffff8010698b      0x2f1 ./build/kernel/Drivers/Generic/APIC/APICMain.o
                0xffffffff8010698b                APIC::Initialize()
 .text._ZN14SizedArrayListIhLi256EE3AddEh
                0xffffffff80106c7c       0x4e ./build/kernel/Drivers/Generic/APIC/APICMain.o
                0xffffffff80106c7c                SizedArrayList<unsigned char, 256>::Add(unsigned char)
 .text._ZN14SizedArrayListIP21MADTInterruptOverrideLi256EE3AddES1_
                0xffffffff80106cca       0x4e ./build/kernel/Drivers/Generic/APIC/APICMain.o
                0xffffffff80106cca                SizedArrayList<MADTInterruptOverride*, 256>::Add(MADTInterruptOverride*)
 .text          0xffffffff80106d18      0x465 ./build/kernel/Drivers/Generic/APIC/IO.o
                0xffffffff80106d18                APIC::IO::WriteData32(unsigned int, unsigned int)
                0xffffffff80106d4d                APIC::IO::ReadData32(unsigned int)
                0xffffffff80106d7b                APIC::IO::WriteData64(unsigned int, unsigned long)
                0xffffffff80106dce                APIC::IO::ReadData64(unsigned int)
                0xffffffff80106e13                APIC::IO::Initialize()
                0xffffffff80106f85                APIC::IO::Redirect(unsigned char, unsigned char, unsigned int)
                0xffffffff80106fc2                APIC::IO::SetBase(unsigned long)
                0xffffffff80106fe2                APIC::IO::MapLegacyIRQ(unsigned char)
                0xffffffff801070bd                APIC::IO::EnableInterrupt(unsigned char)
 .text          0xffffffff8010717d      0x27d ./build/kernel/Drivers/Generic/APIC/Local.o
                0xffffffff8010717d                SpuriousInterruptHandler(InterruptData*, RegisterContext*)
                0xffffffff801071ae                APIC::Local::WriteBase(unsigned long)
                0xffffffff801071e5                APIC::Local::ReadBase()
                0xffffffff80107224                APIC::Local::WriteData(unsigned int, unsigned int)
                0xffffffff80107250                APIC::Local::ReadData(unsigned int)
                0xffffffff80107272                APIC::Local::SendIPI(unsigned char, unsigned int)
                0xffffffff801072d6                APIC::Local::SendIPI(unsigned char, unsigned int, unsigned int, unsigned char)
                0xffffffff80107313                APIC::Local::Enable()
                0xffffffff80107330                APIC::Local::Initialize()
                0xffffffff801073dd                APIC::Local::EndOfInterrupt()
 .text          0xffffffff801073fa      0x283 ./build/kernel/Drivers/Generic/APIC/LocalAPICTimerImpl.o
                0xffffffff801073fa                TimerTickHandler(InterruptData*, RegisterContext*)
                0xffffffff8010740e                LocalAPICTimer::EstimateBusSpeed()
                0xffffffff80107502                LocalAPICTimer::LocalAPICTimer()
                0xffffffff80107502                LocalAPICTimer::LocalAPICTimer()
                0xffffffff801075dc                LocalAPICTimer::~LocalAPICTimer()
                0xffffffff801075dc                LocalAPICTimer::~LocalAPICTimer()
                0xffffffff80107612                LocalAPICTimer::Tick()
                0xffffffff80107636                LocalAPICTimer::CurrentTime(TimeSpan)
                0xffffffff8010766a                LocalAPICTimer::Sleep(long)
 *fill*         0xffffffff8010767d        0x1 
 .text          0xffffffff8010767e      0x2f0 ./build/kernel/Drivers/Input/PS2LegacyController.o
                0xffffffff801076be                Input::PS2LegacyController::PS2LegacyController()
                0xffffffff801076be                Input::PS2LegacyController::PS2LegacyController()
                0xffffffff801078ce                Input::PS2LegacyController::~PS2LegacyController()
                0xffffffff801078ce                Input::PS2LegacyController::~PS2LegacyController()
                0xffffffff80107902                Input::PS2LegacyController::Enable()
                0xffffffff80107912                Input::PS2LegacyController::Disable()
                0xffffffff80107922                Input::PS2LegacyController::SendCommand(unsigned char)
 .text._ZN6Device8RegisterEv
                0xffffffff8010796e       0x22 ./build/kernel/Drivers/Input/PS2LegacyController.o
                0xffffffff8010796e                Device::Register()
 .text._ZN5Input19PS2LegacyController8WaitDataEv
                0xffffffff80107990       0x5d ./build/kernel/Drivers/Input/PS2LegacyController.o
                0xffffffff80107990                Input::PS2LegacyController::WaitData()
 *fill*         0xffffffff801079ed        0x1 
 .text          0xffffffff801079ee      0x1e3 ./build/kernel/Drivers/Input/PS2LegacyKeyboardImpl.o
                0xffffffff80107a0c                Input::KeyHandler(InterruptData*, RegisterContext*)
                0xffffffff80107b08                Input::PS2LegacyKeyboard::PS2LegacyKeyboard()
                0xffffffff80107b08                Input::PS2LegacyKeyboard::PS2LegacyKeyboard()
                0xffffffff80107b7e                Input::PS2LegacyKeyboard::~PS2LegacyKeyboard()
                0xffffffff80107b7e                Input::PS2LegacyKeyboard::~PS2LegacyKeyboard()
                0xffffffff80107bb2                Input::PS2LegacyKeyboard::Enable()
                0xffffffff80107bc2                Input::PS2LegacyKeyboard::Disable()
 *fill*         0xffffffff80107bd1        0x1 
 .text          0xffffffff80107bd2      0x423 ./build/kernel/Drivers/Storage/AHCI/AHCIControllerDeviceImpl.o
                0xffffffff80107c8e                AHCI::AHCIControllerDevice::AHCIControllerDevice(PCI::PCIInfo)
                0xffffffff80107c8e                AHCI::AHCIControllerDevice::AHCIControllerDevice(PCI::PCIInfo)
                0xffffffff80107fd6                AHCI::AHCIControllerDevice::Enable()
                0xffffffff80107fe6                AHCI::AHCIControllerDevice::Disable()
 *fill*         0xffffffff80107ff5        0x1 
 .text._ZN3PCI9PCIDeviceC2ERNS_7PCIInfoE
                0xffffffff80107ff6       0x64 ./build/kernel/Drivers/Storage/AHCI/AHCIControllerDeviceImpl.o
                0xffffffff80107ff6                PCI::PCIDevice::PCIDevice(PCI::PCIInfo&)
                0xffffffff80107ff6                PCI::PCIDevice::PCIDevice(PCI::PCIInfo&)
 .text._ZN3PCI9PCIDevice22GetBaseAddressRegisterEh
                0xffffffff8010805a       0xe9 ./build/kernel/Drivers/Storage/AHCI/AHCIControllerDeviceImpl.o
                0xffffffff8010805a                PCI::PCIDevice::GetBaseAddressRegister(unsigned char)
 *fill*         0xffffffff80108143        0x1 
 .text._ZN3PCI9PCIDevice18EnableBusMasteringEv
                0xffffffff80108144       0x80 ./build/kernel/Drivers/Storage/AHCI/AHCIControllerDeviceImpl.o
                0xffffffff80108144                PCI::PCIDevice::EnableBusMastering()
 .text._ZN3PCI9PCIDevice16EnableInterruptsEv
                0xffffffff801081c4       0x84 ./build/kernel/Drivers/Storage/AHCI/AHCIControllerDeviceImpl.o
                0xffffffff801081c4                PCI::PCIDevice::EnableInterrupts()
 .text._ZN3PCI9PCIDevice17EnableMemorySpaceEv
                0xffffffff80108248       0x80 ./build/kernel/Drivers/Storage/AHCI/AHCIControllerDeviceImpl.o
                0xffffffff80108248                PCI::PCIDevice::EnableMemorySpace()
 .text._ZN4AHCI14SATADiskDevice6StatusEv
                0xffffffff801082c8       0x15 ./build/kernel/Drivers/Storage/AHCI/AHCIControllerDeviceImpl.o
                0xffffffff801082c8                AHCI::SATADiskDevice::Status()
 *fill*         0xffffffff801082dd        0x1 
 .text._ZN10LinkedListIPN4AHCI14SATADiskDeviceEEC2Ev
                0xffffffff801082de       0x3c ./build/kernel/Drivers/Storage/AHCI/AHCIControllerDeviceImpl.o
                0xffffffff801082de                LinkedList<AHCI::SATADiskDevice*>::LinkedList()
                0xffffffff801082de                LinkedList<AHCI::SATADiskDevice*>::LinkedList()
 .text._ZN10LinkedListIPN4AHCI14SATADiskDeviceEE3AddES2_
                0xffffffff8010831a       0x63 ./build/kernel/Drivers/Storage/AHCI/AHCIControllerDeviceImpl.o
                0xffffffff8010831a                LinkedList<AHCI::SATADiskDevice*>::Add(AHCI::SATADiskDevice*)
 *fill*         0xffffffff8010837d        0x1 
 .text._ZN8ListNodeIPN4AHCI14SATADiskDeviceEEC2ES2_
                0xffffffff8010837e       0x1f ./build/kernel/Drivers/Storage/AHCI/AHCIControllerDeviceImpl.o
                0xffffffff8010837e                ListNode<AHCI::SATADiskDevice*>::ListNode(AHCI::SATADiskDevice*)
                0xffffffff8010837e                ListNode<AHCI::SATADiskDevice*>::ListNode(AHCI::SATADiskDevice*)
 *fill*         0xffffffff8010839d        0x1 
 .text._ZN10LinkedListIPN4AHCI14SATADiskDeviceEE3AddEP8ListNodeIS2_E
                0xffffffff8010839e       0xa2 ./build/kernel/Drivers/Storage/AHCI/AHCIControllerDeviceImpl.o
                0xffffffff8010839e                LinkedList<AHCI::SATADiskDevice*>::Add(ListNode<AHCI::SATADiskDevice*>*)
 .text          0xffffffff80108440      0x194 ./build/kernel/Drivers/Storage/AHCI/AHCIMain.o
                0xffffffff8010848d                AHCI::Initialize()
 .text._ZN3PCI9PCIDevice8VendorIDEv
                0xffffffff801085d4       0x16 ./build/kernel/Drivers/Storage/AHCI/AHCIMain.o
                0xffffffff801085d4                PCI::PCIDevice::VendorID()
 .text._ZN14SizedArrayListIP14DeviceProviderLi4EEixEi
                0xffffffff801085ea       0x32 ./build/kernel/Drivers/Storage/AHCI/AHCIMain.o
                0xffffffff801085ea                SizedArrayList<DeviceProvider*, 4>::operator[](int)
 .text          0xffffffff8010861c      0x704 ./build/kernel/Drivers/Storage/AHCI/SATADiskDeviceImpl.o
                0xffffffff8010861c                AHCI::SATADiskDevice::SATADiskDevice(int, AHCI::HBAPortRegisters*, AHCI::AHCIControllerDevice*)
                0xffffffff8010861c                AHCI::SATADiskDevice::SATADiskDevice(int, AHCI::HBAPortRegisters*, AHCI::AHCIControllerDevice*)
                0xffffffff8010883a                AHCI::SATADiskDevice::~SATADiskDevice()
                0xffffffff8010883a                AHCI::SATADiskDevice::~SATADiskDevice()
                0xffffffff8010886e                AHCI::SATADiskDevice::Enable()
                0xffffffff8010887e                AHCI::SATADiskDevice::Disable()
                0xffffffff8010888e                AHCI::SATADiskDevice::Read(unsigned long, unsigned int, void*)
                0xffffffff801088cc                AHCI::SATADiskDevice::Write(unsigned long, unsigned int, void*)
                0xffffffff8010890a                AHCI::SATADiskDevice::Access(unsigned long, unsigned int, unsigned long, int)
                0xffffffff80108c40                AHCI::SATADiskDevice::StartCommand()
                0xffffffff80108c7e                AHCI::SATADiskDevice::FindCommandSlot()
                0xffffffff80108cce                AHCI::SATADiskDevice::StopCommand()
 .text._ZN10DiskDeviceC2EPKc9DeviceBus
                0xffffffff80108d20       0x46 ./build/kernel/Drivers/Storage/AHCI/SATADiskDeviceImpl.o
                0xffffffff80108d20                DiskDevice::DiskDevice(char const*, DeviceBus)
                0xffffffff80108d20                DiskDevice::DiskDevice(char const*, DeviceBus)
 .text._ZN10DiskDeviceD2Ev
                0xffffffff80108d66       0x33 ./build/kernel/Drivers/Storage/AHCI/SATADiskDeviceImpl.o
                0xffffffff80108d66                DiskDevice::~DiskDevice()
                0xffffffff80108d66                DiskDevice::~DiskDevice()
 *fill*         0xffffffff80108d99        0x1 
 .text._ZN10DiskDeviceC2EPKc
                0xffffffff80108d9a       0x32 ./build/kernel/Drivers/Storage/AHCI/SATADiskDeviceImpl.o
                0xffffffff80108d9a                DiskDevice::DiskDevice(char const*)
                0xffffffff80108d9a                DiskDevice::DiskDevice(char const*)
 .text._ZN4AHCI20AHCIControllerDevice15MemoryRegistersEv
                0xffffffff80108dcc       0x19 ./build/kernel/Drivers/Storage/AHCI/SATADiskDeviceImpl.o
                0xffffffff80108dcc                AHCI::AHCIControllerDevice::MemoryRegisters()
 .text          0xffffffff80108de5      0x25f ./build/kernel/Drivers/Video.o
                0xffffffff80108de5                Video::Initialize()
                0xffffffff80108e2b                Video::Newline()
                0xffffffff80108e8c                Video::CheckIfLineFulled()
                0xffffffff80108ebd                Video::ClearScreen()
                0xffffffff80108f29                Video::WriteChar(char)
                0xffffffff80108fb2                Video::WriteText(char const*)
                0xffffffff80108fed                Video::WriteText(char const*, unsigned long)
 .text          0xffffffff80109044        0x0 ./build/kernel/Event.o
 .text          0xffffffff80109044       0x1f ./build/kernel/Fs/DiskDeviceImpl.o
                0xffffffff80109044                DiskDevice::Enable()
                0xffffffff80109054                DiskDevice::Disable()
 *fill*         0xffffffff80109063        0x1 
 .text          0xffffffff80109064      0x7e7 ./build/kernel/Input/ConsoleImpl.o
                0xffffffff80109064                ConsoleKeyEventHandler(Input::Key, bool)
                0xffffffff801090a4                Console::Console()
                0xffffffff801090a4                Console::Console()
                0xffffffff8010912a                Console::~Console()
                0xffffffff8010912a                Console::~Console()
                0xffffffff8010913a                Console::Render()
                0xffffffff801091ac                Console::Refresh()
                0xffffffff801091e8                Console::RenderModifiers()
                0xffffffff80109476                Console::AcceptKey(Input::Key, bool)
                0xffffffff80109756                Console::AddChar(char)
 .text          0xffffffff8010984b      0x25b ./build/kernel/Input/KeyCode.o
                0xffffffff8010984b                Input::ApplyModifiers(Input::Key, unsigned char)
 .text          0xffffffff80109aa6      0x3d8 ./build/kernel/libkern/printf.o
                0xffffffff80109aa6                puts(char const*)
                0xffffffff80109ae8                printf(char const*, ...)
                0xffffffff80109b3c                vprintf(char const*, __va_list_tag*)
 .text          0xffffffff80109e7e      0x27b ./build/kernel/libkern/sprintf.o
                0xffffffff80109e7e                itoa(int, char*, int)
                0xffffffff80109fe0                utoa(unsigned long, char*, int)
 *fill*         0xffffffff8010a0f9        0x1 
 .text          0xffffffff8010a0fa      0x5e0 ./build/kernel/Memory/Memory.o
                0xffffffff8010a33d                Memory::Initialize()
 .text._ZN14SizedArrayListIN6Memory7SectionELi256EEixEi
                0xffffffff8010a6da       0x34 ./build/kernel/Memory/Memory.o
                0xffffffff8010a6da                SizedArrayList<Memory::Section, 256>::operator[](int)
 .text._ZN14SizedArrayListI10ValueRangeLi64EEC2Ev
                0xffffffff8010a70e       0x2d ./build/kernel/Memory/Memory.o
                0xffffffff8010a70e                SizedArrayList<ValueRange, 64>::SizedArrayList()
                0xffffffff8010a70e                SizedArrayList<ValueRange, 64>::SizedArrayList()
 *fill*         0xffffffff8010a73b        0x1 
 .text._ZN14SizedArrayListIN6Memory7SectionELi256EEC2Ev
                0xffffffff8010a73c       0x2d ./build/kernel/Memory/Memory.o
                0xffffffff8010a73c                SizedArrayList<Memory::Section, 256>::SizedArrayList()
                0xffffffff8010a73c                SizedArrayList<Memory::Section, 256>::SizedArrayList()
 *fill*         0xffffffff8010a769        0x1 
 .text._ZN14SizedArrayListI10ValueRangeLi64EE3AddES0_
                0xffffffff8010a76a       0x6b ./build/kernel/Memory/Memory.o
                0xffffffff8010a76a                SizedArrayList<ValueRange, 64>::Add(ValueRange)
 *fill*         0xffffffff8010a7d5        0x1 
 .text          0xffffffff8010a7d6      0x7d8 ./build/kernel/Memory/Page.o
                0xffffffff8010a9df                Memory::BuddyInit()
                0xffffffff8010aa18                Memory::AllocatePhysMemory4KOrdered(unsigned char)
                0xffffffff8010ab3e                Memory::AllocatePhysMemory4K(unsigned long)
                0xffffffff8010ab7f                Memory::FreePhysMemory4K(unsigned long)
                0xffffffff8010ab8e                Memory::FreePhysMemory4K(Memory::PageFrame*)
                0xffffffff8010ab9d                Memory::ExpandPage(Memory::PageFrame*)
                0xffffffff8010acc2                Memory::CombinePage(Memory::PageFrame*)
                0xffffffff8010ae4f                Memory::CombinePage(Memory::PageFrame*, Memory::PageFrame*)
 .text._ZN7ObjectsL6IsNullEPv
                0xffffffff8010afae       0x16 ./build/kernel/Memory/Page.o
 .text._ZN7ObjectsL6EqualsEPvS0_
                0xffffffff8010afc4       0x1d ./build/kernel/Memory/Page.o
 .text._ZN6Memory6pageOfEm
                0xffffffff8010afe1       0x6f ./build/kernel/Memory/Page.o
                0xffffffff8010afe1                Memory::pageOf(unsigned long)
 .text._ZN6Memory9BuddyZoneC2Ev
                0xffffffff8010b050       0x44 ./build/kernel/Memory/Page.o
                0xffffffff8010b050                Memory::BuddyZone::BuddyZone()
                0xffffffff8010b050                Memory::BuddyZone::BuddyZone()
 .text._ZN10LinkedListIN6Memory9PageFrameEEC2Ev
                0xffffffff8010b094       0x3c ./build/kernel/Memory/Page.o
                0xffffffff8010b094                LinkedList<Memory::PageFrame>::LinkedList()
                0xffffffff8010b094                LinkedList<Memory::PageFrame>::LinkedList()
 .text._ZN10LinkedListIN6Memory9PageFrameEED2Ev
                0xffffffff8010b0d0       0x26 ./build/kernel/Memory/Page.o
                0xffffffff8010b0d0                LinkedList<Memory::PageFrame>::~LinkedList()
                0xffffffff8010b0d0                LinkedList<Memory::PageFrame>::~LinkedList()
 .text._ZN10LinkedListIN6Memory9PageFrameEE3AddEP8ListNodeIS1_E
                0xffffffff8010b0f6       0xa2 ./build/kernel/Memory/Page.o
                0xffffffff8010b0f6                LinkedList<Memory::PageFrame>::Add(ListNode<Memory::PageFrame>*)
 .text._ZN10LinkedListIN6Memory9PageFrameEE5CountEv
                0xffffffff8010b198       0x15 ./build/kernel/Memory/Page.o
                0xffffffff8010b198                LinkedList<Memory::PageFrame>::Count()
 *fill*         0xffffffff8010b1ad        0x1 
 .text._ZN10LinkedListIN6Memory9PageFrameEE7ExtractEv
                0xffffffff8010b1ae       0x9f ./build/kernel/Memory/Page.o
                0xffffffff8010b1ae                LinkedList<Memory::PageFrame>::Extract()
 *fill*         0xffffffff8010b24d        0x1 
 .text._ZN10LinkedListIN6Memory9PageFrameEE6RemoveEP8ListNodeIS1_E
                0xffffffff8010b24e      0x11d ./build/kernel/Memory/Page.o
                0xffffffff8010b24e                LinkedList<Memory::PageFrame>::Remove(ListNode<Memory::PageFrame>*)
 *fill*         0xffffffff8010b36b        0x1 
 .text._ZN10LinkedListIN6Memory9PageFrameEE5FirstEv
                0xffffffff8010b36c       0x15 ./build/kernel/Memory/Page.o
                0xffffffff8010b36c                LinkedList<Memory::PageFrame>::First()
 *fill*         0xffffffff8010b381        0x1 
 .text._ZN10LinkedListIN6Memory9PageFrameEE8ContainsEP8ListNodeIS1_E
                0xffffffff8010b382       0x4d ./build/kernel/Memory/Page.o
                0xffffffff8010b382                LinkedList<Memory::PageFrame>::Contains(ListNode<Memory::PageFrame>*)
 *fill*         0xffffffff8010b3cf        0x1 
 .text._ZN6Memory9BuddyZoneD2Ev
                0xffffffff8010b3d0       0x46 ./build/kernel/Memory/Page.o
                0xffffffff8010b3d0                Memory::BuddyZone::~BuddyZone()
                0xffffffff8010b3d0                Memory::BuddyZone::~BuddyZone()
 .text          0xffffffff8010b416      0x1fd ./build/kernel/Memory/PageAllocation.o
                0xffffffff8010b46d                Memory::KernelAllocate4KPages(unsigned long, Memory::PageFrame**)
                0xffffffff8010b512                Memory::Allocate4KPages(unsigned long, Memory::PageFrame**)
                0xffffffff8010b5f5                Memory::Free4KPages(unsigned long)
                0xffffffff8010b604                Memory::Free4KPages(Memory::PageFrame*)
 .text._ZN6Memory6Paging18MapVirtualMemory4KEPNS0_12VirtualPagesEmmm
                0xffffffff8010b613       0x40 ./build/kernel/Memory/PageAllocation.o
                0xffffffff8010b613                Memory::Paging::MapVirtualMemory4K(Memory::Paging::VirtualPages*, unsigned long, unsigned long, unsigned long)
 *fill*         0xffffffff8010b653        0x1 
 .text          0xffffffff8010b654      0x47f ./build/kernel/Memory/SlabAllocatorImpl.o
                0xffffffff8010b736                Memory::SlabAllocator::SlabAllocator()
                0xffffffff8010b736                Memory::SlabAllocator::SlabAllocator()
                0xffffffff8010b7bc                Memory::SlabAllocator::~SlabAllocator()
                0xffffffff8010b7bc                Memory::SlabAllocator::~SlabAllocator()
                0xffffffff8010b7cc                Memory::SlabAllocator::Request4KPage(Memory::SlabCache*, unsigned long*)
                0xffffffff8010b8e0                Memory::SlabAllocator::Allocate(unsigned long)
                0xffffffff8010bac0                Memory::SlabAllocator::Free(unsigned long)
 .text          0xffffffff8010bad3      0x89a ./build/kernel/Memory/Slub.o
                0xffffffff8010bae9                Memory::SetCache(Memory::SlabCache*, int, unsigned long)
                0xffffffff8010bc1b                Memory::SetPageSlub(Memory::SlabCache*, Memory::PageFrame*, unsigned long)
                0xffffffff8010bd0b                Memory::Request4KPageMapped(Memory::SlabCache*, unsigned long*)
                0xffffffff8010bdb3                Memory::Request4KPage(Memory::SlabCache*)
                0xffffffff8010be0f                Memory::SlubGetCPU(Memory::SlabCache*)
                0xffffffff8010be45                Memory::SlubGetCache(unsigned long)
                0xffffffff8010bed5                Memory::SlubGetPartial(Memory::SlabCache*)
                0xffffffff8010bf6c                Memory::SlabFillCpuSlot(Memory::SlabCPUCache*, Memory::PageFrame*)
                0xffffffff8010bfb0                Memory::AllocateKernelObject(Memory::SlabCache*)
                0xffffffff8010c2ae                Memory::SlubInit()
                0xffffffff8010c304                Memory::AllocateKernelObject(unsigned int)
                0xffffffff8010c35e                Memory::FreeKernelObject(unsigned long)
 *fill*         0xffffffff8010c36d        0x1 
 .text._ZN10LinkedListIN6Memory9PageFrameEE6RemoveEP8ListHead
                0xffffffff8010c36e       0x2d ./build/kernel/Memory/Slub.o
                0xffffffff8010c36e                LinkedList<Memory::PageFrame>::Remove(ListHead*)
 .text          0xffffffff8010c39b       0x22 ./build/kernel/Panic.o
                0xffffffff8010c39b                CallPanic(char const*)
 *fill*         0xffffffff8010c3bd        0x1 
 .text          0xffffffff8010c3be      0x1a8 ./build/kernel/Process/ActivityImpl.o
                0xffffffff8010c3f2                Task::Activity::Activity(char const*, Task::Process*)
                0xffffffff8010c3f2                Task::Activity::Activity(char const*, Task::Process*)
                0xffffffff8010c446                Task::Activity::Activity(Task::Process*)
                0xffffffff8010c446                Task::Activity::Activity(Task::Process*)
                0xffffffff8010c47a                Task::Activity::Add(Task::Process*)
                0xffffffff8010c4fe                Task::Activity::CreateIfNull(Task::Process*)
 .text._ZN10LinkedListIPN4Task7ProcessEEC2Ev
                0xffffffff8010c566       0x3c ./build/kernel/Process/ActivityImpl.o
                0xffffffff8010c566                LinkedList<Task::Process*>::LinkedList()
                0xffffffff8010c566                LinkedList<Task::Process*>::LinkedList()
 .text._ZN10LinkedListIPN4Task7ProcessEE3AddES2_
                0xffffffff8010c5a2       0x63 ./build/kernel/Process/ActivityImpl.o
                0xffffffff8010c5a2                LinkedList<Task::Process*>::Add(Task::Process*)
 *fill*         0xffffffff8010c605        0x1 
 .text._ZN8ListNodeIPN4Task7ProcessEEC2ES2_
                0xffffffff8010c606       0x1f ./build/kernel/Process/ActivityImpl.o
                0xffffffff8010c606                ListNode<Task::Process*>::ListNode(Task::Process*)
                0xffffffff8010c606                ListNode<Task::Process*>::ListNode(Task::Process*)
 *fill*         0xffffffff8010c625        0x1 
 .text._ZN10LinkedListIPN4Task7ProcessEE3AddEP8ListNodeIS2_E
                0xffffffff8010c626       0xa2 ./build/kernel/Process/ActivityImpl.o
                0xffffffff8010c626                LinkedList<Task::Process*>::Add(ListNode<Task::Process*>*)
 .text          0xffffffff8010c6c8       0xa2 ./build/kernel/Process/ActivityManagement.o
 .text._ZN4Task8ActivityD2Ev
                0xffffffff8010c76a       0x26 ./build/kernel/Process/ActivityManagement.o
                0xffffffff8010c76a                Task::Activity::~Activity()
                0xffffffff8010c76a                Task::Activity::~Activity()
 .text._ZN10LinkedListIPN4Task7ProcessEED2Ev
                0xffffffff8010c790       0x26 ./build/kernel/Process/ActivityManagement.o
                0xffffffff8010c790                LinkedList<Task::Process*>::~LinkedList()
                0xffffffff8010c790                LinkedList<Task::Process*>::~LinkedList()
 .text          0xffffffff8010c7b6      0x1e3 ./build/kernel/Process/ProcessImpl.o
                0xffffffff8010c7cc                Task::Process::Process()
                0xffffffff8010c7cc                Task::Process::Process()
                0xffffffff8010c7f2                Task::Process::Process(char const*, Fs::File*, unsigned int, Task::Activity*, Task::TaskType)
                0xffffffff8010c7f2                Task::Process::Process(char const*, Fs::File*, unsigned int, Task::Activity*, Task::TaskType)
                0xffffffff8010c928                Task::Process::~Process()
                0xffffffff8010c928                Task::Process::~Process()
                0xffffffff8010c94e                Task::Process::Start()
                0xffffffff8010c96c                Task::Process::Suspend()
                0xffffffff8010c98a                Task::Process::Stop()
 *fill*         0xffffffff8010c999        0x1 
 .text._ZN10LinkedListIN4Task6ThreadEEC2Ev
                0xffffffff8010c99a       0x3c ./build/kernel/Process/ProcessImpl.o
                0xffffffff8010c99a                LinkedList<Task::Thread>::LinkedList()
                0xffffffff8010c99a                LinkedList<Task::Thread>::LinkedList()
 .text._ZN10LinkedListIN4Task6ThreadEED2Ev
                0xffffffff8010c9d6       0x26 ./build/kernel/Process/ProcessImpl.o
                0xffffffff8010c9d6                LinkedList<Task::Thread>::~LinkedList()
                0xffffffff8010c9d6                LinkedList<Task::Thread>::~LinkedList()
 .text._ZN10LinkedListIN4Task6ThreadEE3AddEP8ListNodeIS1_E
                0xffffffff8010c9fc       0xa2 ./build/kernel/Process/ProcessImpl.o
                0xffffffff8010c9fc                LinkedList<Task::Thread>::Add(ListNode<Task::Thread>*)
 .text          0xffffffff8010ca9e      0x10c ./build/kernel/Process/Scheduler.o
                0xffffffff8010cab4                Task::GetCurrentProcess()
 .text          0xffffffff8010cbaa      0x3c5 ./build/kernel/Process/SchedulerImpl.o
                0xffffffff8010cbc0                Task::Scheduler::Scheduler()
                0xffffffff8010cbc0                Task::Scheduler::Scheduler()
                0xffffffff8010cc2e                Task::Scheduler::~Scheduler()
                0xffffffff8010cc2e                Task::Scheduler::~Scheduler()
                0xffffffff8010cc3e                Task::Scheduler::NextPID()
                0xffffffff8010cc84                Task::Scheduler::Register(Task::Process*)
                0xffffffff8010cd46                Task::Scheduler::Schedule()
                0xffffffff8010cd66                Task::Scheduler::CreateProcess(char const*, Task::Activity*)
                0xffffffff8010cda2                Task::Scheduler::CreateIdleProcess()
                0xffffffff8010cdde                Task::Scheduler::CreateELFProcess(Fs::File*)
                0xffffffff8010ce1c                Task::Scheduler::CreateProcessEx(char const*, Task::Activity*, Task::TaskType, Fs::File*)
                0xffffffff8010ceba                Task::Scheduler::CreateThread(Task::Process*)
 *fill*         0xffffffff8010cf6f        0x1 
 .text._ZN4Task6ThreadC2EPNS_7ProcessE
                0xffffffff8010cf70       0x60 ./build/kernel/Process/SchedulerImpl.o
                0xffffffff8010cf70                Task::Thread::Thread(Task::Process*)
                0xffffffff8010cf70                Task::Thread::Thread(Task::Process*)
 .text._ZN4Task9Scheduler14GetProcessByIdEj
                0xffffffff8010cfd0       0x30 ./build/kernel/Process/SchedulerImpl.o
                0xffffffff8010cfd0                Task::Scheduler::GetProcessById(unsigned int)
 .text._ZN14SizedArrayListIPN4Task7ProcessELi65536EEixEi
                0xffffffff8010d000       0x35 ./build/kernel/Process/SchedulerImpl.o
                0xffffffff8010d000                SizedArrayList<Task::Process*, 65536>::operator[](int)
 *fill*         0xffffffff8010d035        0x1 
 .text._ZN14SizedArrayListIPN4Task7ProcessELi65536EEC2Ev
                0xffffffff8010d036       0x2d ./build/kernel/Process/SchedulerImpl.o
                0xffffffff8010d036                SizedArrayList<Task::Process*, 65536>::SizedArrayList()
                0xffffffff8010d036                SizedArrayList<Task::Process*, 65536>::SizedArrayList()
 *fill*         0xffffffff8010d063        0x1 
 .text._ZN8ListNodeIN4Task6ThreadEEC2ES1_
                0xffffffff8010d064       0x29 ./build/kernel/Process/SchedulerImpl.o
                0xffffffff8010d064                ListNode<Task::Thread>::ListNode(Task::Thread)
                0xffffffff8010d064                ListNode<Task::Thread>::ListNode(Task::Thread)
 .text          0xffffffff8010d08d      0x112 ./build/kernel/Runtime.o
                0xffffffff8010d08d                operator new(unsigned long)
                0xffffffff8010d0be                operator new[](unsigned long)
                0xffffffff8010d0ef                operator delete(void*)
                0xffffffff8010d121                operator delete(void*, unsigned long)
                0xffffffff8010d147                operator delete[](void*)
                0xffffffff8010d179                operator delete[](void*, unsigned long)
 .text          0xffffffff8010d19f      0x7fb ./build/kernel/String.o
                0xffffffff8010d19f                memset
                0xffffffff8010d1eb                memcpy
                0xffffffff8010d2ba                memcmp
                0xffffffff8010d34c                strcpy
                0xffffffff8010d390                strncpy
                0xffffffff8010d3f9                strlen
                0xffffffff8010d42c                strcmp
                0xffffffff8010d48e                strncmp
                0xffffffff8010d529                strchr
                0xffffffff8010d56d                strnchr
                0xffffffff8010d5e4                strrchr
                0xffffffff8010d632                strspn
                0xffffffff8010d69e                strcspn
                0xffffffff8010d702                strtok_r
                0xffffffff8010d7f8                strcat
                0xffffffff8010d83e                strncat
                0xffffffff8010d88d                toupper
                0xffffffff8010d8b5                strupr
                0xffffffff8010d91a                strnupr
 .text          0xffffffff8010d99a      0x1aa ./build/kernel/System.o
                0xffffffff8010d99a                System::Out(char const*, ...)
                0xffffffff8010d9fa                System::Panic(char const*, ...)
                0xffffffff8010da4f                Sleep(long)
                0xffffffff8010daa3                KernelInit()
 .text          0xffffffff8010db44        0x0 ./build/kernel/Video/FrameBufferPresenterImpl.o
 .text          0xffffffff8010db44      0x45b ./build/kernel/Video/TextModePresenterImpl.o
                0xffffffff8010db44                Video::TextModePresenter::TextModePresenter()
                0xffffffff8010db44                Video::TextModePresenter::TextModePresenter()
                0xffffffff8010db98                Video::TextModePresenter::Clear()
                0xffffffff8010dbf8                Video::TextModePresenter::Text(Video::Point, char const*, int)
                0xffffffff8010dc38                Video::TextModePresenter::Text(Video::Point, char const*, unsigned char, unsigned char)
                0xffffffff8010ddce                Video::TextModePresenter::Text(Video::Point, char, unsigned char, unsigned char)
                0xffffffff8010de34                Video::TextModePresenter::MoveUp()
                0xffffffff8010def0                Video::TextModePresenter::Rectangle(Video::Point, int, int)
 .text._ZN8Integers17ConstraintToRangeEmmm
                0xffffffff8010df9f       0x3e ./build/kernel/Video/TextModePresenterImpl.o
                0xffffffff8010df9f                Integers::ConstraintToRange(unsigned long, unsigned long, unsigned long)
 *fill*         0xffffffff8010dfdd        0x1 
 .text          0xffffffff8010dfde       0x1f ./build/kernel/Video/VideoControllerImpl.o
                0xffffffff8010dfde                Video::VideoController::VideoController()
                0xffffffff8010dfde                Video::VideoController::VideoController()
                0xffffffff8010dfee                Video::VideoController::~VideoController()
                0xffffffff8010dfee                Video::VideoController::~VideoController()
 *fill*         0xffffffff8010dffd        0x1 
 .text          0xffffffff8010dffe       0x6f ./build/kernel/Video/VideoPresenterImpl.o
                0xffffffff8010dffe                Video::VideoPresenter::VideoPresenter()
                0xffffffff8010dffe                Video::VideoPresenter::VideoPresenter()
                0xffffffff8010e036                Video::VideoPresenter::~VideoPresenter()
                0xffffffff8010e036                Video::VideoPresenter::~VideoPresenter()
 *fill*         0xffffffff8010e06d        0x1 
 .text._ZN10LinkedListIPN5Video11VideoOutputEEC2Ev
                0xffffffff8010e06e       0x3c ./build/kernel/Video/VideoPresenterImpl.o
                0xffffffff8010e06e                LinkedList<Video::VideoOutput*>::LinkedList()
                0xffffffff8010e06e                LinkedList<Video::VideoOutput*>::LinkedList()
 .text._ZN10LinkedListIPN5Video11VideoOutputEED2Ev
                0xffffffff8010e0aa       0x26 ./build/kernel/Video/VideoPresenterImpl.o
                0xffffffff8010e0aa                LinkedList<Video::VideoOutput*>::~LinkedList()
                0xffffffff8010e0aa                LinkedList<Video::VideoOutput*>::~LinkedList()
 .text          0xffffffff8010e0d0     0x12a4 ./build/kernel/Arch/x86_64/IRQ.o
                0xffffffff8010e1ff                ipi48
                0xffffffff8010e208                ipi49
                0xffffffff8010e211                ipi50
                0xffffffff8010e21a                ipi51
                0xffffffff8010e223                ipi52
                0xffffffff8010e22c                ipi53
                0xffffffff8010e235                ipi54
                0xffffffff8010e23e                ipi55
                0xffffffff8010e247                ipi56
                0xffffffff8010e250                ipi57
                0xffffffff8010e259                ipi58
                0xffffffff8010e262                ipi59
                0xffffffff8010e26b                ipi60
                0xffffffff8010e274                ipi61
                0xffffffff8010e27d                ipi62
                0xffffffff8010e286                ipi63
                0xffffffff8010e28f                ipi64
                0xffffffff8010e298                ipi65
                0xffffffff8010e2a1                ipi66
                0xffffffff8010e2aa                ipi67
                0xffffffff8010e2b3                ipi68
                0xffffffff8010e2bc                ipi69
                0xffffffff8010e2c5                ipi70
                0xffffffff8010e2ce                ipi71
                0xffffffff8010e2d7                ipi72
                0xffffffff8010e2e0                ipi73
                0xffffffff8010e2e9                ipi74
                0xffffffff8010e2f2                ipi75
                0xffffffff8010e2fb                ipi76
                0xffffffff8010e304                ipi77
                0xffffffff8010e30d                ipi78
                0xffffffff8010e316                ipi79
                0xffffffff8010e31f                ipi80
                0xffffffff8010e328                ipi81
                0xffffffff8010e331                ipi82
                0xffffffff8010e33a                ipi83
                0xffffffff8010e343                ipi84
                0xffffffff8010e34c                ipi85
                0xffffffff8010e355                ipi86
                0xffffffff8010e35e                ipi87
                0xffffffff8010e367                ipi88
                0xffffffff8010e370                ipi89
                0xffffffff8010e379                ipi90
                0xffffffff8010e382                ipi91
                0xffffffff8010e38b                ipi92
                0xffffffff8010e394                ipi93
                0xffffffff8010e39d                ipi94
                0xffffffff8010e3a6                ipi95
                0xffffffff8010e3af                ipi96
                0xffffffff8010e3b8                ipi97
                0xffffffff8010e3c1                ipi98
                0xffffffff8010e3ca                ipi99
                0xffffffff8010e3d3                ipi100
                0xffffffff8010e3dc                ipi101
                0xffffffff8010e3e5                ipi102
                0xffffffff8010e3ee                ipi103
                0xffffffff8010e3f7                ipi104
                0xffffffff8010e400                ipi105
                0xffffffff8010e409                ipi106
                0xffffffff8010e412                ipi107
                0xffffffff8010e41b                ipi108
                0xffffffff8010e424                ipi109
                0xffffffff8010e42d                ipi110
                0xffffffff8010e436                ipi111
                0xffffffff8010e43f                ipi112
                0xffffffff8010e448                ipi113
                0xffffffff8010e451                ipi114
                0xffffffff8010e45a                ipi115
                0xffffffff8010e463                ipi116
                0xffffffff8010e46c                ipi117
                0xffffffff8010e475                ipi118
                0xffffffff8010e47e                ipi119
                0xffffffff8010e487                ipi120
                0xffffffff8010e490                ipi121
                0xffffffff8010e499                ipi122
                0xffffffff8010e4a2                ipi123
                0xffffffff8010e4ab                ipi124
                0xffffffff8010e4b4                ipi125
                0xffffffff8010e4bd                ipi126
                0xffffffff8010e4c6                ipi127
                0xffffffff8010e4cf                ipi128
                0xffffffff8010e4db                ipi129
                0xffffffff8010e4e7                ipi130
                0xffffffff8010e4f3                ipi131
                0xffffffff8010e4ff                ipi132
                0xffffffff8010e50b                ipi133
                0xffffffff8010e517                ipi134
                0xffffffff8010e523                ipi135
                0xffffffff8010e52f                ipi136
                0xffffffff8010e53b                ipi137
                0xffffffff8010e547                ipi138
                0xffffffff8010e553                ipi139
                0xffffffff8010e55f                ipi140
                0xffffffff8010e56b                ipi141
                0xffffffff8010e577                ipi142
                0xffffffff8010e583                ipi143
                0xffffffff8010e58f                ipi144
                0xffffffff8010e59b                ipi145
                0xffffffff8010e5a7                ipi146
                0xffffffff8010e5b3                ipi147
                0xffffffff8010e5bf                ipi148
                0xffffffff8010e5cb                ipi149
                0xffffffff8010e5d7                ipi150
                0xffffffff8010e5e3                ipi151
                0xffffffff8010e5ef                ipi152
                0xffffffff8010e5fb                ipi153
                0xffffffff8010e607                ipi154
                0xffffffff8010e613                ipi155
                0xffffffff8010e61f                ipi156
                0xffffffff8010e62b                ipi157
                0xffffffff8010e637                ipi158
                0xffffffff8010e643                ipi159
                0xffffffff8010e64f                ipi160
                0xffffffff8010e65b                ipi161
                0xffffffff8010e667                ipi162
                0xffffffff8010e673                ipi163
                0xffffffff8010e67f                ipi164
                0xffffffff8010e68b                ipi165
                0xffffffff8010e697                ipi166
                0xffffffff8010e6a3                ipi167
                0xffffffff8010e6af                ipi168
                0xffffffff8010e6bb                ipi169
                0xffffffff8010e6c7                ipi170
                0xffffffff8010e6d3                ipi171
                0xffffffff8010e6df                ipi172
                0xffffffff8010e6eb                ipi173
                0xffffffff8010e6f7                ipi174
                0xffffffff8010e703                ipi175
                0xffffffff8010e70f                ipi176
                0xffffffff8010e71b                ipi177
                0xffffffff8010e727                ipi178
                0xffffffff8010e733                ipi179
                0xffffffff8010e73f                ipi180
                0xffffffff8010e74b                ipi181
                0xffffffff8010e757                ipi182
                0xffffffff8010e763                ipi183
                0xffffffff8010e76f                ipi184
                0xffffffff8010e77b                ipi185
                0xffffffff8010e787                ipi186
                0xffffffff8010e793                ipi187
                0xffffffff8010e79f                ipi188
                0xffffffff8010e7ab                ipi189
                0xffffffff8010e7b7                ipi190
                0xffffffff8010e7c3                ipi191
                0xffffffff8010e7cf                ipi192
                0xffffffff8010e7db                ipi193
                0xffffffff8010e7e7                ipi194
                0xffffffff8010e7f3                ipi195
                0xffffffff8010e7ff                ipi196
                0xffffffff8010e80b                ipi197
                0xffffffff8010e817                ipi198
                0xffffffff8010e823                ipi199
                0xffffffff8010e82f                ipi200
                0xffffffff8010e83b                ipi201
                0xffffffff8010e847                ipi202
                0xffffffff8010e853                ipi203
                0xffffffff8010e85f                ipi204
                0xffffffff8010e86b                ipi205
                0xffffffff8010e877                ipi206
                0xffffffff8010e883                ipi207
                0xffffffff8010e88f                ipi208
                0xffffffff8010e89b                ipi209
                0xffffffff8010e8a7                ipi210
                0xffffffff8010e8b3                ipi211
                0xffffffff8010e8bf                ipi212
                0xffffffff8010e8cb                ipi213
                0xffffffff8010e8d7                ipi214
                0xffffffff8010e8e3                ipi215
                0xffffffff8010e8ef                ipi216
                0xffffffff8010e8fb                ipi217
                0xffffffff8010e907                ipi218
                0xffffffff8010e913                ipi219
                0xffffffff8010e91f                ipi220
                0xffffffff8010e92b                ipi221
                0xffffffff8010e937                ipi222
                0xffffffff8010e943                ipi223
                0xffffffff8010e94f                ipi224
                0xffffffff8010e95b                ipi225
                0xffffffff8010e967                ipi226
                0xffffffff8010e973                ipi227
                0xffffffff8010e97f                ipi228
                0xffffffff8010e98b                ipi229
                0xffffffff8010e997                ipi230
                0xffffffff8010e9a3                ipi231
                0xffffffff8010e9af                ipi232
                0xffffffff8010e9bb                ipi233
                0xffffffff8010e9c7                ipi234
                0xffffffff8010e9d3                ipi235
                0xffffffff8010e9df                ipi236
                0xffffffff8010e9eb                ipi237
                0xffffffff8010e9f7                ipi238
                0xffffffff8010ea03                ipi239
                0xffffffff8010ea0f                ipi240
                0xffffffff8010ea1b                ipi241
                0xffffffff8010ea27                ipi242
                0xffffffff8010ea33                ipi243
                0xffffffff8010ea3f                ipi244
                0xffffffff8010ea4b                ipi245
                0xffffffff8010ea57                ipi246
                0xffffffff8010ea63                ipi247
                0xffffffff8010ea6f                ipi248
                0xffffffff8010ea7b                ipi249
                0xffffffff8010ea87                ipi250
                0xffffffff8010ea93                ipi251
                0xffffffff8010ea9f                ipi252
                0xffffffff8010eaab                ipi253
                0xffffffff8010eab7                ipi254
                0xffffffff8010eac3                ipi255
                0xffffffff8010eacf                intrid32
                0xffffffff8010ead8                intrid33
                0xffffffff8010eae1                intrid34
                0xffffffff8010eaea                intrid35
                0xffffffff8010eaf3                intrid36
                0xffffffff8010eafc                intrid37
                0xffffffff8010eb05                intrid38
                0xffffffff8010eb0e                intrid39
                0xffffffff8010eb17                intrid40
                0xffffffff8010eb20                intrid41
                0xffffffff8010eb29                intrid42
                0xffffffff8010eb32                intrid43
                0xffffffff8010eb3b                intrid44
                0xffffffff8010eb44                intrid45
                0xffffffff8010eb4d                intrid46
                0xffffffff8010eb56                intrid47
                0xffffffff8010eb74                isr_tables
 *fill*         0xffffffff8010f374        0xc 
 .text          0xffffffff8010f380       0x3c ./build/kernel/Arch/x86_64/KernelStack.o
                0xffffffff8010f380                load_tss
 *fill*         0xffffffff8010f3bc        0x4 
 .text          0xffffffff8010f3c0       0x86 ./build/kernel/Arch/x86_64/SMPTrampoline.o
                0xffffffff8010f3c0                SMPTrampolineStart
                0xffffffff8010f446                SMPTrampolineEnd
 *fill*         0xffffffff8010f446        0xa 
 .text          0xffffffff8010f450       0x5b ./build/kernel/Arch/x86_64/Wrapper.o
                0xffffffff8010f450                asmw_flush_gdt
                0xffffffff8010f47b                asmw_flush_idt
                0xffffffff8010f47f                asmw_load_paging
                0xffffffff8010f483                asmw_enable_sse
                0xffffffff8010f494                asmw_enable_avx
                0xffffffff8010f4a7                asmw_get_pagemap

.iplt           0xffffffff8010f4ab        0x0 load address 0x000000000010f4ab
 .iplt          0xffffffff8010f4ab        0x0 ./build/kernel/Arch/x86_64/Arch.o

.rodata         0xffffffff80110000     0x1110 load address 0x0000000000110000
 *(.rodata*)
 .rodata        0xffffffff80110000       0xde ./build/kernel/Arch/x86_64/BootX64.o
 *fill*         0xffffffff801100de        0x2 
 .rodata        0xffffffff801100e0      0x269 ./build/kernel/Arch/x86_64/Interrupts.o
 *fill*         0xffffffff80110349        0x7 
 .rodata        0xffffffff80110350       0x5d ./build/kernel/Arch/x86_64/MMU.o
 *fill*         0xffffffff801103ad        0x3 
 .rodata        0xffffffff801103b0       0x44 ./build/kernel/Arch/x86_64/SMBIOS.o
 *fill*         0xffffffff801103f4        0x4 
 .rodata        0xffffffff801103f8       0x92 ./build/kernel/Arch/x86_64/SMP.o
 *fill*         0xffffffff8011048a        0x6 
 .rodata._ZTV6Device
                0xffffffff80110490       0x20 ./build/kernel/Device/DeviceImpl.o
                0xffffffff80110490                vtable for Device
 .rodata._ZTVN3PCI9PCIDeviceE
                0xffffffff801104b0       0x20 ./build/kernel/Drivers/Bus/PCI/PCIDeviceImpl.o
                0xffffffff801104b0                vtable for PCI::PCIDevice
 .rodata        0xffffffff801104d0       0x27 ./build/kernel/Drivers/Bus/PCI/PCIDeviceProviderImpl.o
 *fill*         0xffffffff801104f7        0x1 
 .rodata._ZTVN3PCI17PCIDeviceProviderE
                0xffffffff801104f8       0x18 ./build/kernel/Drivers/Bus/PCI/PCIDeviceProviderImpl.o
                0xffffffff801104f8                vtable for PCI::PCIDeviceProvider
 .rodata._ZTV14DeviceProvider
                0xffffffff80110510       0x18 ./build/kernel/Drivers/Bus/PCI/PCIDeviceProviderImpl.o
                0xffffffff80110510                vtable for DeviceProvider
 .rodata        0xffffffff80110528       0x53 ./build/kernel/Drivers/Clock/HPET/HPETTimerImpl.o
 *fill*         0xffffffff8011057b        0x5 
 .rodata._ZTV9HPETTimer
                0xffffffff80110580       0x28 ./build/kernel/Drivers/Clock/HPET/HPETTimerImpl.o
                0xffffffff80110580                vtable for HPETTimer
 .rodata._ZTV5Timer
                0xffffffff801105a8       0x28 ./build/kernel/Drivers/Clock/HPET/HPETTimerImpl.o
                0xffffffff801105a8                vtable for Timer
 .rodata        0xffffffff801105d0       0x70 ./build/kernel/Drivers/Generic/ACPI/ACPIMain.o
 .rodata        0xffffffff80110640       0x38 ./build/kernel/Drivers/Generic/ACPI/ACPITimerImpl.o
 .rodata._ZTV9ACPITimer
                0xffffffff80110678       0x28 ./build/kernel/Drivers/Generic/ACPI/ACPITimerImpl.o
                0xffffffff80110678                vtable for ACPITimer
 .rodata        0xffffffff801106a0      0x158 ./build/kernel/Drivers/Generic/APIC/APICMain.o
 .rodata        0xffffffff801107f8       0x5c ./build/kernel/Drivers/Generic/APIC/IO.o
 .rodata        0xffffffff80110854       0x2a ./build/kernel/Drivers/Generic/APIC/Local.o
 *fill*         0xffffffff8011087e        0x2 
 .rodata._ZTV14LocalAPICTimer
                0xffffffff80110880       0x28 ./build/kernel/Drivers/Generic/APIC/LocalAPICTimerImpl.o
                0xffffffff80110880                vtable for LocalAPICTimer
 .rodata        0xffffffff801108a8       0x7f ./build/kernel/Drivers/Input/PS2LegacyController.o
 *fill*         0xffffffff80110927        0x1 
 .rodata._ZTVN5Input19PS2LegacyControllerE
                0xffffffff80110928       0x20 ./build/kernel/Drivers/Input/PS2LegacyController.o
                0xffffffff80110928                vtable for Input::PS2LegacyController
 .rodata        0xffffffff80110948       0x22 ./build/kernel/Drivers/Input/PS2LegacyKeyboardImpl.o
 *fill*         0xffffffff8011096a        0x6 
 .rodata._ZTVN5Input17PS2LegacyKeyboardE
                0xffffffff80110970       0x20 ./build/kernel/Drivers/Input/PS2LegacyKeyboardImpl.o
                0xffffffff80110970                vtable for Input::PS2LegacyKeyboard
 .rodata        0xffffffff80110990       0x32 ./build/kernel/Drivers/Storage/AHCI/AHCIControllerDeviceImpl.o
 *fill*         0xffffffff801109c2        0x6 
 .rodata._ZTVN4AHCI20AHCIControllerDeviceE
                0xffffffff801109c8       0x20 ./build/kernel/Drivers/Storage/AHCI/AHCIControllerDeviceImpl.o
                0xffffffff801109c8                vtable for AHCI::AHCIControllerDevice
 .rodata        0xffffffff801109e8       0x4a ./build/kernel/Drivers/Storage/AHCI/AHCIMain.o
 *fill*         0xffffffff80110a32        0x6 
 .rodata        0xffffffff80110a38       0x22 ./build/kernel/Drivers/Storage/AHCI/SATADiskDeviceImpl.o
 *fill*         0xffffffff80110a5a        0x6 
 .rodata._ZTVN4AHCI14SATADiskDeviceE
                0xffffffff80110a60       0x30 ./build/kernel/Drivers/Storage/AHCI/SATADiskDeviceImpl.o
                0xffffffff80110a60                vtable for AHCI::SATADiskDevice
 .rodata._ZTV10DiskDevice
                0xffffffff80110a90       0x30 ./build/kernel/Fs/DiskDeviceImpl.o
                0xffffffff80110a90                vtable for DiskDevice
 .rodata        0xffffffff80110ac0      0x1b8 ./build/kernel/Input/ConsoleImpl.o
 .rodata        0xffffffff80110c78      0x130 ./build/kernel/Input/KeyCode.o
 .rodata        0xffffffff80110da8      0x1c0 ./build/kernel/libkern/printf.o
 .rodata        0xffffffff80110f68       0x28 ./build/kernel/Memory/Memory.o
 .rodata        0xffffffff80110f90       0x17 ./build/kernel/Memory/Page.o
 *fill*         0xffffffff80110fa7        0x1 
 .rodata        0xffffffff80110fa8       0x21 ./build/kernel/Memory/SlabAllocatorImpl.o
 *fill*         0xffffffff80110fc9       0x17 
 .rodata        0xffffffff80110fe0       0xaf ./build/kernel/Memory/Slub.o
 .rodata        0xffffffff8011108f        0x7 ./build/kernel/Process/ActivityManagement.o
 .rodata        0xffffffff80111096        0x9 ./build/kernel/Process/Scheduler.o
 .rodata        0xffffffff8011109f       0x1d ./build/kernel/Process/SchedulerImpl.o
 *fill*         0xffffffff801110bc        0x4 
 .rodata._ZTVN5Video17TextModePresenterE
                0xffffffff801110c0       0x28 ./build/kernel/Video/TextModePresenterImpl.o
                0xffffffff801110c0                vtable for Video::TextModePresenter
 .rodata._ZTVN5Video14VideoPresenterE
                0xffffffff801110e8       0x28 ./build/kernel/Video/VideoPresenterImpl.o
                0xffffffff801110e8                vtable for Video::VideoPresenter

.eh_frame       0xffffffff80111110     0x3588 load address 0x0000000000111110
 .eh_frame      0xffffffff80111110       0xb8 ./build/kernel/Arch/x86_64/Arch.o
 .eh_frame      0xffffffff801111c8       0xc0 ./build/kernel/Arch/x86_64/BootX64.o
                                         0xd8 (size before relaxing)
 .eh_frame      0xffffffff80111288      0x108 ./build/kernel/Arch/x86_64/CPU.o
                                        0x140 (size before relaxing)
 .eh_frame      0xffffffff80111390       0xa0 ./build/kernel/Arch/x86_64/GDT.o
                                         0xb8 (size before relaxing)
 .eh_frame      0xffffffff80111430       0x40 ./build/kernel/Arch/x86_64/IDT.o
                                         0x58 (size before relaxing)
 .eh_frame      0xffffffff80111470       0x60 ./build/kernel/Arch/x86_64/Interrupts.o
                                         0x98 (size before relaxing)
 .eh_frame      0xffffffff801114d0      0x240 ./build/kernel/Arch/x86_64/MMU.o
                                        0x258 (size before relaxing)
 .eh_frame      0xffffffff80111710       0xa0 ./build/kernel/Arch/x86_64/PIC.o
                                         0xb8 (size before relaxing)
 .eh_frame      0xffffffff801117b0       0x60 ./build/kernel/Arch/x86_64/PIT.o
                                         0x78 (size before relaxing)
 .eh_frame      0xffffffff80111810       0x40 ./build/kernel/Arch/x86_64/SchedulerArchImpl.o
                                         0x58 (size before relaxing)
 .eh_frame      0xffffffff80111850       0x40 ./build/kernel/Arch/x86_64/SMBIOS.o
                                         0x58 (size before relaxing)
 .eh_frame      0xffffffff80111890       0xc0 ./build/kernel/Arch/x86_64/SMP.o
                                         0xd8 (size before relaxing)
 .eh_frame      0xffffffff80111950       0x20 ./build/kernel/Arch/x86_64/TaskStateSegment.o
                                         0x58 (size before relaxing)
 .eh_frame      0xffffffff80111970       0x40 ./build/kernel/Device/DeviceImpl.o
                                         0x58 (size before relaxing)
 .eh_frame      0xffffffff801119b0       0xf0 ./build/kernel/Device/DeviceManagement.o
                                        0x128 (size before relaxing)
 .eh_frame      0xffffffff80111aa0      0x188 ./build/kernel/Device/DeviceStaticImpl.o
                                        0x268 (size before relaxing)
 .eh_frame      0xffffffff80111c28       0xe0 ./build/kernel/Drivers/Bus/PCI/PCIDeviceImpl.o
                                        0x138 (size before relaxing)
 .eh_frame      0xffffffff80111d08      0x350 ./build/kernel/Drivers/Bus/PCI/PCIDeviceProviderImpl.o
                                        0x3c8 (size before relaxing)
 .eh_frame      0xffffffff80112058      0x1e0 ./build/kernel/Drivers/Bus/PCI/PCIMain.o
                                        0x1f8 (size before relaxing)
 .eh_frame      0xffffffff80112238       0xc0 ./build/kernel/Drivers/Clock/HPET/HPETTimerImpl.o
                                         0xd8 (size before relaxing)
 .eh_frame      0xffffffff801122f8      0x1c8 ./build/kernel/Drivers/Generic/ACPI/ACPIMain.o
                                        0x200 (size before relaxing)
 .eh_frame      0xffffffff801124c0       0xc0 ./build/kernel/Drivers/Generic/ACPI/ACPITimerImpl.o
                                         0xf8 (size before relaxing)
 .eh_frame      0xffffffff80112580       0x68 ./build/kernel/Drivers/Generic/APIC/APICMain.o
                                         0x80 (size before relaxing)
 .eh_frame      0xffffffff801125e8      0x168 ./build/kernel/Drivers/Generic/APIC/IO.o
                                        0x1c0 (size before relaxing)
 .eh_frame      0xffffffff80112750      0x140 ./build/kernel/Drivers/Generic/APIC/Local.o
                                        0x158 (size before relaxing)
 .eh_frame      0xffffffff80112890       0xe8 ./build/kernel/Drivers/Generic/APIC/LocalAPICTimerImpl.o
                                        0x120 (size before relaxing)
 .eh_frame      0xffffffff80112978      0x128 ./build/kernel/Drivers/Input/PS2LegacyController.o
                                        0x1a0 (size before relaxing)
 .eh_frame      0xffffffff80112aa0       0xc0 ./build/kernel/Drivers/Input/PS2LegacyKeyboardImpl.o
                                        0x138 (size before relaxing)
 .eh_frame      0xffffffff80112b60      0x1e8 ./build/kernel/Drivers/Storage/AHCI/AHCIControllerDeviceImpl.o
                                        0x240 (size before relaxing)
 .eh_frame      0xffffffff80112d48       0xa8 ./build/kernel/Drivers/Storage/AHCI/AHCIMain.o
                                         0xc0 (size before relaxing)
 .eh_frame      0xffffffff80112df0      0x1c0 ./build/kernel/Drivers/Storage/AHCI/SATADiskDeviceImpl.o
                                        0x238 (size before relaxing)
 .eh_frame      0xffffffff80112fb0       0xe0 ./build/kernel/Drivers/Video.o
                                         0xf8 (size before relaxing)
 .eh_frame      0xffffffff80113090       0x40 ./build/kernel/Fs/DiskDeviceImpl.o
                                         0x58 (size before relaxing)
 .eh_frame      0xffffffff801130d0      0x128 ./build/kernel/Input/ConsoleImpl.o
                                        0x140 (size before relaxing)
 .eh_frame      0xffffffff801131f8       0x20 ./build/kernel/Input/KeyCode.o
                                         0x38 (size before relaxing)
 .eh_frame      0xffffffff80113218       0x60 ./build/kernel/libkern/printf.o
                                         0x78 (size before relaxing)
 .eh_frame      0xffffffff80113278       0x40 ./build/kernel/libkern/sprintf.o
                                         0x58 (size before relaxing)
 .eh_frame      0xffffffff801132b8      0x1c0 ./build/kernel/Memory/Memory.o
                                        0x1d8 (size before relaxing)
 .eh_frame      0xffffffff80113478      0x398 ./build/kernel/Memory/Page.o
                                        0x410 (size before relaxing)
 .eh_frame      0xffffffff80113810       0xc0 ./build/kernel/Memory/PageAllocation.o
                                         0xd8 (size before relaxing)
 .eh_frame      0xffffffff801138d0       0xe0 ./build/kernel/Memory/SlabAllocatorImpl.o
                                         0xf8 (size before relaxing)
 .eh_frame      0xffffffff801139b0      0x1c0 ./build/kernel/Memory/Slub.o
                                        0x2d8 (size before relaxing)
 .eh_frame      0xffffffff80113b70       0x20 ./build/kernel/Panic.o
                                         0x38 (size before relaxing)
 .eh_frame      0xffffffff80113b90      0x148 ./build/kernel/Process/ActivityImpl.o
                                        0x1a0 (size before relaxing)
 .eh_frame      0xffffffff80113cd8       0x80 ./build/kernel/Process/ActivityManagement.o
                                         0xb8 (size before relaxing)
 .eh_frame      0xffffffff80113d58      0x140 ./build/kernel/Process/ProcessImpl.o
                                        0x198 (size before relaxing)
 .eh_frame      0xffffffff80113e98       0x80 ./build/kernel/Process/Scheduler.o
                                         0x98 (size before relaxing)
 .eh_frame      0xffffffff80113f18      0x210 ./build/kernel/Process/SchedulerImpl.o
                                        0x228 (size before relaxing)
 .eh_frame      0xffffffff80114128       0xc0 ./build/kernel/Runtime.o
                                         0xd8 (size before relaxing)
 .eh_frame      0xffffffff801141e8      0x270 ./build/kernel/String.o
                                        0x288 (size before relaxing)
 .eh_frame      0xffffffff80114458       0x78 ./build/kernel/System.o
                                         0xb0 (size before relaxing)
 .eh_frame      0xffffffff801144d0      0x108 ./build/kernel/Video/TextModePresenterImpl.o
                                        0x120 (size before relaxing)
 .eh_frame      0xffffffff801145d8       0x40 ./build/kernel/Video/VideoControllerImpl.o
                                         0x58 (size before relaxing)
 .eh_frame      0xffffffff80114618       0x80 ./build/kernel/Video/VideoPresenterImpl.o
                                         0xb8 (size before relaxing)

.rela.dyn       0xffffffff80114698        0x0 load address 0x0000000000114698
 .rela.got      0xffffffff80114698        0x0 ./build/kernel/Arch/x86_64/Arch.o
 .rela.iplt     0xffffffff80114698        0x0 ./build/kernel/Arch/x86_64/Arch.o
 .rela.text     0xffffffff80114698        0x0 ./build/kernel/Arch/x86_64/Arch.o
 .rela.rodata._ZTV6Device
                0xffffffff80114698        0x0 ./build/kernel/Arch/x86_64/Arch.o
 .rela.text._ZN10LinkedListIP6DeviceED2Ev
                0xffffffff80114698        0x0 ./build/kernel/Arch/x86_64/Arch.o
 .rela.text._ZN14SizedArrayListI10LinkedListIP6DeviceELi20EEC2Ev
                0xffffffff80114698        0x0 ./build/kernel/Arch/x86_64/Arch.o
 .rela.text._ZN14SizedArrayListI10LinkedListIP6DeviceELi20EED2Ev
                0xffffffff80114698        0x0 ./build/kernel/Arch/x86_64/Arch.o
 .rela.text._ZN10LinkedListIP6DeviceE3AddES1_
                0xffffffff80114698        0x0 ./build/kernel/Arch/x86_64/Arch.o
 .rela.text._ZN10LinkedListIP6DeviceE3AddEP8ListNodeIS1_E
                0xffffffff80114698        0x0 ./build/kernel/Arch/x86_64/Arch.o
 .rela.text._ZN6DeviceD2Ev
                0xffffffff80114698        0x0 ./build/kernel/Arch/x86_64/Arch.o
 .rela.text._ZN3PCI7PCIInfoC2Ehhh
                0xffffffff80114698        0x0 ./build/kernel/Arch/x86_64/Arch.o
 .rela.text._ZN14DeviceProviderC2Ev
                0xffffffff80114698        0x0 ./build/kernel/Arch/x86_64/Arch.o
 .rela.text._ZN10LinkedListIN3PCI7PCIInfoEED2Ev
                0xffffffff80114698        0x0 ./build/kernel/Arch/x86_64/Arch.o
 .rela.text._ZN10LinkedListIP11MCFGAddressED2Ev
                0xffffffff80114698        0x0 ./build/kernel/Arch/x86_64/Arch.o
 .rela.text._ZN10LinkedListIP11MCFGAddressE3AddES1_