
Discarded input sections

 .group         0x0000000000000000        0xc ./build/Fs/DiskDeviceImpl.o
 .comment       0x0000000000000000       0x13 ./build/Fs/DiskDeviceImpl.o
 .comment       0x0000000000000000       0x13 ./build/libkern/sprintf.o
 .comment       0x0000000000000000       0x13 ./build/libkern/printf.o
 .group         0x0000000000000000        0xc ./build/System.o
 .comment       0x0000000000000000       0x13 ./build/System.o
 .comment       0x0000000000000000       0x13 ./build/Device/ComputerDeviceImpl.o
 .group         0x0000000000000000        0x8 ./build/Device/DeviceManagement.o
 .group         0x0000000000000000        0xc ./build/Device/DeviceManagement.o
 .group         0x0000000000000000        0x8 ./build/Device/DeviceManagement.o
 .group         0x0000000000000000        0xc ./build/Device/DeviceManagement.o
 .group         0x0000000000000000        0x8 ./build/Device/DeviceManagement.o
 .group         0x0000000000000000        0xc ./build/Device/DeviceManagement.o
 .comment       0x0000000000000000       0x13 ./build/Device/DeviceManagement.o
 .group         0x0000000000000000        0x8 ./build/Device/DeviceStaticImpl.o
 .group         0x0000000000000000        0x8 ./build/Device/DeviceStaticImpl.o
 .group         0x0000000000000000        0xc ./build/Device/DeviceStaticImpl.o
 .group         0x0000000000000000        0x8 ./build/Device/DeviceStaticImpl.o
 .group         0x0000000000000000        0xc ./build/Device/DeviceStaticImpl.o
 .group         0x0000000000000000        0x8 ./build/Device/DeviceStaticImpl.o
 .group         0x0000000000000000        0xc ./build/Device/DeviceStaticImpl.o
 .group         0x0000000000000000        0x8 ./build/Device/DeviceStaticImpl.o
 .group         0x0000000000000000        0x8 ./build/Device/DeviceStaticImpl.o
 .group         0x0000000000000000        0x8 ./build/Device/DeviceStaticImpl.o
 .group         0x0000000000000000        0xc ./build/Device/DeviceStaticImpl.o
 .group         0x0000000000000000        0xc ./build/Device/DeviceStaticImpl.o
 .comment       0x0000000000000000       0x13 ./build/Device/DeviceStaticImpl.o
 .group         0x0000000000000000        0x8 ./build/Device/DeviceImpl.o
 .group         0x0000000000000000        0xc ./build/Device/DeviceImpl.o
 .comment       0x0000000000000000       0x13 ./build/Device/DeviceImpl.o
 .comment       0x0000000000000000       0x13 ./build/Video/VideoControllerImpl.o
 .comment       0x0000000000000000       0x13 ./build/Video/FrameBufferPresenterImpl.o
 .group         0x0000000000000000        0x8 ./build/Video/TextModePresenterImpl.o
 .group         0x0000000000000000        0xc ./build/Video/TextModePresenterImpl.o
 .comment       0x0000000000000000       0x13 ./build/Video/TextModePresenterImpl.o
 .group         0x0000000000000000        0x8 ./build/Video/VideoPresenterImpl.o
 .group         0x0000000000000000        0x8 ./build/Video/VideoPresenterImpl.o
 .group         0x0000000000000000        0xc ./build/Video/VideoPresenterImpl.o
 .group         0x0000000000000000        0xc ./build/Video/VideoPresenterImpl.o
 .comment       0x0000000000000000       0x13 ./build/Video/VideoPresenterImpl.o
 .group         0x0000000000000000        0x8 ./build/Process/SchedulerImpl.o
 .group         0x0000000000000000        0xc ./build/Process/SchedulerImpl.o
 .group         0x0000000000000000        0x8 ./build/Process/SchedulerImpl.o
 .group         0x0000000000000000        0x8 ./build/Process/SchedulerImpl.o
 .group         0x0000000000000000        0x8 ./build/Process/SchedulerImpl.o
 .comment       0x0000000000000000       0x13 ./build/Process/SchedulerImpl.o
 .group         0x0000000000000000        0x8 ./build/Process/ProcessImpl.o
 .group         0x0000000000000000        0x8 ./build/Process/ProcessImpl.o
 .group         0x0000000000000000        0x8 ./build/Process/ProcessImpl.o
 .group         0x0000000000000000        0xc ./build/Process/ProcessImpl.o
 .group         0x0000000000000000        0xc ./build/Process/ProcessImpl.o
 .comment       0x0000000000000000       0x13 ./build/Process/ProcessImpl.o
 .comment       0x0000000000000000       0x13 ./build/Process/Scheduler.o
 .group         0x0000000000000000        0x8 ./build/Process/ActivityImpl.o
 .group         0x0000000000000000        0x8 ./build/Process/ActivityImpl.o
 .group         0x0000000000000000        0x8 ./build/Process/ActivityImpl.o
 .group         0x0000000000000000        0xc ./build/Process/ActivityImpl.o
 .group         0x0000000000000000        0x8 ./build/Process/ActivityImpl.o
 .group         0x0000000000000000        0xc ./build/Process/ActivityImpl.o
 .comment       0x0000000000000000       0x13 ./build/Process/ActivityImpl.o
 .group         0x0000000000000000        0x8 ./build/Process/ActivityManagement.o
 .group         0x0000000000000000        0xc ./build/Process/ActivityManagement.o
 .group         0x0000000000000000        0xc ./build/Process/ActivityManagement.o
[...]
Memory Configuration

Name             Origin             Length             Attributes
*default*        0x0000000000000000 0xffffffffffffffff

Linker script and memory map

                0xffffffff80000000                KERNEL_VMA = 0xffffffff80000000
                0x0000000000100000                . = 0x100000

.boot.text      0x0000000000100000       0x44
 *(.boot.text)
 .boot.text     0x0000000000100000       0x44 ./build/Arch/x86_64/Header.o

.boot.data      0x0000000000100044      0xfbc
 *(.boot.data)
                0x0000000000101000                . = ALIGN (0x1000)
 *fill*         0x0000000000100044      0xfbc 
                0xffffffff80101000                . = (. + KERNEL_VMA)
                0xffffffff80101000                KERNEL_START_ADDR = .

.stivalehdr
 *(.stivalehdr)

.stivale2hdr    0xffffffff80101000       0x20 load address 0x0000000000101000
 *(.stivale2hdr)
 .stivale2hdr   0xffffffff80101000       0x20 ./build/Arch/x86_64/Header.o

.text           0xffffffff80102000     0xbe3b load address 0x0000000000102000
 *(.text*)
 .text          0xffffffff80102000       0x1f ./build/Fs/DiskDeviceImpl.o
                0xffffffff80102000                DiskDevice::Enable()
                0xffffffff80102010                DiskDevice::Disable()
 .text          0xffffffff8010201f      0x27e ./build/libkern/sprintf.o
                0xffffffff8010201f                itoa(int, char*, int)
                0xffffffff80102181                utoa(unsigned long, char*, int)
 .text          0xffffffff8010229d      0x367 ./build/libkern/printf.o
                0xffffffff8010229d                puts(char const*)
                0xffffffff801022d8                printf(char const*, ...)
                0xffffffff80102325                vprintf(char const*, __va_list_tag*)
 .text          0xffffffff80102604      0x13d ./build/System.o
                0xffffffff80102604                System::Out(char const*, ...)
                0xffffffff80102660                System::Panic(char const*, ...)
                0xffffffff801026b1                Sleep(long)
                0xffffffff801026f9                KernelInit()
 *fill*         0xffffffff80102741        0x1 
 .text._ZN6Device8RegisterEv
                0xffffffff80102742       0x1b ./build/System.o
                0xffffffff80102742                Device::Register()
 .text          0xffffffff8010275d        0x0 ./build/Device/ComputerDeviceImpl.o
 .text          0xffffffff8010275d       0x67 ./build/Device/DeviceManagement.o
 .text._ZN8Spinlock7ReleaseEv
                0xffffffff801027c4       0x1a ./build/Device/DeviceManagement.o
                0xffffffff801027c4                Spinlock::Release()
 .text._ZN10LinkedListIP6DeviceED2Ev
                0xffffffff801027de       0x1f ./build/Device/DeviceManagement.o
                0xffffffff801027de                LinkedList<Device*>::~LinkedList()
                0xffffffff801027de                LinkedList<Device*>::~LinkedList()
 *fill*         0xffffffff801027fd        0x1 
 .text._ZN14SizedArrayListIP14DeviceProviderLi4EEC2Ev
                0xffffffff801027fe       0x27 ./build/Device/DeviceManagement.o
                0xffffffff801027fe                SizedArrayList<DeviceProvider*, 4>::SizedArrayList()
                0xffffffff801027fe                SizedArrayList<DeviceProvider*, 4>::SizedArrayList()
 *fill*         0xffffffff80102825        0x1 
 .text._ZN14SizedArrayListI10LinkedListIP6DeviceELi20EEC2Ev
                0xffffffff80102826       0x5a ./build/Device/DeviceManagement.o
                0xffffffff80102826                SizedArrayList<LinkedList<Device*>, 20>::SizedArrayList()
                0xffffffff80102826                SizedArrayList<LinkedList<Device*>, 20>::SizedArrayList()
 .text._ZN10LinkedListIP6DeviceEC2Ev
                0xffffffff80102880       0x3c ./build/Device/DeviceManagement.o
                0xffffffff80102880                LinkedList<Device*>::LinkedList()
                0xffffffff80102880                LinkedList<Device*>::LinkedList()
 .text._ZN14SizedArrayListI10LinkedListIP6DeviceELi20EED2Ev
                0xffffffff801028bc       0x3f ./build/Device/DeviceManagement.o
                0xffffffff801028bc                SizedArrayList<LinkedList<Device*>, 20>::~SizedArrayList()
                0xffffffff801028bc                SizedArrayList<LinkedList<Device*>, 20>::~SizedArrayList()
 *fill*         0xffffffff801028fb        0x1 
 .text          0xffffffff801028fc      0x123 ./build/Device/DeviceStaticImpl.o
                0xffffffff801028fc                Device::GetDevice(char const*)
                0xffffffff8010290c                Device::GetDevice(unsigned long)
                0xffffffff8010291c                Device::RegisterDevice(Device*)
                0xffffffff80102988                Device::GetProvider(DeviceBus)
                0xffffffff801029aa                Device::EnumerateDevice(DeviceType)
 *fill*         0xffffffff80102a1f        0x1 
 .text._ZN8Spinlock7AcquireEv
                0xffffffff80102a20       0x28 ./build/Device/DeviceStaticImpl.o
                0xffffffff80102a20                Spinlock::Acquire()
 .text._ZN14SizedArrayListI10LinkedListIP6DeviceELi20EEixEi
                0xffffffff80102a48       0x38 ./build/Device/DeviceStaticImpl.o
                0xffffffff80102a48                SizedArrayList<LinkedList<Device*>, 20>::operator[](int)
 .text._ZN10LinkedListIP6DeviceE3AddES1_
                0xffffffff80102a80       0x4e ./build/Device/DeviceStaticImpl.o
                0xffffffff80102a80                LinkedList<Device*>::Add(Device*)
 .text._ZN14SizedArrayListIP14DeviceProviderLi4EEixEi
                0xffffffff80102ace       0x32 ./build/Device/DeviceStaticImpl.o
                0xffffffff80102ace                SizedArrayList<DeviceProvider*, 4>::operator[](int)
 .text._ZN8ListNodeIP6DeviceEC2ES1_
                0xffffffff80102b00       0x1f ./build/Device/DeviceStaticImpl.o
                0xffffffff80102b00                ListNode<Device*>::ListNode(Device*)
                0xffffffff80102b00                ListNode<Device*>::ListNode(Device*)
 *fill*         0xffffffff80102b1f        0x1 
 .text._ZN10LinkedListIP6DeviceE3AddEP8ListNodeIS1_E
                0xffffffff80102b20       0x90 ./build/Device/DeviceStaticImpl.o
                0xffffffff80102b20                LinkedList<Device*>::Add(ListNode<Device*>*)
 .text          0xffffffff80102bb0       0x57 ./build/Device/DeviceImpl.o
                0xffffffff80102bb0                Device::Device(char const*, DeviceBus, DeviceType)
                0xffffffff80102bb0                Device::Device(char const*, DeviceBus, DeviceType)
 *fill*         0xffffffff80102c07        0x1 
 .text          0xffffffff80102c08       0x1f ./build/Video/VideoControllerImpl.o
                0xffffffff80102c08                Video::VideoController::VideoController()
                0xffffffff80102c08                Video::VideoController::VideoController()
                0xffffffff80102c18                Video::VideoController::~VideoController()
                0xffffffff80102c18                Video::VideoController::~VideoController()
 .text          0xffffffff80102c27        0x0 ./build/Video/FrameBufferPresenterImpl.o
 *fill*         0xffffffff80102c27        0x1 
 .text          0xffffffff80102c28      0x423 ./build/Video/TextModePresenterImpl.o
                0xffffffff80102c28                Video::TextModePresenter::TextModePresenter()
                0xffffffff80102c28                Video::TextModePresenter::TextModePresenter()
                0xffffffff80102c72                Video::TextModePresenter::Clear()
                0xffffffff80102cd2                Video::TextModePresenter::Text(Video::Point, char const*, int)
                0xffffffff80102d0c                Video::TextModePresenter::Text(Video::Point, char const*, unsigned char, unsigned char)
                0xffffffff80102e86                Video::TextModePresenter::Text(Video::Point, char, unsigned char, unsigned char)
                0xffffffff80102eec                Video::TextModePresenter::MoveUp()
                0xffffffff80102faa                Video::TextModePresenter::Rectangle(Video::Point, int, int)
 .text._ZN8Integers17ConstraintToRangeEmmm
                0xffffffff8010304b       0x3e ./build/Video/TextModePresenterImpl.o
                0xffffffff8010304b                Integers::ConstraintToRange(unsigned long, unsigned long, unsigned long)
 *fill*         0xffffffff80103089        0x1 
 .text          0xffffffff8010308a       0x5b ./build/Video/VideoPresenterImpl.o
                0xffffffff8010308a                Video::VideoPresenter::VideoPresenter()
                0xffffffff8010308a                Video::VideoPresenter::VideoPresenter()
                0xffffffff801030b8                Video::VideoPresenter::~VideoPresenter()
                0xffffffff801030b8                Video::VideoPresenter::~VideoPresenter()
 *fill*         0xffffffff801030e5        0x1 
 .text._ZN10LinkedListIPN5Video11VideoOutputEEC2Ev
                0xffffffff801030e6       0x3c ./build/Video/VideoPresenterImpl.o
                0xffffffff801030e6                LinkedList<Video::VideoOutput*>::LinkedList()
                0xffffffff801030e6                LinkedList<Video::VideoOutput*>::LinkedList()
 .text._ZN10LinkedListIPN5Video11VideoOutputEED2Ev
                0xffffffff80103122       0x1f ./build/Video/VideoPresenterImpl.o
                0xffffffff80103122                LinkedList<Video::VideoOutput*>::~LinkedList()
                0xffffffff80103122                LinkedList<Video::VideoOutput*>::~LinkedList()
 *fill*         0xffffffff80103141        0x1 
 .text          0xffffffff80103142      0x31f ./build/Process/SchedulerImpl.o
                0xffffffff80103158                Task::Scheduler::Scheduler()
                0xffffffff80103158                Task::Scheduler::Scheduler()
                0xffffffff801031ac                Task::Scheduler::~Scheduler()
                0xffffffff801031ac                Task::Scheduler::~Scheduler()
                0xffffffff801031bc                Task::Scheduler::NextPID()
                0xffffffff801031fa                Task::Scheduler::Register(Task::Process*)
                0xffffffff8010329a                Task::Scheduler::Schedule()
                0xffffffff801032b2                Task::Scheduler::CreateProcess(char const*, Task::Activity*)
                0xffffffff801032e8                Task::Scheduler::CreateIdleProcess()
                0xffffffff8010331a                Task::Scheduler::CreateELFProcess(Fs::File*)
                0xffffffff80103350                Task::Scheduler::CreateProcessEx(char const*, Task::Activity*, Task::TaskType, Fs::File*)
                0xffffffff801033c8                Task::Scheduler::CreateThread(Task::Process*)
 *fill*         0xffffffff80103461        0x1 
 .text._ZN4Task6ThreadC2EPNS_7ProcessE
                0xffffffff80103462       0x60 ./build/Process/SchedulerImpl.o
                0xffffffff80103462                Task::Thread::Thread(Task::Process*)
                0xffffffff80103462                Task::Thread::Thread(Task::Process*)
 .text._ZN4Task9Scheduler14GetProcessByIdEj
                0xffffffff801034c2       0x29 ./build/Process/SchedulerImpl.o
                0xffffffff801034c2                Task::Scheduler::GetProcessById(unsigned int)
 *fill*         0xffffffff801034eb        0x1 
 .text._ZN14SizedArrayListIPN4Task7ProcessELi65536EEixEi
                0xffffffff801034ec       0x35 ./build/Process/SchedulerImpl.o
                0xffffffff801034ec                SizedArrayList<Task::Process*, 65536>::operator[](int)
 *fill*         0xffffffff80103521        0x1 
 .text._ZN14SizedArrayListIPN4Task7ProcessELi65536EEC2Ev
                0xffffffff80103522       0x2d ./build/Process/SchedulerImpl.o
                0xffffffff80103522                SizedArrayList<Task::Process*, 65536>::SizedArrayList()
                0xffffffff80103522                SizedArrayList<Task::Process*, 65536>::SizedArrayList()
 *fill*         0xffffffff8010354f        0x1 
 .text._ZN8ListNodeIN4Task6ThreadEEC2ES1_
                0xffffffff80103550       0x29 ./build/Process/SchedulerImpl.o
                0xffffffff80103550                ListNode<Task::Thread>::ListNode(Task::Thread)
                0xffffffff80103550                ListNode<Task::Thread>::ListNode(Task::Thread)
 *fill*         0xffffffff80103579        0x1 
 .text          0xffffffff8010357a      0x1dd ./build/Process/ProcessImpl.o
                0xffffffff80103590                Task::Process::Process()
                0xffffffff80103590                Task::Process::Process()
                0xffffffff801035b0                Task::Process::Process(char const*, Fs::File*, unsigned int, Task::Activity*, Task::TaskType)
                0xffffffff801035b0                Task::Process::Process(char const*, Fs::File*, unsigned int, Task::Activity*, Task::TaskType)
                0xffffffff801036e4                Task::Process::~Process()
                0xffffffff801036e4                Task::Process::~Process()
                0xffffffff80103704                Task::Process::Start()
                0xffffffff80103726                Task::Process::Suspend()
                0xffffffff80103748                Task::Process::Stop()
 *fill*         0xffffffff80103757        0x1 
 .text._ZN10LinkedListIN4Task6ThreadEEC2Ev
                0xffffffff80103758       0x3c ./build/Process/ProcessImpl.o
                0xffffffff80103758                LinkedList<Task::Thread>::LinkedList()
                0xffffffff80103758                LinkedList<Task::Thread>::LinkedList()
 .text._ZN10LinkedListIN4Task6ThreadEED2Ev
                0xffffffff80103794       0x1f ./build/Process/ProcessImpl.o
                0xffffffff80103794                LinkedList<Task::Thread>::~LinkedList()
                0xffffffff80103794                LinkedList<Task::Thread>::~LinkedList()
 *fill*         0xffffffff801037b3        0x1 
 .text._ZN10LinkedListIN4Task6ThreadEE3AddEP8ListNodeIS1_E
                0xffffffff801037b4       0x90 ./build/Process/ProcessImpl.o
                0xffffffff801037b4                LinkedList<Task::Thread>::Add(ListNode<Task::Thread>*)
 .text          0xffffffff80103844       0xc8 ./build/Process/Scheduler.o
                0xffffffff8010385a                Task::GetCurrentProcess()
 .text          0xffffffff8010390c      0x169 ./build/Process/ActivityImpl.o
                0xffffffff80103940                Task::Activity::Activity(char const*, Task::Process*)
                0xffffffff80103940                Task::Activity::Activity(char const*, Task::Process*)
                0xffffffff80103986                Task::Activity::Activity(Task::Process*)
                0xffffffff80103986                Task::Activity::Activity(Task::Process*)
                0xffffffff801039b4                Task::Activity::Add(Task::Process*)
                0xffffffff80103a22                Task::Activity::CreateIfNull(Task::Process*)
 *fill*         0xffffffff80103a75        0x1 
 .text._ZN10LinkedListIPN4Task7ProcessEEC2Ev
                0xffffffff80103a76       0x3c ./build/Process/ActivityImpl.o
                0xffffffff80103a76                LinkedList<Task::Process*>::LinkedList()
                0xffffffff80103a76                LinkedList<Task::Process*>::LinkedList()
 .text._ZN10LinkedListIPN4Task7ProcessEE3AddES2_
                0xffffffff80103ab2       0x4e ./build/Process/ActivityImpl.o
                0xffffffff80103ab2                LinkedList<Task::Process*>::Add(Task::Process*)
 .text._ZN8ListNodeIPN4Task7ProcessEEC2ES2_
                0xffffffff80103b00       0x1f ./build/Process/ActivityImpl.o
                0xffffffff80103b00                ListNode<Task::Process*>::ListNode(Task::Process*)
                0xffffffff80103b00                ListNode<Task::Process*>::ListNode(Task::Process*)
 *fill*         0xffffffff80103b1f        0x1 
 .text._ZN10LinkedListIPN4Task7ProcessEE3AddEP8ListNodeIS2_E
                0xffffffff80103b20       0x90 ./build/Process/ActivityImpl.o
                0xffffffff80103b20                LinkedList<Task::Process*>::Add(ListNode<Task::Process*>*)
 .text          0xffffffff80103bb0       0x69 ./build/Process/ActivityManagement.o
 *fill*         0xffffffff80103c19        0x1 
 .text._ZN4Task8ActivityD2Ev
                0xffffffff80103c1a       0x1f ./build/Process/ActivityManagement.o
                0xffffffff80103c1a                Task::Activity::~Activity()
                0xffffffff80103c1a                Task::Activity::~Activity()
 *fill*         0xffffffff80103c39        0x1 
 .text._ZN10LinkedListIPN4Task7ProcessEED2Ev
                0xffffffff80103c3a       0x1f ./build/Process/ActivityManagement.o
                0xffffffff80103c3a                LinkedList<Task::Process*>::~LinkedList()
                0xffffffff80103c3a                LinkedList<Task::Process*>::~LinkedList()
 .text          0xffffffff80103c59       0xed ./build/Runtime.o
                0xffffffff80103c59                operator new(unsigned long)
                0xffffffff80103c7d                operator new[](unsigned long)
                0xffffffff80103ca1                operator delete(void*)
                0xffffffff80103cc6                operator delete(void*, unsigned long)
                0xffffffff80103ce5                operator delete[](void*)
                0xffffffff80103d0a                operator delete[](void*, unsigned long)
                0xffffffff80103d29                __cxa_pure_virtual
 .text          0xffffffff80103d46      0x6fe ./build/Input/ConsoleImpl.o
                0xffffffff80103d46                ConsoleKeyEventHandler(Input::Key, bool)
                0xffffffff80103d7a                Console::Console()
                0xffffffff80103d7a                Console::Console()
                0xffffffff80103de4                Console::~Console()
                0xffffffff80103de4                Console::~Console()
                0xffffffff80103df4                Console::Render()
                0xffffffff80103e04                Console::Refresh()
                0xffffffff80103e82                Console::Newline()
                0xffffffff80103f30                Console::RenderModifiers()
                0xffffffff8010417a                Console::AcceptKey(Input::Key, bool)
                0xffffffff80104364                Console::AddChar(char)
 .text          0xffffffff80104444      0x21a ./build/Input/KeyCode.o
                0xffffffff80104444                Input::ApplyModifiers(Input::Key, unsigned char)
 .text          0xffffffff8010465e      0x4a9 ./build/Drivers/Bus/PCI/PCIMain.o
                0xffffffff80104697                PCI::MsiCapSetData(PCI::MSICapability*, unsigned int)
                0xffffffff801046d3                PCI::MsiCapGetData(PCI::MSICapability*)
                0xffffffff80104705                PCI::MsiCapSetAddress(PCI::MSICapability*, int)
                0xffffffff8010474a                PCI::ConfigReadDword(unsigned char, unsigned char, unsigned char, unsigned char)
                0xffffffff801047a7                PCI::ConfigReadWord(unsigned char, unsigned char, unsigned char, unsigned char)
                0xffffffff80104812                PCI::ConfigReadByte(unsigned char, unsigned char, unsigned char, unsigned char)
                0xffffffff8010487d                PCI::ConfigWriteDword(unsigned char, unsigned char, unsigned char, unsigned char, unsigned int)
                0xffffffff801048e4                PCI::ConfigWriteWord(unsigned char, unsigned char, unsigned char, unsigned char, unsigned short)
                0xffffffff80104986                PCI::ConfigWriteByte(unsigned char, unsigned char, unsigned char, unsigned char, unsigned char)
                0xffffffff80104a27                PCI::GetVendor(unsigned char, unsigned char, unsigned char)
                0xffffffff80104a62                PCI::GetDeviceID(unsigned char, unsigned char, unsigned char)
                0xffffffff80104a9d                PCI::GetHeaderType(unsigned char, unsigned char, unsigned char)
                0xffffffff80104ad0                PCI::CheckDevice(unsigned char, unsigned char, unsigned char)
 *fill*         0xffffffff80104b07        0x1 
 .text          0xffffffff80104b08       0xc1 ./build/Drivers/Bus/PCI/PCIDeviceImpl.o
                0xffffffff80104b08                PCI::PCIDevice::PCIDevice(unsigned char, unsigned char, unsigned char, unsigned char, unsigned char)
                0xffffffff80104b08                PCI::PCIDevice::PCIDevice(unsigned char, unsigned char, unsigned char, unsigned char, unsigned char)
                0xffffffff80104b80                PCI::PCIDevice::~PCIDevice()
                0xffffffff80104b80                PCI::PCIDevice::~PCIDevice()
                0xffffffff80104baa                PCI::PCIDevice::Enable()
                0xffffffff80104bba                PCI::PCIDevice::Disable()
 *fill*         0xffffffff80104bc9        0x1 
 .text._ZN6DeviceD2Ev
                0xffffffff80104bca       0x2d ./build/Drivers/Bus/PCI/PCIDeviceImpl.o
                0xffffffff80104bca                Device::~Device()
                0xffffffff80104bca                Device::~Device()
 *fill*         0xffffffff80104bf7        0x1 
 .text._ZN6DeviceC2E9DeviceBus10DeviceType
                0xffffffff80104bf8       0x2c ./build/Drivers/Bus/PCI/PCIDeviceImpl.o
                0xffffffff80104bf8                Device::Device(DeviceBus, DeviceType)
                0xffffffff80104bf8                Device::Device(DeviceBus, DeviceType)
 .text._ZN3PCI7PCIInfoC2Ehhhhh
                0xffffffff80104c24       0xbf ./build/Drivers/Bus/PCI/PCIDeviceImpl.o
                0xffffffff80104c24                PCI::PCIInfo::PCIInfo(unsigned char, unsigned char, unsigned char, unsigned char, unsigned char)
                0xffffffff80104c24                PCI::PCIInfo::PCIInfo(unsigned char, unsigned char, unsigned char, unsigned char, unsigned char)
 *fill*         0xffffffff80104ce3        0x1 
 .text          0xffffffff80104ce4      0x46f ./build/Drivers/Bus/PCI/PCIDeviceProviderImpl.o
                0xffffffff80104ce4                PCI::PCIDeviceProvider::PCIDeviceProvider()
                0xffffffff80104ce4                PCI::PCIDeviceProvider::PCIDeviceProvider()
                0xffffffff80104f72                PCI::PCIDeviceProvider::~PCIDeviceProvider()
                0xffffffff80104f72                PCI::PCIDeviceProvider::~PCIDeviceProvider()
                0xffffffff80104fb0                PCI::PCIDeviceProvider::FindName(char const*)
                0xffffffff80104fc4                PCI::PCIDeviceProvider::ConnectDevice(unsigned char, unsigned char, unsigned char)
                0xffffffff80105030                PCI::PCIDeviceProvider::CheckDevice(unsigned char, unsigned char, unsigned char)
                0xffffffff80105068                PCI::PCIDeviceProvider::FindDevice(unsigned short, unsigned short)
                0xffffffff80105086                PCI::PCIDeviceProvider::FindGenericDevice(unsigned short, unsigned short)
                0xffffffff80105116                PCI::PCIDeviceProvider::EnumerateDevice(unsigned short, unsigned short, void (*)(PCI::PCIInfo&))
                0xffffffff80105136                PCI::PCIDeviceProvider::EnumerateGenericDevice(unsigned char, unsigned char, void (*)(PCI::PCIInfo&))
 *fill*         0xffffffff80105153        0x1 
 .text._ZN3PCI7PCIInfoC2Ehhh
                0xffffffff80105154       0x75 ./build/Drivers/Bus/PCI/PCIDeviceProviderImpl.o
                0xffffffff80105154                PCI::PCIInfo::PCIInfo(unsigned char, unsigned char, unsigned char)
                0xffffffff80105154                PCI::PCIInfo::PCIInfo(unsigned char, unsigned char, unsigned char)
 *fill*         0xffffffff801051c9        0x1 
 .text._ZN14DeviceProviderC2Ev
                0xffffffff801051ca       0x1d ./build/Drivers/Bus/PCI/PCIDeviceProviderImpl.o
                0xffffffff801051ca                DeviceProvider::DeviceProvider()
                0xffffffff801051ca                DeviceProvider::DeviceProvider()
 *fill*         0xffffffff801051e7        0x1 
 .text._ZN10LinkedListIN3PCI7PCIInfoEEC2Ev
                0xffffffff801051e8       0x3c ./build/Drivers/Bus/PCI/PCIDeviceProviderImpl.o
                0xffffffff801051e8                LinkedList<PCI::PCIInfo>::LinkedList()
                0xffffffff801051e8                LinkedList<PCI::PCIInfo>::LinkedList()
 .text._ZN10LinkedListIN3PCI7PCIInfoEED2Ev
                0xffffffff80105224       0x1f ./build/Drivers/Bus/PCI/PCIDeviceProviderImpl.o
                0xffffffff80105224                LinkedList<PCI::PCIInfo>::~LinkedList()
                0xffffffff80105224                LinkedList<PCI::PCIInfo>::~LinkedList()
 *fill*         0xffffffff80105243        0x1 
 .text._ZN10LinkedListIP11MCFGAddressEC2Ev
                0xffffffff80105244       0x3c ./build/Drivers/Bus/PCI/PCIDeviceProviderImpl.o
                0xffffffff80105244                LinkedList<MCFGAddress*>::LinkedList()
                0xffffffff80105244                LinkedList<MCFGAddress*>::LinkedList()
 .text._ZN10LinkedListIP11MCFGAddressED2Ev
                0xffffffff80105280       0x1f ./build/Drivers/Bus/PCI/PCIDeviceProviderImpl.o
                0xffffffff80105280                LinkedList<MCFGAddress*>::~LinkedList()
                0xffffffff80105280                LinkedList<MCFGAddress*>::~LinkedList()
 *fill*         0xffffffff8010529f        0x1 
 .text._ZN10LinkedListIN3PCI7PCIInfoEEaSERKS2_
                0xffffffff801052a0       0x13 ./build/Drivers/Bus/PCI/PCIDeviceProviderImpl.o
                0xffffffff801052a0                LinkedList<PCI::PCIInfo>::operator=(LinkedList<PCI::PCIInfo> const&)
 *fill*         0xffffffff801052b3        0x1 
 .text._ZN10LinkedListIP11MCFGAddressEaSERKS2_
                0xffffffff801052b4       0x13 ./build/Drivers/Bus/PCI/PCIDeviceProviderImpl.o
                0xffffffff801052b4                LinkedList<MCFGAddress*>::operator=(LinkedList<MCFGAddress*> const&)
 *fill*         0xffffffff801052c7        0x1 
 .text._ZN10LinkedListIP11MCFGAddressE3AddES1_
                0xffffffff801052c8       0x4e ./build/Drivers/Bus/PCI/PCIDeviceProviderImpl.o
                0xffffffff801052c8                LinkedList<MCFGAddress*>::Add(MCFGAddress*)
 .text._ZN10LinkedListIN3PCI7PCIInfoEE3AddES1_
                0xffffffff80105316       0x5d ./build/Drivers/Bus/PCI/PCIDeviceProviderImpl.o
                0xffffffff80105316                LinkedList<PCI::PCIInfo>::Add(PCI::PCIInfo)
 *fill*         0xffffffff80105373        0x1 
 .text._ZN10LinkedListIN3PCI7PCIInfoEE5CountEv
                0xffffffff80105374       0x15 ./build/Drivers/Bus/PCI/PCIDeviceProviderImpl.o
                0xffffffff80105374                LinkedList<PCI::PCIInfo>::Count()
 *fill*         0xffffffff80105389        0x1 
 .text._ZN10LinkedListIN3PCI7PCIInfoEEixEi
                0xffffffff8010538a       0x22 ./build/Drivers/Bus/PCI/PCIDeviceProviderImpl.o
                0xffffffff8010538a                LinkedList<PCI::PCIInfo>::operator[](int)
 .text._ZN8ListNodeIP11MCFGAddressEC2ES1_
                0xffffffff801053ac       0x1f ./build/Drivers/Bus/PCI/PCIDeviceProviderImpl.o
                0xffffffff801053ac                ListNode<MCFGAddress*>::ListNode(MCFGAddress*)
                0xffffffff801053ac                ListNode<MCFGAddress*>::ListNode(MCFGAddress*)
 *fill*         0xffffffff801053cb        0x1 
 .text._ZN10LinkedListIP11MCFGAddressE3AddEP8ListNodeIS1_E
                0xffffffff801053cc       0x90 ./build/Drivers/Bus/PCI/PCIDeviceProviderImpl.o
                0xffffffff801053cc                LinkedList<MCFGAddress*>::Add(ListNode<MCFGAddress*>*)
 .text._ZN8ListNodeIN3PCI7PCIInfoEEC2ES1_
                0xffffffff8010545c       0x30 ./build/Drivers/Bus/PCI/PCIDeviceProviderImpl.o
                0xffffffff8010545c                ListNode<PCI::PCIInfo>::ListNode(PCI::PCIInfo)
                0xffffffff8010545c                ListNode<PCI::PCIInfo>::ListNode(PCI::PCIInfo)
 .text._ZN10LinkedListIN3PCI7PCIInfoEE3AddEP8ListNodeIS1_E
                0xffffffff8010548c       0x90 ./build/Drivers/Bus/PCI/PCIDeviceProviderImpl.o
                0xffffffff8010548c                LinkedList<PCI::PCIInfo>::Add(ListNode<PCI::PCIInfo>*)
 .text._ZN10LinkedListIN3PCI7PCIInfoEE3GetEj
                0xffffffff8010551c       0x70 ./build/Drivers/Bus/PCI/PCIDeviceProviderImpl.o
                0xffffffff8010551c                LinkedList<PCI::PCIInfo>::Get(unsigned int)
 .text          0xffffffff8010558c      0x26a ./build/Drivers/Generic/APIC/APICMain.o
                0xffffffff8010558c                APIC::Initialize()
 .text._ZN14SizedArrayListIhLi256EE3AddEh
                0xffffffff801057f6       0x4e ./build/Drivers/Generic/APIC/APICMain.o
                0xffffffff801057f6                SizedArrayList<unsigned char, 256>::Add(unsigned char)
 .text._ZN14SizedArrayListIP21MADTInterruptOverrideLi256EE3AddES1_
                0xffffffff80105844       0x4e ./build/Drivers/Generic/APIC/APICMain.o
                0xffffffff80105844                SizedArrayList<MADTInterruptOverride*, 256>::Add(MADTInterruptOverride*)
 .text          0xffffffff80105892      0x241 ./build/Drivers/Generic/APIC/APICTimer.o
                0xffffffff80105892                LocalAPICTimer::TimerEvent(InterruptData*, RegisterContext*)
                0xffffffff801058d0                LocalAPICTimer::EstimateBusSpeed()
                0xffffffff80105992                LocalAPICTimer::LocalAPICTimer()
                0xffffffff80105992                LocalAPICTimer::LocalAPICTimer()
                0xffffffff80105a46                LocalAPICTimer::~LocalAPICTimer()
                0xffffffff80105a46                LocalAPICTimer::~LocalAPICTimer()
                0xffffffff80105a72                LocalAPICTimer::Tick()
                0xffffffff80105a96                LocalAPICTimer::CurrentTime(TimeSpan)
                0xffffffff80105ac0                LocalAPICTimer::Sleep(long)
 *fill*         0xffffffff80105ad3        0x1 
 .text._ZN5TimerC2Ev
                0xffffffff80105ad4       0x1d ./build/Drivers/Generic/APIC/APICTimer.o
                0xffffffff80105ad4                Timer::Timer()
                0xffffffff80105ad4                Timer::Timer()
 .text          0xffffffff80105af1      0x1ec ./build/Drivers/Generic/APIC/Local.o
                0xffffffff80105af1                SpuriousInterruptHandler(InterruptData*, RegisterContext*)
                0xffffffff80105b15                APIC::Local::WriteBase(unsigned long)
                0xffffffff80105b4c                APIC::Local::ReadBase()
                0xffffffff80105b8b                APIC::Local::WriteData(unsigned int, unsigned int)
                0xffffffff80105bb1                APIC::Local::ReadData(unsigned int)
                0xffffffff80105bcd                APIC::Local::SendIPI(unsigned char, unsigned int)
                0xffffffff80105c1c                APIC::Local::SendIPI(unsigned char, unsigned int, unsigned int, unsigned char)
                0xffffffff80105c52                APIC::Local::Enable()
                0xffffffff80105c68                APIC::Local::Initialize()
                0xffffffff80105cc7                APIC::Local::EndOfInterrupt()
 *fill*         0xffffffff80105cdd        0x1 
 .text          0xffffffff80105cde      0x382 ./build/Drivers/Generic/APIC/IO.o
                0xffffffff80105cde                APIC::IO::WriteData32(unsigned int, unsigned int)
                0xffffffff80105d07                APIC::IO::ReadData32(unsigned int)
                0xffffffff80105d29                APIC::IO::WriteData64(unsigned int, unsigned long)
                0xffffffff80105d6e                APIC::IO::ReadData64(unsigned int)
                0xffffffff80105da5                APIC::IO::Initialize()
                0xffffffff80105e94                APIC::IO::Redirect(unsigned char, unsigned char, unsigned int)
                0xffffffff80105eca                APIC::IO::SetBase(unsigned long)
                0xffffffff80105ee4                APIC::IO::MapLegacyIRQ(unsigned char)
                0xffffffff80105fbc                APIC::IO::EnableInterrupt(unsigned char)
 .text._ZN14SizedArrayListIP21MADTInterruptOverrideLi256EE6LengthEv
                0xffffffff80106060       0x19 ./build/Drivers/Generic/APIC/IO.o
                0xffffffff80106060                SizedArrayList<MADTInterruptOverride*, 256>::Length()
 *fill*         0xffffffff80106079        0x1 
 .text._ZN14SizedArrayListIP21MADTInterruptOverrideLi256EEixEi
                0xffffffff8010607a       0x35 ./build/Drivers/Generic/APIC/IO.o
                0xffffffff8010607a                SizedArrayList<MADTInterruptOverride*, 256>::operator[](int)
 *fill*         0xffffffff801060af        0x1 
 .text          0xffffffff801060b0      0x257 ./build/Drivers/Generic/ACPI/ACPITimerImpl.o
                0xffffffff801060ce                ACPITimer::ACPITimer()
                0xffffffff801060ce                ACPITimer::ACPITimer()
                0xffffffff801061ae                ACPITimer::~ACPITimer()
                0xffffffff801061ae                ACPITimer::~ACPITimer()
                0xffffffff801061cc                ACPITimer::Tick()
                0xffffffff801061dc                ACPITimer::CurrentTime(TimeSpan)
                0xffffffff80106202                ACPITimer::Sleep(long)
 .text          0xffffffff80106307        0x0 ./build/Drivers/Generic/ACPI/MADTMain.o
 *fill*         0xffffffff80106307        0x1 
 .text          0xffffffff80106308      0x47b ./build/Drivers/Generic/ACPI/ACPIMain.o
                0xffffffff80106308                ACPI::FindTableByName(char const*, int)
                0xffffffff8010652c                ACPI::Initialize()
                0xffffffff8010669f                ACPI::GetRemapIRQ(unsigned int)
 *fill*         0xffffffff80106783        0x1 
 .text._ZN13KeyValueTableImmEC2Ev
                0xffffffff80106784       0x1b ./build/Drivers/Generic/ACPI/ACPIMain.o
                0xffffffff80106784                KeyValueTable<unsigned long, unsigned long>::KeyValueTable()
                0xffffffff80106784                KeyValueTable<unsigned long, unsigned long>::KeyValueTable()
 *fill*         0xffffffff8010679f        0x1 
 .text._ZN14SizedArrayListIhLi256EEC2Ev
                0xffffffff801067a0       0x2d ./build/Drivers/Generic/ACPI/ACPIMain.o
                0xffffffff801067a0                SizedArrayList<unsigned char, 256>::SizedArrayList()
                0xffffffff801067a0                SizedArrayList<unsigned char, 256>::SizedArrayList()
 *fill*         0xffffffff801067cd        0x1 
 .text._ZN14SizedArrayListIP21MADTInterruptOverrideLi256EEC2Ev
                0xffffffff801067ce       0x2d ./build/Drivers/Generic/ACPI/ACPIMain.o
                0xffffffff801067ce                SizedArrayList<MADTInterruptOverride*, 256>::SizedArrayList()
                0xffffffff801067ce                SizedArrayList<MADTInterruptOverride*, 256>::SizedArrayList()
 *fill*         0xffffffff801067fb        0x1 
 .text._ZN10LinkedListIP12KeyValuePairImmEEC2Ev
                0xffffffff801067fc       0x3c ./build/Drivers/Generic/ACPI/ACPIMain.o
                0xffffffff801067fc                LinkedList<KeyValuePair<unsigned long, unsigned long>*>::LinkedList()
                0xffffffff801067fc                LinkedList<KeyValuePair<unsigned long, unsigned long>*>::LinkedList()
 .text._ZN10LinkedListIP12KeyValuePairImmEED2Ev
                0xffffffff80106838       0x1f ./build/Drivers/Generic/ACPI/ACPIMain.o
                0xffffffff80106838                LinkedList<KeyValuePair<unsigned long, unsigned long>*>::~LinkedList()
                0xffffffff80106838                LinkedList<KeyValuePair<unsigned long, unsigned long>*>::~LinkedList()
 *fill*         0xffffffff80106857        0x1 
 .text._ZN13KeyValueTableImmED2Ev
                0xffffffff80106858       0x1b ./build/Drivers/Generic/ACPI/ACPIMain.o
                0xffffffff80106858                KeyValueTable<unsigned long, unsigned long>::~KeyValueTable()
                0xffffffff80106858                KeyValueTable<unsigned long, unsigned long>::~KeyValueTable()
 *fill*         0xffffffff80106873        0x1 
 .text          0xffffffff80106874      0x232 ./build/Drivers/Input/PS2LegacyController.o
                0xffffffff801068b2                Input::PS2LegacyController::PS2LegacyController()
                0xffffffff801068b2                Input::PS2LegacyController::PS2LegacyController()
                0xffffffff80106a1e                Input::PS2LegacyController::~PS2LegacyController()
                0xffffffff80106a1e                Input::PS2LegacyController::~PS2LegacyController()
                0xffffffff80106a48                Input::PS2LegacyController::Enable()
                0xffffffff80106a58                Input::PS2LegacyController::Disable()
                0xffffffff80106a68                Input::PS2LegacyController::SendCommand(unsigned char)
 .text._ZN5Input19PS2LegacyController8WaitDataEv
                0xffffffff80106aa6       0x4f ./build/Drivers/Input/PS2LegacyController.o
                0xffffffff80106aa6                Input::PS2LegacyController::WaitData()
 *fill*         0xffffffff80106af5        0x1 
 .text          0xffffffff80106af6      0x149 ./build/Drivers/Input/PS2LegacyKeyboardImpl.o
                0xffffffff80106b14                Input::KeyHandler(InterruptData*, RegisterContext*)
                0xffffffff80106ba0                Input::PS2LegacyKeyboard::PS2LegacyKeyboard()
                0xffffffff80106ba0                Input::PS2LegacyKeyboard::PS2LegacyKeyboard()
                0xffffffff80106bf6                Input::PS2LegacyKeyboard::~PS2LegacyKeyboard()
                0xffffffff80106bf6                Input::PS2LegacyKeyboard::~PS2LegacyKeyboard()
                0xffffffff80106c20                Input::PS2LegacyKeyboard::Enable()
                0xffffffff80106c30                Input::PS2LegacyKeyboard::Disable()
 *fill*         0xffffffff80106c3f        0x1 
 .text          0xffffffff80106c40      0x13c ./build/Drivers/Clock/HPET/HPETTimerImpl.o
                0xffffffff80106c40                HPETTimer::HPETTimer()
                0xffffffff80106c40                HPETTimer::HPETTimer()
                0xffffffff80106cbc                HPETTimer::Tick()
                0xffffffff80106ccc                HPETTimer::CurrentTime(TimeSpan)
                0xffffffff80106cf0                HPETTimer::Sleep(long)
 .text._ZN9HPETTimer4ReadEm
                0xffffffff80106d7c       0x28 ./build/Drivers/Clock/HPET/HPETTimerImpl.o
                0xffffffff80106d7c                HPETTimer::Read(unsigned long)
 .text          0xffffffff80106da4      0x36f ./build/Drivers/Storage/AHCI/AHCIControllerDeviceImpl.o
                0xffffffff80106e58                AHCI::AHCIControllerDevice::AHCIControllerDevice(PCI::PCIInfo)
                0xffffffff80106e58                AHCI::AHCIControllerDevice::AHCIControllerDevice(PCI::PCIInfo)
                0xffffffff801070f4                AHCI::AHCIControllerDevice::Enable()
                0xffffffff80107104                AHCI::AHCIControllerDevice::Disable()
 *fill*         0xffffffff80107113        0x1 
 .text._ZN3PCI9PCIDeviceC2ERNS_7PCIInfoE
                0xffffffff80107114       0x5d ./build/Drivers/Storage/AHCI/AHCIControllerDeviceImpl.o
                0xffffffff80107114                PCI::PCIDevice::PCIDevice(PCI::PCIInfo&)
                0xffffffff80107114                PCI::PCIDevice::PCIDevice(PCI::PCIInfo&)
 *fill*         0xffffffff80107171        0x1 
 .text._ZN3PCI9PCIDevice22GetBaseAddressRegisterEh
                0xffffffff80107172       0xdb ./build/Drivers/Storage/AHCI/AHCIControllerDeviceImpl.o
                0xffffffff80107172                PCI::PCIDevice::GetBaseAddressRegister(unsigned char)
 *fill*         0xffffffff8010724d        0x1 
 .text._ZN3PCI9PCIDevice18EnableBusMasteringEv
                0xffffffff8010724e       0x72 ./build/Drivers/Storage/AHCI/AHCIControllerDeviceImpl.o
                0xffffffff8010724e                PCI::PCIDevice::EnableBusMastering()
 .text._ZN3PCI9PCIDevice16EnableInterruptsEv
                0xffffffff801072c0       0x76 ./build/Drivers/Storage/AHCI/AHCIControllerDeviceImpl.o
                0xffffffff801072c0                PCI::PCIDevice::EnableInterrupts()
 .text._ZN3PCI9PCIDevice17EnableMemorySpaceEv
                0xffffffff80107336       0x72 ./build/Drivers/Storage/AHCI/AHCIControllerDeviceImpl.o
                0xffffffff80107336                PCI::PCIDevice::EnableMemorySpace()
 .text._ZN4AHCI14SATADiskDevice6StatusEv
                0xffffffff801073a8       0x15 ./build/Drivers/Storage/AHCI/AHCIControllerDeviceImpl.o
                0xffffffff801073a8                AHCI::SATADiskDevice::Status()
 *fill*         0xffffffff801073bd        0x1 
 .text._ZN10LinkedListIPN4AHCI14SATADiskDeviceEEC2Ev
                0xffffffff801073be       0x3c ./build/Drivers/Storage/AHCI/AHCIControllerDeviceImpl.o
                0xffffffff801073be                LinkedList<AHCI::SATADiskDevice*>::LinkedList()
                0xffffffff801073be                LinkedList<AHCI::SATADiskDevice*>::LinkedList()
 .text._ZN10LinkedListIPN4AHCI14SATADiskDeviceEE3AddES2_
                0xffffffff801073fa       0x4e ./build/Drivers/Storage/AHCI/AHCIControllerDeviceImpl.o
                0xffffffff801073fa                LinkedList<AHCI::SATADiskDevice*>::Add(AHCI::SATADiskDevice*)
 .text._ZN8ListNodeIPN4AHCI14SATADiskDeviceEEC2ES2_
                0xffffffff80107448       0x1f ./build/Drivers/Storage/AHCI/AHCIControllerDeviceImpl.o
                0xffffffff80107448                ListNode<AHCI::SATADiskDevice*>::ListNode(AHCI::SATADiskDevice*)
                0xffffffff80107448                ListNode<AHCI::SATADiskDevice*>::ListNode(AHCI::SATADiskDevice*)
 *fill*         0xffffffff80107467        0x1 
 .text._ZN10LinkedListIPN4AHCI14SATADiskDeviceEE3AddEP8ListNodeIS2_E
                0xffffffff80107468       0x90 ./build/Drivers/Storage/AHCI/AHCIControllerDeviceImpl.o
                0xffffffff80107468                LinkedList<AHCI::SATADiskDevice*>::Add(ListNode<AHCI::SATADiskDevice*>*)
 .text          0xffffffff801074f8      0x6a2 ./build/Drivers/Storage/AHCI/SATADiskDeviceImpl.o
                0xffffffff801074f8                AHCI::SATADiskDevice::SATADiskDevice(int, AHCI::HBAPortRegisters*, AHCI::AHCIControllerDevice*)
                0xffffffff801074f8                AHCI::SATADiskDevice::SATADiskDevice(int, AHCI::HBAPortRegisters*, AHCI::AHCIControllerDevice*)
                0xffffffff801076e2                AHCI::SATADiskDevice::~SATADiskDevice()
                0xffffffff801076e2                AHCI::SATADiskDevice::~SATADiskDevice()
                0xffffffff8010770c                AHCI::SATADiskDevice::Enable()
                0xffffffff8010771c                AHCI::SATADiskDevice::Disable()
                0xffffffff8010772c                AHCI::SATADiskDevice::Read(unsigned long, unsigned int, void*)
                0xffffffff80107762                AHCI::SATADiskDevice::Write(unsigned long, unsigned int, void*)
                0xffffffff80107798                AHCI::SATADiskDevice::Access(unsigned long, unsigned int, unsigned long, int)
                0xffffffff80107aba                AHCI::SATADiskDevice::StartCommand()
                0xffffffff80107af8                AHCI::SATADiskDevice::FindCommandSlot()
                0xffffffff80107b48                AHCI::SATADiskDevice::StopCommand()
 .text._ZN10DiskDeviceC2EPKc9DeviceBus
                0xffffffff80107b9a       0x3c ./build/Drivers/Storage/AHCI/SATADiskDeviceImpl.o
                0xffffffff80107b9a                DiskDevice::DiskDevice(char const*, DeviceBus)
                0xffffffff80107b9a                DiskDevice::DiskDevice(char const*, DeviceBus)
 .text._ZN10DiskDeviceD2Ev
                0xffffffff80107bd6       0x29 ./build/Drivers/Storage/AHCI/SATADiskDeviceImpl.o
                0xffffffff80107bd6                DiskDevice::~DiskDevice()
                0xffffffff80107bd6                DiskDevice::~DiskDevice()
 *fill*         0xffffffff80107bff        0x1 
 .text._ZN10DiskDeviceC2EPKc
                0xffffffff80107c00       0x2b ./build/Drivers/Storage/AHCI/SATADiskDeviceImpl.o
                0xffffffff80107c00                DiskDevice::DiskDevice(char const*)
                0xffffffff80107c00                DiskDevice::DiskDevice(char const*)
 *fill*         0xffffffff80107c2b        0x1 
 .text._ZN4AHCI20AHCIControllerDevice15MemoryRegistersEv
                0xffffffff80107c2c       0x19 ./build/Drivers/Storage/AHCI/SATADiskDeviceImpl.o
                0xffffffff80107c2c                AHCI::AHCIControllerDevice::MemoryRegisters()
 .text          0xffffffff80107c45      0x11d ./build/Drivers/Storage/AHCI/AHCIMain.o
                0xffffffff80107c8b                AHCI::Initialize()
 .text._ZN3PCI9PCIDevice8VendorIDEv
                0xffffffff80107d62       0x16 ./build/Drivers/Storage/AHCI/AHCIMain.o
                0xffffffff80107d62                PCI::PCIDevice::VendorID()
 .text          0xffffffff80107d78      0x1ca ./build/Drivers/Video.o
                0xffffffff80107d78                Video::Initialize()
                0xffffffff80107da2                Video::Newline()
                0xffffffff80107dde                Video::CheckIfLineFulled()
                0xffffffff80107e02                Video::ClearScreen()
                0xffffffff80107e68                Video::WriteChar(char)
                0xffffffff80107ecc                Video::WriteText(char const*)
                0xffffffff80107ef9                Video::WriteText(char const*, unsigned long)
 .text          0xffffffff80107f42      0x775 ./build/Memory/Page.o
                0xffffffff80108136                Memory::BuddyInit()
                0xffffffff8010815c                Memory::AllocatePhysMemory4KOrdered(unsigned char)
                0xffffffff8010825a                Memory::AllocatePhysMemory4K(unsigned long)
                0xffffffff80108286                Memory::FreePhysMemory4K(unsigned long)
                0xffffffff80108295                Memory::FreePhysMemory4K(Memory::PageFrame*)
                0xffffffff801082a4                Memory::ExpandPage(Memory::PageFrame*)
                0xffffffff801083b5                Memory::CombinePage(Memory::PageFrame*)
                0xffffffff80108527                Memory::CombinePage(Memory::PageFrame*, Memory::PageFrame*)
                0xffffffff8010853a                Memory::KernelAllocate4KPages(unsigned long)
                0xffffffff80108569                Memory::KernelFree4KPages(unsigned long, unsigned long)
 .text._ZN7ObjectsL6IsNullEPv
                0xffffffff801086b7       0x16 ./build/Memory/Page.o
 .text._ZN7ObjectsL6EqualsEPvS0_
                0xffffffff801086cd       0x1d ./build/Memory/Page.o
 .text._ZN6Memory6pageOfEm
                0xffffffff801086ea       0x62 ./build/Memory/Page.o
                0xffffffff801086ea                Memory::pageOf(unsigned long)
 .text._ZN6Memory9BuddyZoneC2Ev
                0xffffffff8010874c       0x3d ./build/Memory/Page.o
                0xffffffff8010874c                Memory::BuddyZone::BuddyZone()
                0xffffffff8010874c                Memory::BuddyZone::BuddyZone()
 *fill*         0xffffffff80108789        0x1 
 .text._ZN14SizedArrayListIN6Memory7SectionELi256EEixEi
                0xffffffff8010878a       0x34 ./build/Memory/Page.o
                0xffffffff8010878a                SizedArrayList<Memory::Section, 256>::operator[](int)
 .text._ZN10LinkedListIN6Memory9PageFrameEEC2Ev
                0xffffffff801087be       0x3c ./build/Memory/Page.o
                0xffffffff801087be                LinkedList<Memory::PageFrame>::LinkedList()
                0xffffffff801087be                LinkedList<Memory::PageFrame>::LinkedList()
 .text._ZN10LinkedListIN6Memory9PageFrameEED2Ev
                0xffffffff801087fa       0x1f ./build/Memory/Page.o
                0xffffffff801087fa                LinkedList<Memory::PageFrame>::~LinkedList()
                0xffffffff801087fa                LinkedList<Memory::PageFrame>::~LinkedList()
 *fill*         0xffffffff80108819        0x1 
 .text._ZN10LinkedListIN6Memory9PageFrameEE3AddEP8ListNodeIS1_E
                0xffffffff8010881a       0x90 ./build/Memory/Page.o
                0xffffffff8010881a                LinkedList<Memory::PageFrame>::Add(ListNode<Memory::PageFrame>*)
 .text._ZN10LinkedListIN6Memory9PageFrameEE5CountEv
                0xffffffff801088aa       0x15 ./build/Memory/Page.o
                0xffffffff801088aa                LinkedList<Memory::PageFrame>::Count()
 *fill*         0xffffffff801088bf        0x1 
 .text._ZN10LinkedListIN6Memory9PageFrameEE7ExtractEv
                0xffffffff801088c0       0x98 ./build/Memory/Page.o
                0xffffffff801088c0                LinkedList<Memory::PageFrame>::Extract()
 .text._ZN10LinkedListIN6Memory9PageFrameEE6RemoveEP8ListNodeIS1_E
                0xffffffff80108958       0xfa ./build/Memory/Page.o
                0xffffffff80108958                LinkedList<Memory::PageFrame>::Remove(ListNode<Memory::PageFrame>*)
 .text._ZN10LinkedListIN6Memory9PageFrameEE5FirstEv
                0xffffffff80108a52       0x15 ./build/Memory/Page.o
                0xffffffff80108a52                LinkedList<Memory::PageFrame>::First()
 *fill*         0xffffffff80108a67        0x1 
 .text._ZN10LinkedListIN6Memory9PageFrameEE8ContainsEP8ListNodeIS1_E
                0xffffffff80108a68       0x4d ./build/Memory/Page.o
                0xffffffff80108a68                LinkedList<Memory::PageFrame>::Contains(ListNode<Memory::PageFrame>*)
 *fill*         0xffffffff80108ab5        0x1 
 .text._ZN6Memory9BuddyZoneD2Ev
                0xffffffff80108ab6       0x3f ./build/Memory/Page.o
                0xffffffff80108ab6                Memory::BuddyZone::~BuddyZone()
                0xffffffff80108ab6                Memory::BuddyZone::~BuddyZone()
 *fill*         0xffffffff80108af5        0x1 
 .text          0xffffffff80108af6      0x50c ./build/Memory/Memory.o
                0xffffffff80108cf0                Memory::Initialize()
 .text._ZN14SizedArrayListI10ValueRangeLi64EEC2Ev
                0xffffffff80109002       0x2d ./build/Memory/Memory.o
                0xffffffff80109002                SizedArrayList<ValueRange, 64>::SizedArrayList()
                0xffffffff80109002                SizedArrayList<ValueRange, 64>::SizedArrayList()
 *fill*         0xffffffff8010902f        0x1 
 .text._ZN14SizedArrayListIN6Memory7SectionELi256EEC2Ev
                0xffffffff80109030       0x2d ./build/Memory/Memory.o
                0xffffffff80109030                SizedArrayList<Memory::Section, 256>::SizedArrayList()
                0xffffffff80109030                SizedArrayList<Memory::Section, 256>::SizedArrayList()
 *fill*         0xffffffff8010905d        0x1 
 .text._ZN14SizedArrayListI10ValueRangeLi64EE3AddES0_
                0xffffffff8010905e       0x6b ./build/Memory/Memory.o
                0xffffffff8010905e                SizedArrayList<ValueRange, 64>::Add(ValueRange)
 *fill*         0xffffffff801090c9        0x1 
 .text          0xffffffff801090ca      0x437 ./build/Memory/SlabAllocatorImpl.o
                0xffffffff801091a8                Memory::SlabAllocator::SlabAllocator()
                0xffffffff801091a8                Memory::SlabAllocator::SlabAllocator()
                0xffffffff80109216                Memory::SlabAllocator::~SlabAllocator()
                0xffffffff80109216                Memory::SlabAllocator::~SlabAllocator()
                0xffffffff80109226                Memory::SlabAllocator::Request4KPage(Memory::SlabCache*, unsigned long*)
                0xffffffff80109340                Memory::SlabAllocator::Allocate(unsigned long)
                0xffffffff801094ee                Memory::SlabAllocator::Free(unsigned long)
 .text          0xffffffff80109501      0x7b5 ./build/String.o
                0xffffffff80109501                memset
                0xffffffff8010954d                memcpy
                0xffffffff8010961c                memcmp
                0xffffffff801096ae                strcpy
                0xffffffff801096f2                strncpy
                0xffffffff8010975b                strlen
                0xffffffff8010978e                strcmp
                0xffffffff801097f0                strncmp
                0xffffffff8010988b                strchr
                0xffffffff801098cf                strnchr
                0xffffffff80109946                strrchr
                0xffffffff80109994                strspn
                0xffffffff801099f9                strcspn
                0xffffffff80109a56                strtok_r
                0xffffffff80109b3e                strcat
                0xffffffff80109b76                strncat
                0xffffffff80109bb7                toupper
                0xffffffff80109bdf                strupr
                0xffffffff80109c3d                strnupr
 .text          0xffffffff80109cb6       0x77 ./build/Arch/x86_64/Arch.o
                0xffffffff80109cf3                System::Reboot()
                0xffffffff80109d1e                System::Shutdown()
                0xffffffff80109d25                Halt()
 *fill*         0xffffffff80109d2d        0x1 
 .text          0xffffffff80109d2e       0xdc ./build/Arch/x86_64/SchedulerArchImpl.o
                0xffffffff80109d5e                Task::Scheduler::SwitchThread(Task::Thread*)
 .text          0xffffffff80109e0a      0xace ./build/Arch/x86_64/MMU.o
                0xffffffff80109e0a                Paging::PageFaultHandler(InterruptData*, RegisterContext*)
                0xffffffff80109e1d                Paging::InitializeVirtualMemory()
                0xffffffff80109e79                Paging::CreatePagemap()
                0xffffffff80109e80                Paging::DestroyPagemap()
                0xffffffff80109e87                Paging::CreatePageTable(unsigned long)
                0xffffffff80109e96                Paging::MapVirtualMemory4K(Paging::VirtualPages*, unsigned long, unsigned long, unsigned long, unsigned long)
                0xffffffff80109eb5                Paging::Allocate4KPages(Paging::VirtualPages*, unsigned long)
                0xffffffff80109ecc                Paging::Free4KPages(Paging::VirtualPages*, unsigned long, unsigned long)
                0xffffffff80109ee3                Paging::KernelMapVirtualMemory4K(unsigned long, unsigned long, unsigned long)
                0xffffffff80109f13                Paging::KernelMapVirtualMemory4K(unsigned long, unsigned long, unsigned long, unsigned long)
                0xffffffff8010a121                Paging::KernelAllocate4KPages(unsigned long)
                0xffffffff8010a448                Paging::KernelFree4KPages(void*, unsigned long)
                0xffffffff8010a45b                Paging::ConvertVirtToPhys(Paging::VirtualPages*, unsigned long)
                0xffffffff8010a55c                Paging::VirtualPages::CheckBitmap(unsigned long, unsigned long)
                0xffffffff8010a618                Paging::VirtualPages::CheckPageTable(unsigned long, unsigned long)
                0xffffffff8010a836                Memory::GetIOMapping(unsigned long)
 .text._ZN6Paging12VirtualPagesC2Ev
                0xffffffff8010a8d8        0xf ./build/Arch/x86_64/MMU.o
                0xffffffff8010a8d8                Paging::VirtualPages::VirtualPages()
                0xffffffff8010a8d8                Paging::VirtualPages::VirtualPages()
 *fill*         0xffffffff8010a8e7        0x1 
 .text._ZN6Paging12VirtualPagesD2Ev
                0xffffffff8010a8e8        0xf ./build/Arch/x86_64/MMU.o
                0xffffffff8010a8e8                Paging::VirtualPages::~VirtualPages()
                0xffffffff8010a8e8                Paging::VirtualPages::~VirtualPages()
 .text._ZN6Paging12SetPageFlagsEPmm
                0xffffffff8010a8f7       0x28 ./build/Arch/x86_64/MMU.o
                0xffffffff8010a8f7                Paging::SetPageFlags(unsigned long*, unsigned long)
 .text._ZN6Paging12SetPageFrameEPmmm
                0xffffffff8010a91f       0x4a ./build/Arch/x86_64/MMU.o
                0xffffffff8010a91f                Paging::SetPageFrame(unsigned long*, unsigned long, unsigned long)
 .text._ZN6Paging12GetIOMappingEm
                0xffffffff8010a969       0x42 ./build/Arch/x86_64/MMU.o
                0xffffffff8010a969                Paging::GetIOMapping(unsigned long)
 *fill*         0xffffffff8010a9ab        0x1 
 .text._ZN12AddressSpaceaSERKS_
                0xffffffff8010a9ac       0x56 ./build/Arch/x86_64/MMU.o
                0xffffffff8010a9ac                AddressSpace::operator=(AddressSpace const&)
 .text._ZN18KernelAddressSpaceaSERKS_
                0xffffffff8010aa02       0x29 ./build/Arch/x86_64/MMU.o
                0xffffffff8010aa02                KernelAddressSpace::operator=(KernelAddressSpace const&)
 .text          0xffffffff8010aa2b      0x15b ./build/Arch/x86_64/PIC.o
                0xffffffff8010aa60                PIC::Initialize()
                0xffffffff8010ab2f                PIC::Disable()
                0xffffffff8010ab54                RestoreInterrupts(int)
 .text          0xffffffff8010ab86      0x497 ./build/Arch/x86_64/SMP.o
                0xffffffff8010ab86                SMP::TrampolineEntry(unsigned short)
                0xffffffff8010ac82                SMP::InitializeProcessor(unsigned short)
                0xffffffff8010ae87                SMP::Initialize()
 *fill*         0xffffffff8010b01d        0x1 
 .text._ZN14SizedArrayListIhLi256EE6LengthEv
                0xffffffff8010b01e       0x19 ./build/Arch/x86_64/SMP.o
                0xffffffff8010b01e                SizedArrayList<unsigned char, 256>::Length()
 .text          0xffffffff8010b037       0x8a ./build/Arch/x86_64/PIT.o
                0xffffffff8010b056                PIT::TimerTickHandler(void*, RegisterContext*)
                0xffffffff8010b069                PIT::Initialize(unsigned int)
 .text          0xffffffff8010b0c1      0x126 ./build/Arch/x86_64/IDT.o
                0xffffffff8010b0c1                IDT::SetGate(unsigned char, unsigned long, unsigned short, unsigned char, unsigned char)
                0xffffffff8010b18e                IDT::Initialize()
 .text          0xffffffff8010b1e7      0x3b9 ./build/Arch/x86_64/BootX64.o
                0xffffffff8010b1e7                Boot::multiboot2(BootInfo*, multiboot2_info_header_t*)
                0xffffffff8010b1fa                Boot::stivale2(BootInfo*, stivale2_struct*)
                0xffffffff8010b48e                Boot::Start()
                0xffffffff8010b570                kload_stivale2
 .text._Z17DisableInterruptsv
                0xffffffff8010b5a0        0x8 ./build/Arch/x86_64/BootX64.o
                0xffffffff8010b5a0                DisableInterrupts()
 .text._Z16EnableInterruptsv
                0xffffffff8010b5a8        0x8 ./build/Arch/x86_64/BootX64.o
                0xffffffff8010b5a8                EnableInterrupts()
 .text          0xffffffff8010b5b0      0x16e ./build/Arch/x86_64/SMBIOS.o
                0xffffffff8010b600                SMBIOS::Initialize()
 .text          0xffffffff8010b71e      0x1c6 ./build/Arch/x86_64/CPU.o
                0xffffffff8010b74d                CurrentCPU()
                0xffffffff8010b77d                CPUID()
                0xffffffff8010b86a                SetCPULocal(CPU*)
                0xffffffff8010b8a6                GetCPULocal()
 .text._ZN18InterruptsRetainerC2Ev
                0xffffffff8010b8e4       0x10 ./build/Arch/x86_64/CPU.o
                0xffffffff8010b8e4                InterruptsRetainer::InterruptsRetainer()
                0xffffffff8010b8e4                InterruptsRetainer::InterruptsRetainer()
 .text._ZN18InterruptsRetainerD2Ev
                0xffffffff8010b8f4       0x10 ./build/Arch/x86_64/CPU.o
                0xffffffff8010b8f4                InterruptsRetainer::~InterruptsRetainer()
                0xffffffff8010b8f4                InterruptsRetainer::~InterruptsRetainer()
 .text._ZN9CPUIDInfoC2Ev
                0xffffffff8010b904       0x17 ./build/Arch/x86_64/CPU.o
                0xffffffff8010b904                CPUIDInfo::CPUIDInfo()
                0xffffffff8010b904                CPUIDInfo::CPUIDInfo()
 *fill*         0xffffffff8010b91b        0x1 
 .text          0xffffffff8010b91c      0xd5b ./build/Arch/x86_64/AddressSpace.o
                0xffffffff8010b974                AddressSpace::AddressSpace(void*)
                0xffffffff8010b974                AddressSpace::AddressSpace(void*)
                0xffffffff8010b9fe                AddressSpace::~AddressSpace()
                0xffffffff8010b9fe                AddressSpace::~AddressSpace()
                0xffffffff8010ba1c                AddressSpace::Allocate4KPages(unsigned long)
                0xffffffff8010be60                AddressSpace::Free4KPages(unsigned long, unsigned long)
                0xffffffff8010bff4                AddressSpace::IsPagePresent(unsigned long)
                0xffffffff8010c00c                AddressSpace::ConvertVirtToPhys(unsigned long)
                0xffffffff8010c024                KernelAddressSpace::KernelAddressSpace(void*)
                0xffffffff8010c024                KernelAddressSpace::KernelAddressSpace(void*)
                0xffffffff8010c2e6                KernelAddressSpace::~KernelAddressSpace()
                0xffffffff8010c2e6                KernelAddressSpace::~KernelAddressSpace()
                0xffffffff8010c310                KernelAddressSpace::Allocate4KPages(unsigned long)
                0xffffffff8010c4c2                KernelAddressSpace::Free4KPages(unsigned long, unsigned long)
                0xffffffff8010c4da                KernelAddressSpace::IsPagePresent(unsigned long)
                0xffffffff8010c582                KernelAddressSpace::ConvertVirtToPhys(unsigned long)
 .text          0xffffffff8010c677       0x84 ./build/Arch/x86_64/GDT.o
                0xffffffff8010c677                GDT::Initialize()
 *fill*         0xffffffff8010c6fb        0x1 
 .text._ZN11GDTTssEntryC2Ev
                0xffffffff8010c6fc        0xf ./build/Arch/x86_64/GDT.o
                0xffffffff8010c6fc                GDTTssEntry::GDTTssEntry()
                0xffffffff8010c6fc                GDTTssEntry::GDTTssEntry()
 *fill*         0xffffffff8010c70b        0x1 
 .text._ZN11GDTTssEntryC2ERK16TaskStateSegment
                0xffffffff8010c70c       0x78 ./build/Arch/x86_64/GDT.o
                0xffffffff8010c70c                GDTTssEntry::GDTTssEntry(TaskStateSegment const&)
                0xffffffff8010c70c                GDTTssEntry::GDTTssEntry(TaskStateSegment const&)
 .text          0xffffffff8010c784      0x1e4 ./build/Arch/x86_64/Interrupts.o
                0xffffffff8010c784                UnhandlededException(InterruptData*, RegisterContext*)
                0xffffffff8010c7b4                DispatchInterrupts
                0xffffffff8010c90b                RegisterIRQ(unsigned char, void (*)(InterruptData*, RegisterContext*))
 .text          0xffffffff8010c968       0xed ./build/Arch/x86_64/TaskStateSegment.o
                0xffffffff8010c968                TSS::Initialize(TaskStateSegment*, void*)
 *fill*         0xffffffff8010ca55        0xb 
 .text          0xffffffff8010ca60       0x86 ./build/Arch/x86_64/SMPTrampoline.o
                0xffffffff8010ca60                SMPTrampolineStart
                0xffffffff8010cae6                SMPTrampolineEnd
 *fill*         0xffffffff8010cae6        0xa 
 .text          0xffffffff8010caf0       0x3c ./build/Arch/x86_64/KernelStack.o
                0xffffffff8010caf0                load_tss
 *fill*         0xffffffff8010cb2c        0x4 
 .text          0xffffffff8010cb30     0x12a4 ./build/Arch/x86_64/IRQ.o
                0xffffffff8010cc5f                ipi48
                0xffffffff8010cc68                ipi49
                0xffffffff8010cc71                ipi50
                0xffffffff8010cc7a                ipi51
                0xffffffff8010cc83                ipi52
                0xffffffff8010cc8c                ipi53
                0xffffffff8010cc95                ipi54
                0xffffffff8010cc9e                ipi55
                0xffffffff8010cca7                ipi56
                0xffffffff8010ccb0                ipi57
                0xffffffff8010ccb9                ipi58
                0xffffffff8010ccc2                ipi59
                0xffffffff8010cccb                ipi60
                0xffffffff8010ccd4                ipi61
                0xffffffff8010ccdd                ipi62
                0xffffffff8010cce6                ipi63
                0xffffffff8010ccef                ipi64
                0xffffffff8010ccf8                ipi65
                0xffffffff8010cd01                ipi66
                0xffffffff8010cd0a                ipi67
                0xffffffff8010cd13                ipi68
                0xffffffff8010cd1c                ipi69
                0xffffffff8010cd25                ipi70
                0xffffffff8010cd2e                ipi71
                0xffffffff8010cd37                ipi72
                0xffffffff8010cd40                ipi73
                0xffffffff8010cd49                ipi74
                0xffffffff8010cd52                ipi75
                0xffffffff8010cd5b                ipi76
                0xffffffff8010cd64                ipi77
                0xffffffff8010cd6d                ipi78
                0xffffffff8010cd76                ipi79
                0xffffffff8010cd7f                ipi80
                0xffffffff8010cd88                ipi81
                0xffffffff8010cd91                ipi82
                0xffffffff8010cd9a                ipi83
                0xffffffff8010cda3                ipi84
                0xffffffff8010cdac                ipi85
                0xffffffff8010cdb5                ipi86
                0xffffffff8010cdbe                ipi87
                0xffffffff8010cdc7                ipi88
                0xffffffff8010cdd0                ipi89
                0xffffffff8010cdd9                ipi90
                0xffffffff8010cde2                ipi91
                0xffffffff8010cdeb                ipi92
                0xffffffff8010cdf4                ipi93
                0xffffffff8010cdfd                ipi94
                0xffffffff8010ce06                ipi95
                0xffffffff8010ce0f                ipi96
                0xffffffff8010ce18                ipi97
                0xffffffff8010ce21                ipi98
                0xffffffff8010ce2a                ipi99
                0xffffffff8010ce33                ipi100
                0xffffffff8010ce3c                ipi101
                0xffffffff8010ce45                ipi102
                0xffffffff8010ce4e                ipi103
                0xffffffff8010ce57                ipi104
                0xffffffff8010ce60                ipi105
                0xffffffff8010ce69                ipi106
                0xffffffff8010ce72                ipi107
                0xffffffff8010ce7b                ipi108
                0xffffffff8010ce84                ipi109
                0xffffffff8010ce8d                ipi110
                0xffffffff8010ce96                ipi111
                0xffffffff8010ce9f                ipi112
                0xffffffff8010cea8                ipi113
                0xffffffff8010ceb1                ipi114
                0xffffffff8010ceba                ipi115
                0xffffffff8010cec3                ipi116
                0xffffffff8010cecc                ipi117
                0xffffffff8010ced5                ipi118
                0xffffffff8010cede                ipi119
                0xffffffff8010cee7                ipi120
                0xffffffff8010cef0                ipi121
                0xffffffff8010cef9                ipi122
                0xffffffff8010cf02                ipi123
                0xffffffff8010cf0b                ipi124
                0xffffffff8010cf14                ipi125
                0xffffffff8010cf1d                ipi126
                0xffffffff8010cf26                ipi127
                0xffffffff8010cf2f                ipi128
                0xffffffff8010cf3b                ipi129
                0xffffffff8010cf47                ipi130
                0xffffffff8010cf53                ipi131
                0xffffffff8010cf5f                ipi132
                0xffffffff8010cf6b                ipi133
                0xffffffff8010cf77                ipi134
                0xffffffff8010cf83                ipi135
                0xffffffff8010cf8f                ipi136
                0xffffffff8010cf9b                ipi137
                0xffffffff8010cfa7                ipi138
                0xffffffff8010cfb3                ipi139
                0xffffffff8010cfbf                ipi140
                0xffffffff8010cfcb                ipi141
                0xffffffff8010cfd7                ipi142
                0xffffffff8010cfe3                ipi143
                0xffffffff8010cfef                ipi144
                0xffffffff8010cffb                ipi145
                0xffffffff8010d007                ipi146
                0xffffffff8010d013                ipi147
                0xffffffff8010d01f                ipi148
                0xffffffff8010d02b                ipi149
                0xffffffff8010d037                ipi150
                0xffffffff8010d043                ipi151
                0xffffffff8010d04f                ipi152
                0xffffffff8010d05b                ipi153
                0xffffffff8010d067                ipi154
                0xffffffff8010d073                ipi155
                0xffffffff8010d07f                ipi156
                0xffffffff8010d08b                ipi157
                0xffffffff8010d097                ipi158
                0xffffffff8010d0a3                ipi159
                0xffffffff8010d0af                ipi160
                0xffffffff8010d0bb                ipi161
                0xffffffff8010d0c7                ipi162
                0xffffffff8010d0d3                ipi163
                0xffffffff8010d0df                ipi164
                0xffffffff8010d0eb                ipi165
                0xffffffff8010d0f7                ipi166
                0xffffffff8010d103                ipi167
                0xffffffff8010d10f                ipi168
                0xffffffff8010d11b                ipi169
                0xffffffff8010d127                ipi170
                0xffffffff8010d133                ipi171
                0xffffffff8010d13f                ipi172
                0xffffffff8010d14b                ipi173
                0xffffffff8010d157                ipi174
                0xffffffff8010d163                ipi175
                0xffffffff8010d16f                ipi176
                0xffffffff8010d17b                ipi177
                0xffffffff8010d187                ipi178
                0xffffffff8010d193                ipi179
                0xffffffff8010d19f                ipi180
                0xffffffff8010d1ab                ipi181
                0xffffffff8010d1b7                ipi182
                0xffffffff8010d1c3                ipi183
                0xffffffff8010d1cf                ipi184
                0xffffffff8010d1db                ipi185
                0xffffffff8010d1e7                ipi186
                0xffffffff8010d1f3                ipi187
                0xffffffff8010d1ff                ipi188
                0xffffffff8010d20b                ipi189
                0xffffffff8010d217                ipi190
                0xffffffff8010d223                ipi191
                0xffffffff8010d22f                ipi192
                0xffffffff8010d23b                ipi193
                0xffffffff8010d247                ipi194
                0xffffffff8010d253                ipi195
                0xffffffff8010d25f                ipi196
                0xffffffff8010d26b                ipi197
                0xffffffff8010d277                ipi198
                0xffffffff8010d283                ipi199
                0xffffffff8010d28f                ipi200
                0xffffffff8010d29b                ipi201
                0xffffffff8010d2a7                ipi202
                0xffffffff8010d2b3                ipi203
                0xffffffff8010d2bf                ipi204
                0xffffffff8010d2cb                ipi205
                0xffffffff8010d2d7                ipi206
                0xffffffff8010d2e3                ipi207
                0xffffffff8010d2ef                ipi208
                0xffffffff8010d2fb                ipi209
                0xffffffff8010d307                ipi210
                0xffffffff8010d313                ipi211
                0xffffffff8010d31f                ipi212
                0xffffffff8010d32b                ipi213
                0xffffffff8010d337                ipi214
                0xffffffff8010d343                ipi215
                0xffffffff8010d34f                ipi216
                0xffffffff8010d35b                ipi217
                0xffffffff8010d367                ipi218
                0xffffffff8010d373                ipi219
                0xffffffff8010d37f                ipi220
                0xffffffff8010d38b                ipi221
                0xffffffff8010d397                ipi222
                0xffffffff8010d3a3                ipi223
                0xffffffff8010d3af                ipi224
                0xffffffff8010d3bb                ipi225
                0xffffffff8010d3c7                ipi226
                0xffffffff8010d3d3                ipi227
                0xffffffff8010d3df                ipi228
                0xffffffff8010d3eb                ipi229
                0xffffffff8010d3f7                ipi230
                0xffffffff8010d403                ipi231
                0xffffffff8010d40f                ipi232
                0xffffffff8010d41b                ipi233
                0xffffffff8010d427                ipi234
                0xffffffff8010d433                ipi235
                0xffffffff8010d43f                ipi236
                0xffffffff8010d44b                ipi237
                0xffffffff8010d457                ipi238
                0xffffffff8010d463                ipi239
                0xffffffff8010d46f                ipi240
                0xffffffff8010d47b                ipi241
                0xffffffff8010d487                ipi242
                0xffffffff8010d493                ipi243
                0xffffffff8010d49f                ipi244
                0xffffffff8010d4ab                ipi245
                0xffffffff8010d4b7                ipi246
                0xffffffff8010d4c3                ipi247
                0xffffffff8010d4cf                ipi248
                0xffffffff8010d4db                ipi249
                0xffffffff8010d4e7                ipi250
                0xffffffff8010d4f3                ipi251
                0xffffffff8010d4ff                ipi252
                0xffffffff8010d50b                ipi253
                0xffffffff8010d517                ipi254
                0xffffffff8010d523                ipi255
                0xffffffff8010d52f                intrid32
                0xffffffff8010d538                intrid33
                0xffffffff8010d541                intrid34
                0xffffffff8010d54a                intrid35
                0xffffffff8010d553                intrid36
                0xffffffff8010d55c                intrid37
                0xffffffff8010d565                intrid38
                0xffffffff8010d56e                intrid39
                0xffffffff8010d577                intrid40
                0xffffffff8010d580                intrid41
                0xffffffff8010d589                intrid42
                0xffffffff8010d592                intrid43
                0xffffffff8010d59b                intrid44
                0xffffffff8010d5a4                intrid45
                0xffffffff8010d5ad                intrid46
                0xffffffff8010d5b6                intrid47
                0xffffffff8010d5d4                isr_tables
 *fill*         0xffffffff8010ddd4        0xc 
 .text          0xffffffff8010dde0       0x5b ./build/Arch/x86_64/Wrapper.o
                0xffffffff8010dde0                asmw_flush_gdt
                0xffffffff8010de0b                asmw_flush_idt
                0xffffffff8010de0f                asmw_load_paging
                0xffffffff8010de13                asmw_enable_sse
                0xffffffff8010de24                asmw_enable_avx
                0xffffffff8010de37                asmw_get_pagemap

.iplt           0xffffffff8010de3b        0x0 load address 0x000000000010de3b
 .iplt          0xffffffff8010de3b        0x0 ./build/Fs/DiskDeviceImpl.o

.rodata         0xffffffff8010e000     0x10d1 load address 0x000000000010e000
 *(.rodata*)
 .rodata._ZTV10DiskDevice
                0xffffffff8010e000       0x30 ./build/Fs/DiskDeviceImpl.o
                0xffffffff8010e000                vtable for DiskDevice
 .rodata        0xffffffff8010e030      0x1c0 ./build/libkern/printf.o
 .rodata._ZTV6Device
                0xffffffff8010e1f0       0x20 ./build/Device/DeviceImpl.o
                0xffffffff8010e1f0                vtable for Device
 .rodata._ZTVN5Video17TextModePresenterE
                0xffffffff8010e210       0x28 ./build/Video/TextModePresenterImpl.o
                0xffffffff8010e210                vtable for Video::TextModePresenter
 .rodata._ZTVN5Video14VideoPresenterE
                0xffffffff8010e238       0x28 ./build/Video/VideoPresenterImpl.o
                0xffffffff8010e238                vtable for Video::VideoPresenter
 .rodata        0xffffffff8010e260       0x1d ./build/Process/SchedulerImpl.o
 .rodata        0xffffffff8010e27d        0x9 ./build/Process/Scheduler.o
 .rodata        0xffffffff8010e286        0x7 ./build/Process/ActivityManagement.o
 *fill*         0xffffffff8010e28d        0x3 
 .rodata        0xffffffff8010e290       0x36 ./build/Runtime.o
 *fill*         0xffffffff8010e2c6        0x2 
 .rodata        0xffffffff8010e2c8      0x1b8 ./build/Input/ConsoleImpl.o
 .rodata        0xffffffff8010e480      0x130 ./build/Input/KeyCode.o
 .rodata._ZTVN3PCI9PCIDeviceE
                0xffffffff8010e5b0       0x20 ./build/Drivers/Bus/PCI/PCIDeviceImpl.o
                0xffffffff8010e5b0                vtable for PCI::PCIDevice
 .rodata        0xffffffff8010e5d0       0x27 ./build/Drivers/Bus/PCI/PCIDeviceProviderImpl.o
 *fill*         0xffffffff8010e5f7        0x1 
 .rodata._ZTVN3PCI17PCIDeviceProviderE
                0xffffffff8010e5f8       0x18 ./build/Drivers/Bus/PCI/PCIDeviceProviderImpl.o
                0xffffffff8010e5f8                vtable for PCI::PCIDeviceProvider
 .rodata._ZTV14DeviceProvider
                0xffffffff8010e610       0x18 ./build/Drivers/Bus/PCI/PCIDeviceProviderImpl.o
                0xffffffff8010e610                vtable for DeviceProvider
 .rodata        0xffffffff8010e628      0x158 ./build/Drivers/Generic/APIC/APICMain.o
 .rodata        0xffffffff8010e780        0x6 ./build/Drivers/Generic/APIC/APICTimer.o
 *fill*         0xffffffff8010e786        0x2 
 .rodata._ZTV14LocalAPICTimer
                0xffffffff8010e788       0x28 ./build/Drivers/Generic/APIC/APICTimer.o
                0xffffffff8010e788                vtable for LocalAPICTimer
 .rodata._ZTV5Timer
                0xffffffff8010e7b0       0x28 ./build/Drivers/Generic/APIC/APICTimer.o
                0xffffffff8010e7b0                vtable for Timer
 .rodata        0xffffffff8010e7d8       0x2a ./build/Drivers/Generic/APIC/Local.o
 *fill*         0xffffffff8010e802        0x6 
 .rodata        0xffffffff8010e808       0x5c ./build/Drivers/Generic/APIC/IO.o
 *fill*         0xffffffff8010e864        0x4 
 .rodata        0xffffffff8010e868       0x38 ./build/Drivers/Generic/ACPI/ACPITimerImpl.o
 .rodata._ZTV9ACPITimer
                0xffffffff8010e8a0       0x28 ./build/Drivers/Generic/ACPI/ACPITimerImpl.o
                0xffffffff8010e8a0                vtable for ACPITimer
 .rodata        0xffffffff8010e8c8       0x70 ./build/Drivers/Generic/ACPI/ACPIMain.o
 .rodata        0xffffffff8010e938       0x7f ./build/Drivers/Input/PS2LegacyController.o
 *fill*         0xffffffff8010e9b7        0x1 
 .rodata._ZTVN5Input19PS2LegacyControllerE
                0xffffffff8010e9b8       0x20 ./build/Drivers/Input/PS2LegacyController.o
                0xffffffff8010e9b8                vtable for Input::PS2LegacyController
 .rodata        0xffffffff8010e9d8       0x22 ./build/Drivers/Input/PS2LegacyKeyboardImpl.o
 *fill*         0xffffffff8010e9fa        0x6 
 .rodata._ZTVN5Input17PS2LegacyKeyboardE
                0xffffffff8010ea00       0x20 ./build/Drivers/Input/PS2LegacyKeyboardImpl.o
                0xffffffff8010ea00                vtable for Input::PS2LegacyKeyboard
 .rodata        0xffffffff8010ea20       0x53 ./build/Drivers/Clock/HPET/HPETTimerImpl.o
 *fill*         0xffffffff8010ea73        0x5 
 .rodata._ZTV9HPETTimer
                0xffffffff8010ea78       0x28 ./build/Drivers/Clock/HPET/HPETTimerImpl.o
                0xffffffff8010ea78                vtable for HPETTimer
 .rodata        0xffffffff8010eaa0       0x32 ./build/Drivers/Storage/AHCI/AHCIControllerDeviceImpl.o
 *fill*         0xffffffff8010ead2        0x6 
 .rodata._ZTVN4AHCI20AHCIControllerDeviceE
                0xffffffff8010ead8       0x20 ./build/Drivers/Storage/AHCI/AHCIControllerDeviceImpl.o
                0xffffffff8010ead8                vtable for AHCI::AHCIControllerDevice
 .rodata        0xffffffff8010eaf8       0x22 ./build/Drivers/Storage/AHCI/SATADiskDeviceImpl.o
 *fill*         0xffffffff8010eb1a        0x6 
 .rodata._ZTVN4AHCI14SATADiskDeviceE
                0xffffffff8010eb20       0x30 ./build/Drivers/Storage/AHCI/SATADiskDeviceImpl.o
                0xffffffff8010eb20                vtable for AHCI::SATADiskDevice
 .rodata        0xffffffff8010eb50       0x4a ./build/Drivers/Storage/AHCI/AHCIMain.o
 .rodata        0xffffffff8010eb9a       0x17 ./build/Memory/Page.o
 *fill*         0xffffffff8010ebb1        0x7 
 .rodata        0xffffffff8010ebb8       0x28 ./build/Memory/Memory.o
 .rodata        0xffffffff8010ebe0       0x21 ./build/Memory/SlabAllocatorImpl.o
 *fill*         0xffffffff8010ec01        0x7 
 .rodata        0xffffffff8010ec08       0x5d ./build/Arch/x86_64/MMU.o
 *fill*         0xffffffff8010ec65        0x3 
 .rodata        0xffffffff8010ec68       0x72 ./build/Arch/x86_64/SMP.o
 *fill*         0xffffffff8010ecda        0x6 
 .rodata        0xffffffff8010ece0       0xde ./build/Arch/x86_64/BootX64.o
 *fill*         0xffffffff8010edbe        0x2 
 .rodata        0xffffffff8010edc0       0x44 ./build/Arch/x86_64/SMBIOS.o
 *fill*         0xffffffff8010ee04        0x4 
 .rodata._ZTV18KernelAddressSpace
                0xffffffff8010ee08       0x30 ./build/Arch/x86_64/AddressSpace.o
                0xffffffff8010ee08                vtable for KernelAddressSpace
 .rodata._ZTV12AddressSpace
                0xffffffff8010ee38       0x30 ./build/Arch/x86_64/AddressSpace.o
                0xffffffff8010ee38                vtable for AddressSpace
 .rodata        0xffffffff8010ee68      0x269 ./build/Arch/x86_64/Interrupts.o

.eh_frame       0xffffffff8010f0d8     0x35e0 load address 0x000000000010f0d8
 .eh_frame      0xffffffff8010f0d8       0x58 ./build/Fs/DiskDeviceImpl.o
 .eh_frame      0xffffffff8010f130       0x40 ./build/libkern/sprintf.o
                                         0x58 (size before relaxing)
 .eh_frame      0xffffffff8010f170       0x60 ./build/libkern/printf.o
                                         0x78 (size before relaxing)
 .eh_frame      0xffffffff8010f1d0       0x98 ./build/System.o
                                         0xb0 (size before relaxing)
 .eh_frame      0xffffffff8010f268      0x110 ./build/Device/DeviceManagement.o
                                        0x128 (size before relaxing)
 .eh_frame      0xffffffff8010f378      0x1a8 ./build/Device/DeviceStaticImpl.o
                                        0x288 (size before relaxing)
 .eh_frame      0xffffffff8010f520       0x20 ./build/Device/DeviceImpl.o
                                         0x58 (size before relaxing)
 .eh_frame      0xffffffff8010f540       0x40 ./build/Video/VideoControllerImpl.o
                                         0x58 (size before relaxing)
 .eh_frame      0xffffffff8010f580      0x108 ./build/Video/TextModePresenterImpl.o
                                        0x120 (size before relaxing)
 .eh_frame      0xffffffff8010f688       0x80 ./build/Video/VideoPresenterImpl.o
                                         0xb8 (size before relaxing)
 .eh_frame      0xffffffff8010f708      0x208 ./build/Process/SchedulerImpl.o
                                        0x220 (size before relaxing)
 .eh_frame      0xffffffff8010f910      0x148 ./build/Process/ProcessImpl.o
                                        0x1a0 (size before relaxing)
 .eh_frame      0xffffffff8010fa58       0x80 ./build/Process/Scheduler.o
                                         0x98 (size before relaxing)
 .eh_frame      0xffffffff8010fad8      0x148 ./build/Process/ActivityImpl.o
                                        0x1a0 (size before relaxing)
 .eh_frame      0xffffffff8010fc20       0x80 ./build/Process/ActivityManagement.o
                                         0xb8 (size before relaxing)
 .eh_frame      0xffffffff8010fca0       0xe0 ./build/Runtime.o
                                         0xf8 (size before relaxing)
 .eh_frame      0xffffffff8010fd80      0x148 ./build/Input/ConsoleImpl.o
                                        0x160 (size before relaxing)
 .eh_frame      0xffffffff8010fec8       0x20 ./build/Input/KeyCode.o
                                         0x38 (size before relaxing)
 .eh_frame      0xffffffff8010fee8      0x1e0 ./build/Drivers/Bus/PCI/PCIMain.o
                                        0x1f8 (size before relaxing)
 .eh_frame      0xffffffff801100c8       0xe0 ./build/Drivers/Bus/PCI/PCIDeviceImpl.o
                                        0x138 (size before relaxing)
 .eh_frame      0xffffffff801101a8      0x350 ./build/Drivers/Bus/PCI/PCIDeviceProviderImpl.o
                                        0x3c8 (size before relaxing)
 .eh_frame      0xffffffff801104f8       0x60 ./build/Drivers/Generic/APIC/APICMain.o
                                         0x78 (size before relaxing)
 .eh_frame      0xffffffff80110558      0x108 ./build/Drivers/Generic/APIC/APICTimer.o
                                        0x120 (size before relaxing)
 .eh_frame      0xffffffff80110660      0x140 ./build/Drivers/Generic/APIC/Local.o
                                        0x158 (size before relaxing)
 .eh_frame      0xffffffff801107a0      0x1a8 ./build/Drivers/Generic/APIC/IO.o
                                        0x1c0 (size before relaxing)
 .eh_frame      0xffffffff80110948       0xc0 ./build/Drivers/Generic/ACPI/ACPITimerImpl.o
                                         0xf8 (size before relaxing)
 .eh_frame      0xffffffff80110a08      0x188 ./build/Drivers/Generic/ACPI/ACPIMain.o
                                        0x200 (size before relaxing)
 .eh_frame      0xffffffff80110b90      0x108 ./build/Drivers/Input/PS2LegacyController.o
                                        0x1a0 (size before relaxing)
 .eh_frame      0xffffffff80110c98       0xc0 ./build/Drivers/Input/PS2LegacyKeyboardImpl.o
                                        0x138 (size before relaxing)
 .eh_frame      0xffffffff80110d58       0xa0 ./build/Drivers/Clock/HPET/HPETTimerImpl.o
                                         0xd8 (size before relaxing)
 .eh_frame      0xffffffff80110df8      0x1e8 ./build/Drivers/Storage/AHCI/AHCIControllerDeviceImpl.o
                                        0x240 (size before relaxing)
 .eh_frame      0xffffffff80110fe0      0x1c0 ./build/Drivers/Storage/AHCI/SATADiskDeviceImpl.o
                                        0x238 (size before relaxing)
 .eh_frame      0xffffffff801111a0       0x88 ./build/Drivers/Storage/AHCI/AHCIMain.o
                                         0xc0 (size before relaxing)
 .eh_frame      0xffffffff80111228       0xe0 ./build/Drivers/Video.o
                                         0xf8 (size before relaxing)
 .eh_frame      0xffffffff80111308      0x3f8 ./build/Memory/Page.o
                                        0x450 (size before relaxing)
 .eh_frame      0xffffffff80111700      0x1a0 ./build/Memory/Memory.o
                                        0x1d8 (size before relaxing)
 .eh_frame      0xffffffff801118a0       0xe0 ./build/Memory/SlabAllocatorImpl.o
                                         0xf8 (size before relaxing)
 .eh_frame      0xffffffff80111980      0x270 ./build/String.o
                                        0x288 (size before relaxing)
 .eh_frame      0xffffffff80111bf0       0xa0 ./build/Arch/x86_64/Arch.o
                                         0xb8 (size before relaxing)
 .eh_frame      0xffffffff80111c90       0x40 ./build/Arch/x86_64/SchedulerArchImpl.o
                                         0x58 (size before relaxing)
 .eh_frame      0xffffffff80111cd0      0x320 ./build/Arch/x86_64/MMU.o
                                        0x338 (size before relaxing)
 .eh_frame      0xffffffff80111ff0       0xa0 ./build/Arch/x86_64/PIC.o
                                         0xb8 (size before relaxing)
 .eh_frame      0xffffffff80112090       0xc0 ./build/Arch/x86_64/SMP.o
                                         0xd8 (size before relaxing)
 .eh_frame      0xffffffff80112150       0x60 ./build/Arch/x86_64/PIT.o
                                         0x78 (size before relaxing)
 .eh_frame      0xffffffff801121b0       0x40 ./build/Arch/x86_64/IDT.o
                                         0x58 (size before relaxing)
 .eh_frame      0xffffffff801121f0       0xc0 ./build/Arch/x86_64/BootX64.o
                                         0xd8 (size before relaxing)
 .eh_frame      0xffffffff801122b0       0x40 ./build/Arch/x86_64/SMBIOS.o
                                         0x58 (size before relaxing)
 .eh_frame      0xffffffff801122f0      0x108 ./build/Arch/x86_64/CPU.o
                                        0x140 (size before relaxing)
 .eh_frame      0xffffffff801123f8      0x1a0 ./build/Arch/x86_64/AddressSpace.o
                                        0x1d8 (size before relaxing)
 .eh_frame      0xffffffff80112598       0xa0 ./build/Arch/x86_64/GDT.o
                                         0xb8 (size before relaxing)
 .eh_frame      0xffffffff80112638       0x60 ./build/Arch/x86_64/Interrupts.o
                                         0x98 (size before relaxing)
 .eh_frame      0xffffffff80112698       0x20 ./build/Arch/x86_64/TaskStateSegment.o
                                         0x58 (size before relaxing)

.rela.dyn       0xffffffff801126b8        0x0 load address 0x00000000001126b8
 .rela.got      0xffffffff801126b8        0x0 ./build/Fs/DiskDeviceImpl.o
 .rela.iplt     0xffffffff801126b8        0x0 ./build/Fs/DiskDeviceImpl.o
 .rela.text     0xffffffff801126b8        0x0 ./build/Fs/DiskDeviceImpl.o
 .rela.text._ZN6DeviceD2Ev
                0xffffffff801126b8        0x0 ./build/Fs/DiskDeviceImpl.o
 .rela.text._ZN14DeviceProviderC2Ev
                0xffffffff801126b8        0x0 ./build/Fs/DiskDeviceImpl.o
 .rela.text._ZN5TimerC2Ev
                0xffffffff801126b8        0x0 ./build/Fs/DiskDeviceImpl.o
 .rela.text._ZN10DiskDeviceC2EPKc9DeviceBus
                0xffffffff801126b8        0x0 ./build/Fs/DiskDeviceImpl.o
 .rela.text._ZN10DiskDeviceD2Ev
                0xffffffff801126b8        0x0 ./build/Fs/DiskDeviceImpl.o

.data           0xffffffff80113000     0x1d71 load address 0x0000000000113000
 *(.data*)
 .data          0xffffffff80113000        0x0 ./build/Fs/DiskDeviceImpl.o
 .data          0xffffffff80113000        0x0 ./build/libkern/sprintf.o
 .data          0xffffffff80113000        0x0 ./build/libkern/printf.o
 .data          0xffffffff80113000        0x0 ./build/System.o
 .data          0xffffffff80113000        0x0 ./build/Device/ComputerDeviceImpl.o
 .data          0xffffffff80113000        0x0 ./build/Device/DeviceManagement.o
 .data          0xffffffff80113000        0x0 ./build/Device/DeviceStaticImpl.o
 .data          0xffffffff80113000        0x0 ./build/Device/DeviceImpl.o
 .data          0xffffffff80113000        0x0 ./build/Video/VideoControllerImpl.o
 .data          0xffffffff80113000        0x0 ./build/Video/FrameBufferPresenterImpl.o
 .data          0xffffffff80113000        0x0 ./build/Video/TextModePresenterImpl.o
 .data          0xffffffff80113000        0x0 ./build/Video/VideoPresenterImpl.o
 .data          0xffffffff80113000        0x0 ./build/Process/SchedulerImpl.o
 .data          0xffffffff80113000        0x0 ./build/Process/ProcessImpl.o
 .data          0xffffffff80113000        0x0 ./build/Process/Scheduler.o
 .data          0xffffffff80113000        0x0 ./build/Process/ActivityImpl.o
 .data          0xffffffff80113000        0x0 ./build/Process/ActivityManagement.o
 .data          0xffffffff80113000        0x0 ./build/Runtime.o
 .data          0xffffffff80113000       0x10 ./build/Input/ConsoleImpl.o
 *fill*         0xffffffff80113010       0x10 