
Discarded input sections

 .comment       0x0000000000000000       0x13 ./build/Arch/x86_64/Arch.o
 .group         0x0000000000000000        0x8 ./build/Arch/x86_64/BootX64.o
 .group         0x0000000000000000        0x8 ./build/Arch/x86_64/BootX64.o
 .comment       0x0000000000000000       0x13 ./build/Arch/x86_64/BootX64.o
 .group         0x0000000000000000        0x8 ./build/Arch/x86_64/CPU.o
 .group         0x0000000000000000        0x8 ./build/Arch/x86_64/CPU.o
 .group         0x0000000000000000        0x8 ./build/Arch/x86_64/CPU.o
 .group         0x0000000000000000        0x8 ./build/Arch/x86_64/CPU.o
 .comment       0x0000000000000000       0x13 ./build/Arch/x86_64/CPU.o
 .group         0x0000000000000000        0x8 ./build/Arch/x86_64/GDT.o
 .group         0x0000000000000000        0x8 ./build/Arch/x86_64/GDT.o
 .comment       0x0000000000000000       0x13 ./build/Arch/x86_64/GDT.o
 .comment       0x0000000000000000       0x13 ./build/Arch/x86_64/IDT.o
 .group         0x0000000000000000        0x8 ./build/Arch/x86_64/Interrupts.o
 .comment       0x0000000000000000       0x13 ./build/Arch/x86_64/Interrupts.o
 .group         0x0000000000000000        0x8 ./build/Arch/x86_64/MMU.o
 .group         0x0000000000000000        0x8 ./build/Arch/x86_64/MMU.o
 .group         0x0000000000000000        0xc ./build/Arch/x86_64/MMU.o
 .comment       0x0000000000000000       0x13 ./build/Arch/x86_64/MMU.o
 .comment       0x0000000000000000       0x13 ./build/Arch/x86_64/PIC.o
 .comment       0x0000000000000000       0x13 ./build/Arch/x86_64/PIT.o
 .comment       0x0000000000000000       0x13 ./build/Arch/x86_64/SchedulerArchImpl.o
 .comment       0x0000000000000000       0x13 ./build/Arch/x86_64/SMBIOS.o
 .group         0x0000000000000000        0x8 ./build/Arch/x86_64/SMP.o
 .comment       0x0000000000000000       0x13 ./build/Arch/x86_64/SMP.o
 .group         0x0000000000000000        0x8 ./build/Arch/x86_64/TaskStateSegment.o
 .comment       0x0000000000000000       0x13 ./build/Arch/x86_64/TaskStateSegment.o
 .comment       0x0000000000000000       0x13 ./build/Device/ComputerDeviceImpl.o
 .group         0x0000000000000000        0x8 ./build/Device/DeviceImpl.o
 .group         0x0000000000000000        0xc ./build/Device/DeviceImpl.o
 .comment       0x0000000000000000       0x13 ./build/Device/DeviceImpl.o
 .group         0x0000000000000000        0x8 ./build/Device/DeviceManagement.o
 .group         0x0000000000000000        0xc ./build/Device/DeviceManagement.o
 .group         0x0000000000000000        0x8 ./build/Device/DeviceManagement.o
 .group         0x0000000000000000        0xc ./build/Device/DeviceManagement.o
 .group         0x0000000000000000        0x8 ./build/Device/DeviceManagement.o
 .group         0x0000000000000000        0xc ./build/Device/DeviceManagement.o
 .comment       0x0000000000000000       0x13 ./build/Device/DeviceManagement.o
 .group         0x0000000000000000        0x8 ./build/Device/DeviceStaticImpl.o
 .group         0x0000000000000000        0x8 ./build/Device/DeviceStaticImpl.o
 .group         0x0000000000000000        0xc ./build/Device/DeviceStaticImpl.o
 .group         0x0000000000000000        0x8 ./build/Device/DeviceStaticImpl.o
 .group         0x0000000000000000        0xc ./build/Device/DeviceStaticImpl.o
 .group         0x0000000000000000        0x8 ./build/Device/DeviceStaticImpl.o
 .group         0x0000000000000000        0xc ./build/Device/DeviceStaticImpl.o
 .group         0x0000000000000000        0x8 ./build/Device/DeviceStaticImpl.o
 .group         0x0000000000000000        0x8 ./build/Device/DeviceStaticImpl.o
 .group         0x0000000000000000        0x8 ./build/Device/DeviceStaticImpl.o
 .group         0x0000000000000000        0xc ./build/Device/DeviceStaticImpl.o
 .group         0x0000000000000000        0xc ./build/Device/DeviceStaticImpl.o
 .comment       0x0000000000000000       0x13 ./build/Device/DeviceStaticImpl.o
 .group         0x0000000000000000        0x8 ./build/Drivers/Bus/PCI/PCIDeviceImpl.o
 .group         0x0000000000000000        0xc ./build/Drivers/Bus/PCI/PCIDeviceImpl.o
 .group         0x0000000000000000        0xc ./build/Drivers/Bus/PCI/PCIDeviceImpl.o
 .group         0x0000000000000000        0xc ./build/Drivers/Bus/PCI/PCIDeviceImpl.o
 .group         0x0000000000000000        0xc ./build/Drivers/Bus/PCI/PCIDeviceImpl.o
 .group         0x0000000000000000        0xc ./build/Drivers/Bus/PCI/PCIDeviceImpl.o
 .group         0x0000000000000000        0xc ./build/Drivers/Bus/PCI/PCIDeviceImpl.o
 .comment       0x0000000000000000       0x13 ./build/Drivers/Bus/PCI/PCIDeviceImpl.o
 .group         0x0000000000000000        0x8 ./build/Drivers/Bus/PCI/PCIDeviceProviderImpl.o
 .group         0x0000000000000000        0x8 ./build/Drivers/Bus/PCI/PCIDeviceProviderImpl.o
 .group         0x0000000000000000        0xc ./build/Drivers/Bus/PCI/PCIDeviceProviderImpl.o
[...]
Memory Configuration

Name             Origin             Length             Attributes
*default*        0x0000000000000000 0xffffffffffffffff

Linker script and memory map

                0xffffffff80000000                KERNEL_VMA = 0xffffffff80000000
                0x0000000000100000                . = 0x100000

.boot.text      0x0000000000100000       0x44
 *(.boot.text)
 .boot.text     0x0000000000100000       0x44 ./build/Arch/x86_64/Header.o

.boot.data      0x0000000000100044      0xfbc
 *(.boot.data)
                0x0000000000101000                . = ALIGN (0x1000)
 *fill*         0x0000000000100044      0xfbc 
                0xffffffff80101000                . = (. + KERNEL_VMA)
                0xffffffff80101000                KERNEL_START_ADDR = .

.stivalehdr
 *(.stivalehdr)

.stivale2hdr    0xffffffff80101000       0x20 load address 0x0000000000101000
 *(.stivale2hdr)
 .stivale2hdr   0xffffffff80101000       0x20 ./build/Arch/x86_64/Header.o

.text           0xffffffff80102000     0xb1eb load address 0x0000000000102000
 *(.text*)
 .text          0xffffffff80102000       0x77 ./build/Arch/x86_64/Arch.o
                0xffffffff8010203d                System::Reboot()
                0xffffffff80102068                System::Shutdown()
                0xffffffff8010206f                Halt()
 .text          0xffffffff80102077      0x3b4 ./build/Arch/x86_64/BootX64.o
                0xffffffff80102077                Boot::multiboot2(BootInfo*, multiboot2_info_header_t*)
                0xffffffff8010208a                Boot::stivale2(BootInfo*, stivale2_struct*)
                0xffffffff8010231e                Boot::Start()
                0xffffffff801023fb                kload_stivale2
 .text._Z17DisableInterruptsv
                0xffffffff8010242b        0x8 ./build/Arch/x86_64/BootX64.o
                0xffffffff8010242b                DisableInterrupts()
 .text._Z16EnableInterruptsv
                0xffffffff80102433        0x8 ./build/Arch/x86_64/BootX64.o
                0xffffffff80102433                EnableInterrupts()
 .text          0xffffffff8010243b      0x1c6 ./build/Arch/x86_64/CPU.o
                0xffffffff8010246a                CurrentCPU()
                0xffffffff8010249a                CPUID()
                0xffffffff80102587                SetCPULocal(CPU*)
                0xffffffff801025c3                GetCPULocal()
 *fill*         0xffffffff80102601        0x1 
 .text._ZN18InterruptsRetainerC2Ev
                0xffffffff80102602       0x10 ./build/Arch/x86_64/CPU.o
                0xffffffff80102602                InterruptsRetainer::InterruptsRetainer()
                0xffffffff80102602                InterruptsRetainer::InterruptsRetainer()
 .text._ZN18InterruptsRetainerD2Ev
                0xffffffff80102612       0x10 ./build/Arch/x86_64/CPU.o
                0xffffffff80102612                InterruptsRetainer::~InterruptsRetainer()
                0xffffffff80102612                InterruptsRetainer::~InterruptsRetainer()
 .text._ZN9CPUIDInfoC2Ev
                0xffffffff80102622       0x17 ./build/Arch/x86_64/CPU.o
                0xffffffff80102622                CPUIDInfo::CPUIDInfo()
                0xffffffff80102622                CPUIDInfo::CPUIDInfo()
 .text          0xffffffff80102639       0x84 ./build/Arch/x86_64/GDT.o
                0xffffffff80102639                GDT::Initialize()
 *fill*         0xffffffff801026bd        0x1 
 .text._ZN11GDTTssEntryC2Ev
                0xffffffff801026be        0xf ./build/Arch/x86_64/GDT.o
                0xffffffff801026be                GDTTssEntry::GDTTssEntry()
                0xffffffff801026be                GDTTssEntry::GDTTssEntry()
 *fill*         0xffffffff801026cd        0x1 
 .text._ZN11GDTTssEntryC2ERK16TaskStateSegment
                0xffffffff801026ce       0x78 ./build/Arch/x86_64/GDT.o
                0xffffffff801026ce                GDTTssEntry::GDTTssEntry(TaskStateSegment const&)
                0xffffffff801026ce                GDTTssEntry::GDTTssEntry(TaskStateSegment const&)
 .text          0xffffffff80102746      0x126 ./build/Arch/x86_64/IDT.o
                0xffffffff80102746                IDT::SetGate(unsigned char, unsigned long, unsigned short, unsigned char, unsigned char)
                0xffffffff80102813                IDT::Initialize()
 .text          0xffffffff8010286c      0x1df ./build/Arch/x86_64/Interrupts.o
                0xffffffff8010286c                UnhandlededException(InterruptData*, RegisterContext*)
                0xffffffff8010289c                DispatchInterrupts
                0xffffffff801029ee                RegisterIRQ(unsigned char, void (*)(InterruptData*, RegisterContext*))
 .text          0xffffffff80102a4b      0xb06 ./build/Arch/x86_64/MMU.o
                0xffffffff80102a4b                Memory::Paging::PageFaultHandler(InterruptData*, RegisterContext*)
                0xffffffff80102a5e                Memory::Paging::InitializeVirtualMemory()
                0xffffffff80102ca0                Memory::Paging::IsPagePresent(Memory::Paging::VirtualPages*, unsigned long)
                0xffffffff80102ddd                Memory::Paging::CreatePagemap()
                0xffffffff80102e58                Memory::Paging::DestroyPagemap()
                0xffffffff80102e5f                Memory::Paging::MapVirtualMemory4K(Memory::Paging::VirtualPages*, unsigned long, unsigned long, unsigned long, unsigned long)
                0xffffffff80102e7e                Memory::Paging::Allocate4KPages(Memory::Paging::VirtualPages*, unsigned long)
                0xffffffff80102e95                Memory::Paging::Free4KPages(Memory::Paging::VirtualPages*, unsigned long, unsigned long)
                0xffffffff80102eac                Memory::Paging::KernelMapVirtualMemory4K(unsigned long, unsigned long, unsigned long)
                0xffffffff80102edc                Memory::Paging::KernelMapVirtualMemory4K(unsigned long, unsigned long, unsigned long, unsigned long)
                0xffffffff801030ea                Memory::Paging::KernelAllocate4KPages(unsigned long)
                0xffffffff80103411                Memory::Paging::KernelFree4KPages(void*, unsigned long)
                0xffffffff80103424                Memory::Paging::ConvertVirtToPhys(Memory::Paging::VirtualPages*, unsigned long)
                0xffffffff80103524                Memory::Paging::HandlePageFault(InterruptData*, RegisterContext*)
                0xffffffff80103537                Memory::GetIOMapping(unsigned long)
 .text._ZN6Memory6Paging12SetPageFlagsEPmm
                0xffffffff80103551       0x28 ./build/Arch/x86_64/MMU.o
                0xffffffff80103551                Memory::Paging::SetPageFlags(unsigned long*, unsigned long)
 .text._ZN6Memory6Paging12SetPageFrameEPmmm
                0xffffffff80103579       0x4a ./build/Arch/x86_64/MMU.o
                0xffffffff80103579                Memory::Paging::SetPageFrame(unsigned long*, unsigned long, unsigned long)
 .text._ZN6Memory6Paging12GetIOMappingEm
                0xffffffff801035c3       0x42 ./build/Arch/x86_64/MMU.o
                0xffffffff801035c3                Memory::Paging::GetIOMapping(unsigned long)
 .text          0xffffffff80103605      0x15b ./build/Arch/x86_64/PIC.o
                0xffffffff8010363a                PIC::Initialize()
                0xffffffff80103709                PIC::Disable()
                0xffffffff8010372e                RestoreInterrupts(int)
 .text          0xffffffff80103760       0x8a ./build/Arch/x86_64/PIT.o
                0xffffffff8010377f                PIT::TimerTickHandler(void*, RegisterContext*)
                0xffffffff80103792                PIT::Initialize(unsigned int)
 .text          0xffffffff801037ea       0xd3 ./build/Arch/x86_64/SchedulerArchImpl.o
                0xffffffff8010381a                Task::Scheduler::SwitchThread(Task::Thread*)
 *fill*         0xffffffff801038bd        0x1 
 .text          0xffffffff801038be      0x16e ./build/Arch/x86_64/SMBIOS.o
                0xffffffff8010390e                SMBIOS::Initialize()
 .text          0xffffffff80103a2c      0x4a1 ./build/Arch/x86_64/SMP.o
                0xffffffff80103a2c                SMP::TrampolineEntry(unsigned short)
                0xffffffff80103b2d                SMP::InitializeProcessor(unsigned short)
                0xffffffff80103d37                SMP::Initialize()
 *fill*         0xffffffff80103ecd        0x1 
 .text._ZN14SizedArrayListIhLi256EE6LengthEv
                0xffffffff80103ece       0x19 ./build/Arch/x86_64/SMP.o
                0xffffffff80103ece                SizedArrayList<unsigned char, 256>::Length()
 .text          0xffffffff80103ee7       0xf2 ./build/Arch/x86_64/TaskStateSegment.o
                0xffffffff80103ee7                TSS::Initialize(TaskStateSegment*, void*)
 .text          0xffffffff80103fd9        0x0 ./build/Device/ComputerDeviceImpl.o
 *fill*         0xffffffff80103fd9        0x1 
 .text          0xffffffff80103fda       0x57 ./build/Device/DeviceImpl.o
                0xffffffff80103fda                Device::Device(char const*, DeviceBus, DeviceType)
                0xffffffff80103fda                Device::Device(char const*, DeviceBus, DeviceType)
 *fill*         0xffffffff80104031        0x1 
 .text._ZN10LinkedListIP6DeviceEC2Ev
                0xffffffff80104032       0x3c ./build/Device/DeviceImpl.o
                0xffffffff80104032                LinkedList<Device*>::LinkedList()
                0xffffffff80104032                LinkedList<Device*>::LinkedList()
 .text          0xffffffff8010406e       0x67 ./build/Device/DeviceManagement.o
 *fill*         0xffffffff801040d5        0x1 
 .text._ZN8Spinlock7ReleaseEv
                0xffffffff801040d6       0x1a ./build/Device/DeviceManagement.o
                0xffffffff801040d6                Spinlock::Release()
 .text._ZN10LinkedListIP6DeviceED2Ev
                0xffffffff801040f0       0x1f ./build/Device/DeviceManagement.o
                0xffffffff801040f0                LinkedList<Device*>::~LinkedList()
                0xffffffff801040f0                LinkedList<Device*>::~LinkedList()
 *fill*         0xffffffff8010410f        0x1 
 .text._ZN14SizedArrayListIP14DeviceProviderLi4EEC2Ev
                0xffffffff80104110       0x27 ./build/Device/DeviceManagement.o
                0xffffffff80104110                SizedArrayList<DeviceProvider*, 4>::SizedArrayList()
                0xffffffff80104110                SizedArrayList<DeviceProvider*, 4>::SizedArrayList()
 *fill*         0xffffffff80104137        0x1 
 .text._ZN14SizedArrayListI10LinkedListIP6DeviceELi20EEC2Ev
                0xffffffff80104138       0x5a ./build/Device/DeviceManagement.o
                0xffffffff80104138                SizedArrayList<LinkedList<Device*>, 20>::SizedArrayList()
                0xffffffff80104138                SizedArrayList<LinkedList<Device*>, 20>::SizedArrayList()
 .text._ZN14SizedArrayListI10LinkedListIP6DeviceELi20EED2Ev
                0xffffffff80104192       0x3f ./build/Device/DeviceManagement.o
                0xffffffff80104192                SizedArrayList<LinkedList<Device*>, 20>::~SizedArrayList()
                0xffffffff80104192                SizedArrayList<LinkedList<Device*>, 20>::~SizedArrayList()
 *fill*         0xffffffff801041d1        0x1 
 .text          0xffffffff801041d2      0x123 ./build/Device/DeviceStaticImpl.o
                0xffffffff801041d2                Device::GetDevice(char const*)
                0xffffffff801041e2                Device::GetDevice(unsigned long)
                0xffffffff801041f2                Device::RegisterDevice(Device*)
                0xffffffff8010425e                Device::GetProvider(DeviceBus)
                0xffffffff80104280                Device::EnumerateDevice(DeviceType)
 *fill*         0xffffffff801042f5        0x1 
 .text._ZN8Spinlock7AcquireEv
                0xffffffff801042f6       0x28 ./build/Device/DeviceStaticImpl.o
                0xffffffff801042f6                Spinlock::Acquire()
 .text._ZN14SizedArrayListI10LinkedListIP6DeviceELi20EEixEi
                0xffffffff8010431e       0x38 ./build/Device/DeviceStaticImpl.o
                0xffffffff8010431e                SizedArrayList<LinkedList<Device*>, 20>::operator[](int)
 .text._ZN10LinkedListIP6DeviceE3AddES1_
                0xffffffff80104356       0x4e ./build/Device/DeviceStaticImpl.o
                0xffffffff80104356                LinkedList<Device*>::Add(Device*)
 .text._ZN14SizedArrayListIP14DeviceProviderLi4EEixEi
                0xffffffff801043a4       0x32 ./build/Device/DeviceStaticImpl.o
                0xffffffff801043a4                SizedArrayList<DeviceProvider*, 4>::operator[](int)
 .text._ZN8ListNodeIP6DeviceEC2ES1_
                0xffffffff801043d6       0x1f ./build/Device/DeviceStaticImpl.o
                0xffffffff801043d6                ListNode<Device*>::ListNode(Device*)
                0xffffffff801043d6                ListNode<Device*>::ListNode(Device*)
 *fill*         0xffffffff801043f5        0x1 
 .text._ZN10LinkedListIP6DeviceE3AddEP8ListNodeIS1_E
                0xffffffff801043f6       0x90 ./build/Device/DeviceStaticImpl.o
                0xffffffff801043f6                LinkedList<Device*>::Add(ListNode<Device*>*)
 .text          0xffffffff80104486       0xc1 ./build/Drivers/Bus/PCI/PCIDeviceImpl.o
                0xffffffff80104486                PCI::PCIDevice::PCIDevice(unsigned char, unsigned char, unsigned char, unsigned char, unsigned char)
                0xffffffff80104486                PCI::PCIDevice::PCIDevice(unsigned char, unsigned char, unsigned char, unsigned char, unsigned char)
                0xffffffff801044fe                PCI::PCIDevice::~PCIDevice()
                0xffffffff801044fe                PCI::PCIDevice::~PCIDevice()
                0xffffffff80104528                PCI::PCIDevice::Enable()
                0xffffffff80104538                PCI::PCIDevice::Disable()
 *fill*         0xffffffff80104547        0x1 
 .text._ZN6DeviceD2Ev
                0xffffffff80104548       0x2d ./build/Drivers/Bus/PCI/PCIDeviceImpl.o
                0xffffffff80104548                Device::~Device()
                0xffffffff80104548                Device::~Device()
 *fill*         0xffffffff80104575        0x1 
 .text._ZN6DeviceC2E9DeviceBus10DeviceType
                0xffffffff80104576       0x2c ./build/Drivers/Bus/PCI/PCIDeviceImpl.o
                0xffffffff80104576                Device::Device(DeviceBus, DeviceType)
                0xffffffff80104576                Device::Device(DeviceBus, DeviceType)
 .text._ZN3PCI7PCIInfoC2Ehhhhh
                0xffffffff801045a2       0xbf ./build/Drivers/Bus/PCI/PCIDeviceImpl.o
                0xffffffff801045a2                PCI::PCIInfo::PCIInfo(unsigned char, unsigned char, unsigned char, unsigned char, unsigned char)
                0xffffffff801045a2                PCI::PCIInfo::PCIInfo(unsigned char, unsigned char, unsigned char, unsigned char, unsigned char)
 *fill*         0xffffffff80104661        0x1 
 .text          0xffffffff80104662      0x46f ./build/Drivers/Bus/PCI/PCIDeviceProviderImpl.o
                0xffffffff80104662                PCI::PCIDeviceProvider::PCIDeviceProvider()
                0xffffffff80104662                PCI::PCIDeviceProvider::PCIDeviceProvider()
                0xffffffff801048f0                PCI::PCIDeviceProvider::~PCIDeviceProvider()
                0xffffffff801048f0                PCI::PCIDeviceProvider::~PCIDeviceProvider()
                0xffffffff8010492e                PCI::PCIDeviceProvider::FindName(char const*)
                0xffffffff80104942                PCI::PCIDeviceProvider::ConnectDevice(unsigned char, unsigned char, unsigned char)
                0xffffffff801049ae                PCI::PCIDeviceProvider::CheckDevice(unsigned char, unsigned char, unsigned char)
                0xffffffff801049e6                PCI::PCIDeviceProvider::FindDevice(unsigned short, unsigned short)
                0xffffffff80104a04                PCI::PCIDeviceProvider::FindGenericDevice(unsigned short, unsigned short)
                0xffffffff80104a94                PCI::PCIDeviceProvider::EnumerateDevice(unsigned short, unsigned short, void (*)(PCI::PCIInfo&))
                0xffffffff80104ab4                PCI::PCIDeviceProvider::EnumerateGenericDevice(unsigned char, unsigned char, void (*)(PCI::PCIInfo&))
 *fill*         0xffffffff80104ad1        0x1 
 .text._ZN3PCI7PCIInfoC2Ehhh
                0xffffffff80104ad2       0x75 ./build/Drivers/Bus/PCI/PCIDeviceProviderImpl.o
                0xffffffff80104ad2                PCI::PCIInfo::PCIInfo(unsigned char, unsigned char, unsigned char)
                0xffffffff80104ad2                PCI::PCIInfo::PCIInfo(unsigned char, unsigned char, unsigned char)
 *fill*         0xffffffff80104b47        0x1 
 .text._ZN14DeviceProviderC2Ev
                0xffffffff80104b48       0x1d ./build/Drivers/Bus/PCI/PCIDeviceProviderImpl.o
                0xffffffff80104b48                DeviceProvider::DeviceProvider()
                0xffffffff80104b48                DeviceProvider::DeviceProvider()
 *fill*         0xffffffff80104b65        0x1 
 .text._ZN10LinkedListIN3PCI7PCIInfoEEC2Ev
                0xffffffff80104b66       0x3c ./build/Drivers/Bus/PCI/PCIDeviceProviderImpl.o
                0xffffffff80104b66                LinkedList<PCI::PCIInfo>::LinkedList()
                0xffffffff80104b66                LinkedList<PCI::PCIInfo>::LinkedList()
 .text._ZN10LinkedListIN3PCI7PCIInfoEED2Ev
                0xffffffff80104ba2       0x1f ./build/Drivers/Bus/PCI/PCIDeviceProviderImpl.o
                0xffffffff80104ba2                LinkedList<PCI::PCIInfo>::~LinkedList()
                0xffffffff80104ba2                LinkedList<PCI::PCIInfo>::~LinkedList()
 *fill*         0xffffffff80104bc1        0x1 
 .text._ZN10LinkedListIP11MCFGAddressEC2Ev
                0xffffffff80104bc2       0x3c ./build/Drivers/Bus/PCI/PCIDeviceProviderImpl.o
                0xffffffff80104bc2                LinkedList<MCFGAddress*>::LinkedList()
                0xffffffff80104bc2                LinkedList<MCFGAddress*>::LinkedList()
 .text._ZN10LinkedListIP11MCFGAddressED2Ev
                0xffffffff80104bfe       0x1f ./build/Drivers/Bus/PCI/PCIDeviceProviderImpl.o
                0xffffffff80104bfe                LinkedList<MCFGAddress*>::~LinkedList()
                0xffffffff80104bfe                LinkedList<MCFGAddress*>::~LinkedList()
 *fill*         0xffffffff80104c1d        0x1 
 .text._ZN10LinkedListIN3PCI7PCIInfoEEaSERKS2_
                0xffffffff80104c1e       0x13 ./build/Drivers/Bus/PCI/PCIDeviceProviderImpl.o
                0xffffffff80104c1e                LinkedList<PCI::PCIInfo>::operator=(LinkedList<PCI::PCIInfo> const&)
 *fill*         0xffffffff80104c31        0x1 
 .text._ZN10LinkedListIP11MCFGAddressEaSERKS2_
                0xffffffff80104c32       0x13 ./build/Drivers/Bus/PCI/PCIDeviceProviderImpl.o
                0xffffffff80104c32                LinkedList<MCFGAddress*>::operator=(LinkedList<MCFGAddress*> const&)
 *fill*         0xffffffff80104c45        0x1 
 .text._ZN10LinkedListIP11MCFGAddressE3AddES1_
                0xffffffff80104c46       0x4e ./build/Drivers/Bus/PCI/PCIDeviceProviderImpl.o
                0xffffffff80104c46                LinkedList<MCFGAddress*>::Add(MCFGAddress*)
 .text._ZN10LinkedListIN3PCI7PCIInfoEE3AddES1_
                0xffffffff80104c94       0x5d ./build/Drivers/Bus/PCI/PCIDeviceProviderImpl.o
                0xffffffff80104c94                LinkedList<PCI::PCIInfo>::Add(PCI::PCIInfo)
 *fill*         0xffffffff80104cf1        0x1 
 .text._ZN10LinkedListIN3PCI7PCIInfoEE5CountEv
                0xffffffff80104cf2       0x15 ./build/Drivers/Bus/PCI/PCIDeviceProviderImpl.o
                0xffffffff80104cf2                LinkedList<PCI::PCIInfo>::Count()
 *fill*         0xffffffff80104d07        0x1 
 .text._ZN10LinkedListIN3PCI7PCIInfoEEixEi
                0xffffffff80104d08       0x22 ./build/Drivers/Bus/PCI/PCIDeviceProviderImpl.o
                0xffffffff80104d08                LinkedList<PCI::PCIInfo>::operator[](int)
 .text._ZN8ListNodeIP11MCFGAddressEC2ES1_
                0xffffffff80104d2a       0x1f ./build/Drivers/Bus/PCI/PCIDeviceProviderImpl.o
                0xffffffff80104d2a                ListNode<MCFGAddress*>::ListNode(MCFGAddress*)
                0xffffffff80104d2a                ListNode<MCFGAddress*>::ListNode(MCFGAddress*)
 *fill*         0xffffffff80104d49        0x1 
 .text._ZN10LinkedListIP11MCFGAddressE3AddEP8ListNodeIS1_E
                0xffffffff80104d4a       0x90 ./build/Drivers/Bus/PCI/PCIDeviceProviderImpl.o
                0xffffffff80104d4a                LinkedList<MCFGAddress*>::Add(ListNode<MCFGAddress*>*)
 .text._ZN8ListNodeIN3PCI7PCIInfoEEC2ES1_
                0xffffffff80104dda       0x30 ./build/Drivers/Bus/PCI/PCIDeviceProviderImpl.o
                0xffffffff80104dda                ListNode<PCI::PCIInfo>::ListNode(PCI::PCIInfo)
                0xffffffff80104dda                ListNode<PCI::PCIInfo>::ListNode(PCI::PCIInfo)
 .text._ZN10LinkedListIN3PCI7PCIInfoEE3AddEP8ListNodeIS1_E
                0xffffffff80104e0a       0x90 ./build/Drivers/Bus/PCI/PCIDeviceProviderImpl.o
                0xffffffff80104e0a                LinkedList<PCI::PCIInfo>::Add(ListNode<PCI::PCIInfo>*)
 .text._ZN10LinkedListIN3PCI7PCIInfoEE3GetEj
                0xffffffff80104e9a       0x70 ./build/Drivers/Bus/PCI/PCIDeviceProviderImpl.o
                0xffffffff80104e9a                LinkedList<PCI::PCIInfo>::Get(unsigned int)
 .text          0xffffffff80104f0a      0x4a9 ./build/Drivers/Bus/PCI/PCIMain.o
                0xffffffff80104f43                PCI::MsiCapSetData(PCI::MSICapability*, unsigned int)
                0xffffffff80104f7f                PCI::MsiCapGetData(PCI::MSICapability*)
                0xffffffff80104fb1                PCI::MsiCapSetAddress(PCI::MSICapability*, int)
                0xffffffff80104ff6                PCI::ConfigReadDword(unsigned char, unsigned char, unsigned char, unsigned char)
                0xffffffff80105053                PCI::ConfigReadWord(unsigned char, unsigned char, unsigned char, unsigned char)
                0xffffffff801050be                PCI::ConfigReadByte(unsigned char, unsigned char, unsigned char, unsigned char)
                0xffffffff80105129                PCI::ConfigWriteDword(unsigned char, unsigned char, unsigned char, unsigned char, unsigned int)
                0xffffffff80105190                PCI::ConfigWriteWord(unsigned char, unsigned char, unsigned char, unsigned char, unsigned short)
                0xffffffff80105232                PCI::ConfigWriteByte(unsigned char, unsigned char, unsigned char, unsigned char, unsigned char)
                0xffffffff801052d3                PCI::GetVendor(unsigned char, unsigned char, unsigned char)
                0xffffffff8010530e                PCI::GetDeviceID(unsigned char, unsigned char, unsigned char)
                0xffffffff80105349                PCI::GetHeaderType(unsigned char, unsigned char, unsigned char)
                0xffffffff8010537c                PCI::CheckDevice(unsigned char, unsigned char, unsigned char)
 *fill*         0xffffffff801053b3        0x1 
 .text          0xffffffff801053b4      0x13c ./build/Drivers/Clock/HPET/HPETTimerImpl.o
                0xffffffff801053b4                HPETTimer::HPETTimer()
                0xffffffff801053b4                HPETTimer::HPETTimer()
                0xffffffff80105430                HPETTimer::Tick()
                0xffffffff80105440                HPETTimer::CurrentTime(TimeSpan)
                0xffffffff80105464                HPETTimer::Sleep(long)
 .text._ZN9HPETTimer4ReadEm
                0xffffffff801054f0       0x28 ./build/Drivers/Clock/HPET/HPETTimerImpl.o
                0xffffffff801054f0                HPETTimer::Read(unsigned long)
 .text._ZN5TimerC2Ev
                0xffffffff80105518       0x1d ./build/Drivers/Clock/HPET/HPETTimerImpl.o
                0xffffffff80105518                Timer::Timer()
                0xffffffff80105518                Timer::Timer()
 *fill*         0xffffffff80105535        0x1 
 .text          0xffffffff80105536      0x47b ./build/Drivers/Generic/ACPI/ACPIMain.o
                0xffffffff80105536                ACPI::FindTableByName(char const*, int)
                0xffffffff8010575a                ACPI::Initialize()
                0xffffffff801058cd                ACPI::GetRemapIRQ(unsigned int)
 *fill*         0xffffffff801059b1        0x1 
 .text._ZN13KeyValueTableImmEC2Ev
                0xffffffff801059b2       0x1b ./build/Drivers/Generic/ACPI/ACPIMain.o
                0xffffffff801059b2                KeyValueTable<unsigned long, unsigned long>::KeyValueTable()
                0xffffffff801059b2                KeyValueTable<unsigned long, unsigned long>::KeyValueTable()
 *fill*         0xffffffff801059cd        0x1 
 .text._ZN14SizedArrayListIhLi256EEC2Ev
                0xffffffff801059ce       0x2d ./build/Drivers/Generic/ACPI/ACPIMain.o
                0xffffffff801059ce                SizedArrayList<unsigned char, 256>::SizedArrayList()
                0xffffffff801059ce                SizedArrayList<unsigned char, 256>::SizedArrayList()
 *fill*         0xffffffff801059fb        0x1 
 .text._ZN14SizedArrayListIP21MADTInterruptOverrideLi256EEC2Ev
                0xffffffff801059fc       0x2d ./build/Drivers/Generic/ACPI/ACPIMain.o
                0xffffffff801059fc                SizedArrayList<MADTInterruptOverride*, 256>::SizedArrayList()
                0xffffffff801059fc                SizedArrayList<MADTInterruptOverride*, 256>::SizedArrayList()
 *fill*         0xffffffff80105a29        0x1 
 .text._ZN10LinkedListIP12KeyValuePairImmEEC2Ev
                0xffffffff80105a2a       0x3c ./build/Drivers/Generic/ACPI/ACPIMain.o
                0xffffffff80105a2a                LinkedList<KeyValuePair<unsigned long, unsigned long>*>::LinkedList()
                0xffffffff80105a2a                LinkedList<KeyValuePair<unsigned long, unsigned long>*>::LinkedList()
 .text._ZN10LinkedListIP12KeyValuePairImmEED2Ev
                0xffffffff80105a66       0x1f ./build/Drivers/Generic/ACPI/ACPIMain.o
                0xffffffff80105a66                LinkedList<KeyValuePair<unsigned long, unsigned long>*>::~LinkedList()
                0xffffffff80105a66                LinkedList<KeyValuePair<unsigned long, unsigned long>*>::~LinkedList()
 *fill*         0xffffffff80105a85        0x1 
 .text._ZN14SizedArrayListIP21MADTInterruptOverrideLi256EE6LengthEv
                0xffffffff80105a86       0x19 ./build/Drivers/Generic/ACPI/ACPIMain.o
                0xffffffff80105a86                SizedArrayList<MADTInterruptOverride*, 256>::Length()
 *fill*         0xffffffff80105a9f        0x1 
 .text._ZN14SizedArrayListIP21MADTInterruptOverrideLi256EEixEi
                0xffffffff80105aa0       0x35 ./build/Drivers/Generic/ACPI/ACPIMain.o
                0xffffffff80105aa0                SizedArrayList<MADTInterruptOverride*, 256>::operator[](int)
 *fill*         0xffffffff80105ad5        0x1 
 .text._ZN13KeyValueTableImmED2Ev
                0xffffffff80105ad6       0x1b ./build/Drivers/Generic/ACPI/ACPIMain.o
                0xffffffff80105ad6                KeyValueTable<unsigned long, unsigned long>::~KeyValueTable()
                0xffffffff80105ad6                KeyValueTable<unsigned long, unsigned long>::~KeyValueTable()
 *fill*         0xffffffff80105af1        0x1 
 .text          0xffffffff80105af2      0x257 ./build/Drivers/Generic/ACPI/ACPITimerImpl.o
                0xffffffff80105b10                ACPITimer::ACPITimer()
                0xffffffff80105b10                ACPITimer::ACPITimer()
                0xffffffff80105bf0                ACPITimer::~ACPITimer()
                0xffffffff80105bf0                ACPITimer::~ACPITimer()
                0xffffffff80105c0e                ACPITimer::Tick()
                0xffffffff80105c1e                ACPITimer::CurrentTime(TimeSpan)
                0xffffffff80105c44                ACPITimer::Sleep(long)
 .text          0xffffffff80105d49        0x0 ./build/Drivers/Generic/ACPI/MADTMain.o
 .text          0xffffffff80105d49      0x26a ./build/Drivers/Generic/APIC/APICMain.o
                0xffffffff80105d49                APIC::Initialize()
 *fill*         0xffffffff80105fb3        0x1 
 .text._ZN14SizedArrayListIhLi256EE3AddEh
                0xffffffff80105fb4       0x4e ./build/Drivers/Generic/APIC/APICMain.o
                0xffffffff80105fb4                SizedArrayList<unsigned char, 256>::Add(unsigned char)
 .text._ZN14SizedArrayListIP21MADTInterruptOverrideLi256EE3AddES1_
                0xffffffff80106002       0x4e ./build/Drivers/Generic/APIC/APICMain.o
                0xffffffff80106002                SizedArrayList<MADTInterruptOverride*, 256>::Add(MADTInterruptOverride*)
 .text          0xffffffff80106050      0x382 ./build/Drivers/Generic/APIC/IO.o
                0xffffffff80106050                APIC::IO::WriteData32(unsigned int, unsigned int)
                0xffffffff80106079                APIC::IO::ReadData32(unsigned int)
                0xffffffff8010609b                APIC::IO::WriteData64(unsigned int, unsigned long)
                0xffffffff801060e0                APIC::IO::ReadData64(unsigned int)
                0xffffffff80106117                APIC::IO::Initialize()
                0xffffffff80106206                APIC::IO::Redirect(unsigned char, unsigned char, unsigned int)
                0xffffffff8010623c                APIC::IO::SetBase(unsigned long)
                0xffffffff80106256                APIC::IO::MapLegacyIRQ(unsigned char)
                0xffffffff8010632e                APIC::IO::EnableInterrupt(unsigned char)
 .text          0xffffffff801063d2      0x1ec ./build/Drivers/Generic/APIC/Local.o
                0xffffffff801063d2                SpuriousInterruptHandler(InterruptData*, RegisterContext*)
                0xffffffff801063f6                APIC::Local::WriteBase(unsigned long)
                0xffffffff8010642d                APIC::Local::ReadBase()
                0xffffffff8010646c                APIC::Local::WriteData(unsigned int, unsigned int)
                0xffffffff80106492                APIC::Local::ReadData(unsigned int)
                0xffffffff801064ae                APIC::Local::SendIPI(unsigned char, unsigned int)
                0xffffffff801064fd                APIC::Local::SendIPI(unsigned char, unsigned int, unsigned int, unsigned char)
                0xffffffff80106533                APIC::Local::Enable()
                0xffffffff80106549                APIC::Local::Initialize()
                0xffffffff801065a8                APIC::Local::EndOfInterrupt()
 .text          0xffffffff801065be      0x241 ./build/Drivers/Generic/APIC/LocalAPICTimerImpl.o
                0xffffffff801065be                LocalAPICTimer::TimerEvent(InterruptData*, RegisterContext*)
                0xffffffff801065fc                LocalAPICTimer::EstimateBusSpeed()
                0xffffffff801066be                LocalAPICTimer::LocalAPICTimer()
                0xffffffff801066be                LocalAPICTimer::LocalAPICTimer()
                0xffffffff80106772                LocalAPICTimer::~LocalAPICTimer()
                0xffffffff80106772                LocalAPICTimer::~LocalAPICTimer()
                0xffffffff8010679e                LocalAPICTimer::Tick()
                0xffffffff801067c2                LocalAPICTimer::CurrentTime(TimeSpan)
                0xffffffff801067ec                LocalAPICTimer::Sleep(long)
 *fill*         0xffffffff801067ff        0x1 
 .text          0xffffffff80106800      0x232 ./build/Drivers/Input/PS2LegacyController.o
                0xffffffff8010683e                Input::PS2LegacyController::PS2LegacyController()
                0xffffffff8010683e                Input::PS2LegacyController::PS2LegacyController()
                0xffffffff801069aa                Input::PS2LegacyController::~PS2LegacyController()
                0xffffffff801069aa                Input::PS2LegacyController::~PS2LegacyController()
                0xffffffff801069d4                Input::PS2LegacyController::Enable()
                0xffffffff801069e4                Input::PS2LegacyController::Disable()
                0xffffffff801069f4                Input::PS2LegacyController::SendCommand(unsigned char)
 .text._ZN6Device8RegisterEv
                0xffffffff80106a32       0x1b ./build/Drivers/Input/PS2LegacyController.o
                0xffffffff80106a32                Device::Register()
 *fill*         0xffffffff80106a4d        0x1 
 .text._ZN5Input19PS2LegacyController8WaitDataEv
                0xffffffff80106a4e       0x4f ./build/Drivers/Input/PS2LegacyController.o
                0xffffffff80106a4e                Input::PS2LegacyController::WaitData()
 *fill*         0xffffffff80106a9d        0x1 
 .text          0xffffffff80106a9e      0x149 ./build/Drivers/Input/PS2LegacyKeyboardImpl.o
                0xffffffff80106abc                Input::KeyHandler(InterruptData*, RegisterContext*)
                0xffffffff80106b48                Input::PS2LegacyKeyboard::PS2LegacyKeyboard()
                0xffffffff80106b48                Input::PS2LegacyKeyboard::PS2LegacyKeyboard()
                0xffffffff80106b9e                Input::PS2LegacyKeyboard::~PS2LegacyKeyboard()
                0xffffffff80106b9e                Input::PS2LegacyKeyboard::~PS2LegacyKeyboard()
                0xffffffff80106bc8                Input::PS2LegacyKeyboard::Enable()
                0xffffffff80106bd8                Input::PS2LegacyKeyboard::Disable()
 *fill*         0xffffffff80106be7        0x1 
 .text          0xffffffff80106be8      0x37d ./build/Drivers/Storage/AHCI/AHCIControllerDeviceImpl.o
                0xffffffff80106c9c                AHCI::AHCIControllerDevice::AHCIControllerDevice(PCI::PCIInfo)
                0xffffffff80106c9c                AHCI::AHCIControllerDevice::AHCIControllerDevice(PCI::PCIInfo)
                0xffffffff80106f46                AHCI::AHCIControllerDevice::Enable()
                0xffffffff80106f56                AHCI::AHCIControllerDevice::Disable()
 *fill*         0xffffffff80106f65        0x1 
 .text._ZN3PCI9PCIDeviceC2ERNS_7PCIInfoE
                0xffffffff80106f66       0x5d ./build/Drivers/Storage/AHCI/AHCIControllerDeviceImpl.o
                0xffffffff80106f66                PCI::PCIDevice::PCIDevice(PCI::PCIInfo&)
                0xffffffff80106f66                PCI::PCIDevice::PCIDevice(PCI::PCIInfo&)
 *fill*         0xffffffff80106fc3        0x1 
 .text._ZN3PCI9PCIDevice22GetBaseAddressRegisterEh
                0xffffffff80106fc4       0xdb ./build/Drivers/Storage/AHCI/AHCIControllerDeviceImpl.o
                0xffffffff80106fc4                PCI::PCIDevice::GetBaseAddressRegister(unsigned char)
 *fill*         0xffffffff8010709f        0x1 
 .text._ZN3PCI9PCIDevice18EnableBusMasteringEv
                0xffffffff801070a0       0x72 ./build/Drivers/Storage/AHCI/AHCIControllerDeviceImpl.o
                0xffffffff801070a0                PCI::PCIDevice::EnableBusMastering()
 .text._ZN3PCI9PCIDevice16EnableInterruptsEv
                0xffffffff80107112       0x76 ./build/Drivers/Storage/AHCI/AHCIControllerDeviceImpl.o
                0xffffffff80107112                PCI::PCIDevice::EnableInterrupts()
 .text._ZN3PCI9PCIDevice17EnableMemorySpaceEv
                0xffffffff80107188       0x72 ./build/Drivers/Storage/AHCI/AHCIControllerDeviceImpl.o
                0xffffffff80107188                PCI::PCIDevice::EnableMemorySpace()
 .text._ZN4AHCI14SATADiskDevice6StatusEv
                0xffffffff801071fa       0x15 ./build/Drivers/Storage/AHCI/AHCIControllerDeviceImpl.o
                0xffffffff801071fa                AHCI::SATADiskDevice::Status()
 *fill*         0xffffffff8010720f        0x1 
 .text._ZN10LinkedListIPN4AHCI14SATADiskDeviceEEC2Ev
                0xffffffff80107210       0x3c ./build/Drivers/Storage/AHCI/AHCIControllerDeviceImpl.o
                0xffffffff80107210                LinkedList<AHCI::SATADiskDevice*>::LinkedList()
                0xffffffff80107210                LinkedList<AHCI::SATADiskDevice*>::LinkedList()
 .text._ZN10LinkedListIPN4AHCI14SATADiskDeviceEE3AddES2_
                0xffffffff8010724c       0x4e ./build/Drivers/Storage/AHCI/AHCIControllerDeviceImpl.o
                0xffffffff8010724c                LinkedList<AHCI::SATADiskDevice*>::Add(AHCI::SATADiskDevice*)
 .text._ZN8ListNodeIPN4AHCI14SATADiskDeviceEEC2ES2_
                0xffffffff8010729a       0x1f ./build/Drivers/Storage/AHCI/AHCIControllerDeviceImpl.o
                0xffffffff8010729a                ListNode<AHCI::SATADiskDevice*>::ListNode(AHCI::SATADiskDevice*)
                0xffffffff8010729a                ListNode<AHCI::SATADiskDevice*>::ListNode(AHCI::SATADiskDevice*)
 *fill*         0xffffffff801072b9        0x1 
 .text._ZN10LinkedListIPN4AHCI14SATADiskDeviceEE3AddEP8ListNodeIS2_E
                0xffffffff801072ba       0x90 ./build/Drivers/Storage/AHCI/AHCIControllerDeviceImpl.o
                0xffffffff801072ba                LinkedList<AHCI::SATADiskDevice*>::Add(ListNode<AHCI::SATADiskDevice*>*)
 .text          0xffffffff8010734a      0x11d ./build/Drivers/Storage/AHCI/AHCIMain.o
                0xffffffff80107390                AHCI::Initialize()
 *fill*         0xffffffff80107467        0x1 
 .text._ZN3PCI9PCIDevice8VendorIDEv
                0xffffffff80107468       0x16 ./build/Drivers/Storage/AHCI/AHCIMain.o
                0xffffffff80107468                PCI::PCIDevice::VendorID()
 .text          0xffffffff8010747e      0x6a2 ./build/Drivers/Storage/AHCI/SATADiskDeviceImpl.o
                0xffffffff8010747e                AHCI::SATADiskDevice::SATADiskDevice(int, AHCI::HBAPortRegisters*, AHCI::AHCIControllerDevice*)
                0xffffffff8010747e                AHCI::SATADiskDevice::SATADiskDevice(int, AHCI::HBAPortRegisters*, AHCI::AHCIControllerDevice*)
                0xffffffff80107668                AHCI::SATADiskDevice::~SATADiskDevice()
                0xffffffff80107668                AHCI::SATADiskDevice::~SATADiskDevice()
                0xffffffff80107692                AHCI::SATADiskDevice::Enable()
                0xffffffff801076a2                AHCI::SATADiskDevice::Disable()
                0xffffffff801076b2                AHCI::SATADiskDevice::Read(unsigned long, unsigned int, void*)
                0xffffffff801076e8                AHCI::SATADiskDevice::Write(unsigned long, unsigned int, void*)
                0xffffffff8010771e                AHCI::SATADiskDevice::Access(unsigned long, unsigned int, unsigned long, int)
                0xffffffff80107a40                AHCI::SATADiskDevice::StartCommand()
                0xffffffff80107a7e                AHCI::SATADiskDevice::FindCommandSlot()
                0xffffffff80107ace                AHCI::SATADiskDevice::StopCommand()
 .text._ZN10DiskDeviceC2EPKc9DeviceBus
                0xffffffff80107b20       0x3c ./build/Drivers/Storage/AHCI/SATADiskDeviceImpl.o
                0xffffffff80107b20                DiskDevice::DiskDevice(char const*, DeviceBus)
                0xffffffff80107b20                DiskDevice::DiskDevice(char const*, DeviceBus)
 .text._ZN10DiskDeviceD2Ev
                0xffffffff80107b5c       0x29 ./build/Drivers/Storage/AHCI/SATADiskDeviceImpl.o
                0xffffffff80107b5c                DiskDevice::~DiskDevice()
                0xffffffff80107b5c                DiskDevice::~DiskDevice()
 *fill*         0xffffffff80107b85        0x1 
 .text._ZN10DiskDeviceC2EPKc
                0xffffffff80107b86       0x2b ./build/Drivers/Storage/AHCI/SATADiskDeviceImpl.o
                0xffffffff80107b86                DiskDevice::DiskDevice(char const*)
                0xffffffff80107b86                DiskDevice::DiskDevice(char const*)
 *fill*         0xffffffff80107bb1        0x1 
 .text._ZN4AHCI20AHCIControllerDevice15MemoryRegistersEv
                0xffffffff80107bb2       0x19 ./build/Drivers/Storage/AHCI/SATADiskDeviceImpl.o
                0xffffffff80107bb2                AHCI::AHCIControllerDevice::MemoryRegisters()
 .text          0xffffffff80107bcb      0x1ca ./build/Drivers/Video.o
                0xffffffff80107bcb                Video::Initialize()
                0xffffffff80107bf5                Video::Newline()
                0xffffffff80107c31                Video::CheckIfLineFulled()
                0xffffffff80107c55                Video::ClearScreen()
                0xffffffff80107cbb                Video::WriteChar(char)
                0xffffffff80107d1f                Video::WriteText(char const*)
                0xffffffff80107d4c                Video::WriteText(char const*, unsigned long)
 *fill*         0xffffffff80107d95        0x1 
 .text          0xffffffff80107d96       0x1f ./build/Fs/DiskDeviceImpl.o
                0xffffffff80107d96                DiskDevice::Enable()
                0xffffffff80107da6                DiskDevice::Disable()
 *fill*         0xffffffff80107db5        0x1 
 .text          0xffffffff80107db6      0x6fe ./build/Input/ConsoleImpl.o
                0xffffffff80107db6                ConsoleKeyEventHandler(Input::Key, bool)
                0xffffffff80107dea                Console::Console()
                0xffffffff80107dea                Console::Console()
                0xffffffff80107e54                Console::~Console()
                0xffffffff80107e54                Console::~Console()
                0xffffffff80107e64                Console::Render()
                0xffffffff80107e74                Console::Refresh()
                0xffffffff80107ef2                Console::Newline()
                0xffffffff80107fa0                Console::RenderModifiers()
                0xffffffff801081ea                Console::AcceptKey(Input::Key, bool)
                0xffffffff801083d4                Console::AddChar(char)
 .text          0xffffffff801084b4      0x21a ./build/Input/KeyCode.o
                0xffffffff801084b4                Input::ApplyModifiers(Input::Key, unsigned char)
 .text          0xffffffff801086ce      0x367 ./build/libkern/printf.o
                0xffffffff801086ce                puts(char const*)
                0xffffffff80108709                printf(char const*, ...)
                0xffffffff80108756                vprintf(char const*, __va_list_tag*)
 .text          0xffffffff80108a35      0x27e ./build/libkern/sprintf.o
                0xffffffff80108a35                itoa(int, char*, int)
                0xffffffff80108b97                utoa(unsigned long, char*, int)
 *fill*         0xffffffff80108cb3        0x1 
 .text          0xffffffff80108cb4      0x50c ./build/Memory/Memory.o
                0xffffffff80108eae                Memory::Initialize()
 .text._ZN14SizedArrayListIN6Memory7SectionELi256EEixEi
                0xffffffff801091c0       0x34 ./build/Memory/Memory.o
                0xffffffff801091c0                SizedArrayList<Memory::Section, 256>::operator[](int)
 .text._ZN14SizedArrayListI10ValueRangeLi64EEC2Ev
                0xffffffff801091f4       0x2d ./build/Memory/Memory.o
                0xffffffff801091f4                SizedArrayList<ValueRange, 64>::SizedArrayList()
                0xffffffff801091f4                SizedArrayList<ValueRange, 64>::SizedArrayList()
 *fill*         0xffffffff80109221        0x1 
 .text._ZN14SizedArrayListIN6Memory7SectionELi256EEC2Ev
                0xffffffff80109222       0x2d ./build/Memory/Memory.o
                0xffffffff80109222                SizedArrayList<Memory::Section, 256>::SizedArrayList()
                0xffffffff80109222                SizedArrayList<Memory::Section, 256>::SizedArrayList()
 *fill*         0xffffffff8010924f        0x1 
 .text._ZN14SizedArrayListI10ValueRangeLi64EE3AddES0_
                0xffffffff80109250       0x6b ./build/Memory/Memory.o
                0xffffffff80109250                SizedArrayList<ValueRange, 64>::Add(ValueRange)
 *fill*         0xffffffff801092bb        0x1 
 .text          0xffffffff801092bc      0x709 ./build/Memory/Page.o
                0xffffffff801094b0                Memory::BuddyInit()
                0xffffffff801094d6                Memory::AllocatePhysMemory4KOrdered(unsigned char)
                0xffffffff801095d4                Memory::AllocatePhysMemory4K(unsigned long)
                0xffffffff80109600                Memory::FreePhysMemory4K(unsigned long)
                0xffffffff8010960f                Memory::FreePhysMemory4K(Memory::PageFrame*)
                0xffffffff8010961e                Memory::ExpandPage(Memory::PageFrame*)
                0xffffffff8010972f                Memory::CombinePage(Memory::PageFrame*)
                0xffffffff801098a1                Memory::CombinePage(Memory::PageFrame*, Memory::PageFrame*)
 .text._ZN7ObjectsL6IsNullEPv
                0xffffffff801099c5       0x16 ./build/Memory/Page.o
 .text._ZN7ObjectsL6EqualsEPvS0_
                0xffffffff801099db       0x1d ./build/Memory/Page.o
 .text._ZN6Memory6pageOfEm
                0xffffffff801099f8       0x62 ./build/Memory/Page.o
                0xffffffff801099f8                Memory::pageOf(unsigned long)
 .text._ZN6Memory9BuddyZoneC2Ev
                0xffffffff80109a5a       0x3d ./build/Memory/Page.o
                0xffffffff80109a5a                Memory::BuddyZone::BuddyZone()
                0xffffffff80109a5a                Memory::BuddyZone::BuddyZone()
 *fill*         0xffffffff80109a97        0x1 
 .text._ZN10LinkedListIN6Memory9PageFrameEEC2Ev
                0xffffffff80109a98       0x3c ./build/Memory/Page.o
                0xffffffff80109a98                LinkedList<Memory::PageFrame>::LinkedList()
                0xffffffff80109a98                LinkedList<Memory::PageFrame>::LinkedList()
 .text._ZN10LinkedListIN6Memory9PageFrameEED2Ev
                0xffffffff80109ad4       0x1f ./build/Memory/Page.o
                0xffffffff80109ad4                LinkedList<Memory::PageFrame>::~LinkedList()
                0xffffffff80109ad4                LinkedList<Memory::PageFrame>::~LinkedList()
 *fill*         0xffffffff80109af3        0x1 
 .text._ZN10LinkedListIN6Memory9PageFrameEE3AddEP8ListNodeIS1_E
                0xffffffff80109af4       0x90 ./build/Memory/Page.o
                0xffffffff80109af4                LinkedList<Memory::PageFrame>::Add(ListNode<Memory::PageFrame>*)
 .text._ZN10LinkedListIN6Memory9PageFrameEE5CountEv
                0xffffffff80109b84       0x15 ./build/Memory/Page.o
                0xffffffff80109b84                LinkedList<Memory::PageFrame>::Count()
 *fill*         0xffffffff80109b99        0x1 
 .text._ZN10LinkedListIN6Memory9PageFrameEE7ExtractEv
                0xffffffff80109b9a       0x98 ./build/Memory/Page.o
                0xffffffff80109b9a                LinkedList<Memory::PageFrame>::Extract()
 .text._ZN10LinkedListIN6Memory9PageFrameEE6RemoveEP8ListNodeIS1_E
                0xffffffff80109c32       0xfa ./build/Memory/Page.o
                0xffffffff80109c32                LinkedList<Memory::PageFrame>::Remove(ListNode<Memory::PageFrame>*)
 .text._ZN10LinkedListIN6Memory9PageFrameEE5FirstEv
                0xffffffff80109d2c       0x15 ./build/Memory/Page.o
                0xffffffff80109d2c                LinkedList<Memory::PageFrame>::First()
 *fill*         0xffffffff80109d41        0x1 
 .text._ZN10LinkedListIN6Memory9PageFrameEE8ContainsEP8ListNodeIS1_E
                0xffffffff80109d42       0x4d ./build/Memory/Page.o
                0xffffffff80109d42                LinkedList<Memory::PageFrame>::Contains(ListNode<Memory::PageFrame>*)
 *fill*         0xffffffff80109d8f        0x1 
 .text._ZN6Memory9BuddyZoneD2Ev
                0xffffffff80109d90       0x3f ./build/Memory/Page.o
                0xffffffff80109d90                Memory::BuddyZone::~BuddyZone()
                0xffffffff80109d90                Memory::BuddyZone::~BuddyZone()
 .text          0xffffffff80109dcf      0x1ba ./build/Memory/PageAllocation.o
                0xffffffff80109e26                Memory::KernelAllocate4KPages(unsigned long, Memory::PageFrame**)
                0xffffffff80109eaf                Memory::Allocate4KPages(unsigned long, Memory::PageFrame**)
                0xffffffff80109f6b                Memory::Free4KPages(unsigned long)
                0xffffffff80109f7a                Memory::Free4KPages(Memory::PageFrame*)
 .text._ZN6Memory6Paging18MapVirtualMemory4KEPNS0_12VirtualPagesEmmm
                0xffffffff80109f89       0x39 ./build/Memory/PageAllocation.o
                0xffffffff80109f89                Memory::Paging::MapVirtualMemory4K(Memory::Paging::VirtualPages*, unsigned long, unsigned long, unsigned long)
 .text          0xffffffff80109fc2      0x445 ./build/Memory/SlabAllocatorImpl.o
                0xffffffff8010a0a0                Memory::SlabAllocator::SlabAllocator()
                0xffffffff8010a0a0                Memory::SlabAllocator::SlabAllocator()
                0xffffffff8010a112                Memory::SlabAllocator::~SlabAllocator()
                0xffffffff8010a112                Memory::SlabAllocator::~SlabAllocator()
                0xffffffff8010a122                Memory::SlabAllocator::Request4KPage(Memory::SlabCache*, unsigned long*)
                0xffffffff8010a242                Memory::SlabAllocator::Allocate(unsigned long)
                0xffffffff8010a3f4                Memory::SlabAllocator::Free(unsigned long)
 *fill*         0xffffffff8010a407        0x1 
 .text          0xffffffff8010a408      0x169 ./build/Process/ActivityImpl.o
                0xffffffff8010a43c                Task::Activity::Activity(char const*, Task::Process*)
                0xffffffff8010a43c                Task::Activity::Activity(char const*, Task::Process*)
                0xffffffff8010a482                Task::Activity::Activity(Task::Process*)
                0xffffffff8010a482                Task::Activity::Activity(Task::Process*)
                0xffffffff8010a4b0                Task::Activity::Add(Task::Process*)
                0xffffffff8010a51e                Task::Activity::CreateIfNull(Task::Process*)
 *fill*         0xffffffff8010a571        0x1 
 .text._ZN10LinkedListIPN4Task7ProcessEEC2Ev
                0xffffffff8010a572       0x3c ./build/Process/ActivityImpl.o
                0xffffffff8010a572                LinkedList<Task::Process*>::LinkedList()
                0xffffffff8010a572                LinkedList<Task::Process*>::LinkedList()
 .text._ZN10LinkedListIPN4Task7ProcessEE3AddES2_
                0xffffffff8010a5ae       0x4e ./build/Process/ActivityImpl.o
                0xffffffff8010a5ae                LinkedList<Task::Process*>::Add(Task::Process*)
 .text._ZN8ListNodeIPN4Task7ProcessEEC2ES2_
                0xffffffff8010a5fc       0x1f ./build/Process/ActivityImpl.o
                0xffffffff8010a5fc                ListNode<Task::Process*>::ListNode(Task::Process*)
                0xffffffff8010a5fc                ListNode<Task::Process*>::ListNode(Task::Process*)
 *fill*         0xffffffff8010a61b        0x1 
 .text._ZN10LinkedListIPN4Task7ProcessEE3AddEP8ListNodeIS2_E
                0xffffffff8010a61c       0x90 ./build/Process/ActivityImpl.o
                0xffffffff8010a61c                LinkedList<Task::Process*>::Add(ListNode<Task::Process*>*)
 .text          0xffffffff8010a6ac       0x69 ./build/Process/ActivityManagement.o
 *fill*         0xffffffff8010a715        0x1 
 .text._ZN4Task8ActivityD2Ev
                0xffffffff8010a716       0x1f ./build/Process/ActivityManagement.o
                0xffffffff8010a716                Task::Activity::~Activity()
                0xffffffff8010a716                Task::Activity::~Activity()
 *fill*         0xffffffff8010a735        0x1 
 .text._ZN10LinkedListIPN4Task7ProcessEED2Ev
                0xffffffff8010a736       0x1f ./build/Process/ActivityManagement.o
                0xffffffff8010a736                LinkedList<Task::Process*>::~LinkedList()
                0xffffffff8010a736                LinkedList<Task::Process*>::~LinkedList()
 *fill*         0xffffffff8010a755        0x1 
 .text          0xffffffff8010a756      0x1a7 ./build/Process/ProcessImpl.o
                0xffffffff8010a76c                Task::Process::Process()
                0xffffffff8010a76c                Task::Process::Process()
                0xffffffff8010a78c                Task::Process::Process(char const*, Fs::File*, unsigned int, Task::Activity*, Task::TaskType)
                0xffffffff8010a78c                Task::Process::Process(char const*, Fs::File*, unsigned int, Task::Activity*, Task::TaskType)
                0xffffffff8010a892                Task::Process::~Process()
                0xffffffff8010a892                Task::Process::~Process()
                0xffffffff8010a8b2                Task::Process::Start()
                0xffffffff8010a8d0                Task::Process::Suspend()
                0xffffffff8010a8ee                Task::Process::Stop()
 *fill*         0xffffffff8010a8fd        0x1 
 .text._ZN10LinkedListIN4Task6ThreadEEC2Ev
                0xffffffff8010a8fe       0x3c ./build/Process/ProcessImpl.o
                0xffffffff8010a8fe                LinkedList<Task::Thread>::LinkedList()
                0xffffffff8010a8fe                LinkedList<Task::Thread>::LinkedList()
 .text._ZN10LinkedListIN4Task6ThreadEED2Ev
                0xffffffff8010a93a       0x1f ./build/Process/ProcessImpl.o
                0xffffffff8010a93a                LinkedList<Task::Thread>::~LinkedList()
                0xffffffff8010a93a                LinkedList<Task::Thread>::~LinkedList()
 *fill*         0xffffffff8010a959        0x1 
 .text._ZN10LinkedListIN4Task6ThreadEE3AddEP8ListNodeIS1_E
                0xffffffff8010a95a       0x90 ./build/Process/ProcessImpl.o
                0xffffffff8010a95a                LinkedList<Task::Thread>::Add(ListNode<Task::Thread>*)
 .text          0xffffffff8010a9ea       0xc8 ./build/Process/Scheduler.o
                0xffffffff8010aa00                Task::GetCurrentProcess()
 .text          0xffffffff8010aab2      0x31f ./build/Process/SchedulerImpl.o
                0xffffffff8010aac8                Task::Scheduler::Scheduler()
                0xffffffff8010aac8                Task::Scheduler::Scheduler()
                0xffffffff8010ab1c                Task::Scheduler::~Scheduler()
                0xffffffff8010ab1c                Task::Scheduler::~Scheduler()
                0xffffffff8010ab2c                Task::Scheduler::NextPID()
                0xffffffff8010ab6a                Task::Scheduler::Register(Task::Process*)
                0xffffffff8010ac0a                Task::Scheduler::Schedule()
                0xffffffff8010ac22                Task::Scheduler::CreateProcess(char const*, Task::Activity*)
                0xffffffff8010ac58                Task::Scheduler::CreateIdleProcess()
                0xffffffff8010ac8a                Task::Scheduler::CreateELFProcess(Fs::File*)
                0xffffffff8010acc0                Task::Scheduler::CreateProcessEx(char const*, Task::Activity*, Task::TaskType, Fs::File*)
                0xffffffff8010ad38                Task::Scheduler::CreateThread(Task::Process*)
 *fill*         0xffffffff8010add1        0x1 
 .text._ZN4Task6ThreadC2EPNS_7ProcessE
                0xffffffff8010add2       0x5e ./build/Process/SchedulerImpl.o
                0xffffffff8010add2                Task::Thread::Thread(Task::Process*)
                0xffffffff8010add2                Task::Thread::Thread(Task::Process*)
 .text._ZN4Task9Scheduler14GetProcessByIdEj
                0xffffffff8010ae30       0x29 ./build/Process/SchedulerImpl.o
                0xffffffff8010ae30                Task::Scheduler::GetProcessById(unsigned int)
 *fill*         0xffffffff8010ae59        0x1 
 .text._ZN14SizedArrayListIPN4Task7ProcessELi65536EEixEi
                0xffffffff8010ae5a       0x35 ./build/Process/SchedulerImpl.o
                0xffffffff8010ae5a                SizedArrayList<Task::Process*, 65536>::operator[](int)
 *fill*         0xffffffff8010ae8f        0x1 
 .text._ZN14SizedArrayListIPN4Task7ProcessELi65536EEC2Ev
                0xffffffff8010ae90       0x2d ./build/Process/SchedulerImpl.o
                0xffffffff8010ae90                SizedArrayList<Task::Process*, 65536>::SizedArrayList()
                0xffffffff8010ae90                SizedArrayList<Task::Process*, 65536>::SizedArrayList()
 *fill*         0xffffffff8010aebd        0x1 
 .text._ZN8ListNodeIN4Task6ThreadEEC2ES1_
                0xffffffff8010aebe       0x29 ./build/Process/SchedulerImpl.o
                0xffffffff8010aebe                ListNode<Task::Thread>::ListNode(Task::Thread)
                0xffffffff8010aebe                ListNode<Task::Thread>::ListNode(Task::Thread)
 .text          0xffffffff8010aee7       0xed ./build/Runtime.o
                0xffffffff8010aee7                operator new(unsigned long)
                0xffffffff8010af0b                operator new[](unsigned long)
                0xffffffff8010af2f                operator delete(void*)
                0xffffffff8010af54                operator delete(void*, unsigned long)
                0xffffffff8010af73                operator delete[](void*)
                0xffffffff8010af98                operator delete[](void*, unsigned long)
                0xffffffff8010afb7                __cxa_pure_virtual
 .text          0xffffffff8010afd4      0x7b5 ./build/String.o
                0xffffffff8010afd4                memset
                0xffffffff8010b020                memcpy
                0xffffffff8010b0ef                memcmp
                0xffffffff8010b181                strcpy
                0xffffffff8010b1c5                strncpy
                0xffffffff8010b22e                strlen
                0xffffffff8010b261                strcmp
                0xffffffff8010b2c3                strncmp
                0xffffffff8010b35e                strchr
                0xffffffff8010b3a2                strnchr
                0xffffffff8010b419                strrchr
                0xffffffff8010b467                strspn
                0xffffffff8010b4cc                strcspn
                0xffffffff8010b529                strtok_r
                0xffffffff8010b611                strcat
                0xffffffff8010b649                strncat
                0xffffffff8010b68a                toupper
                0xffffffff8010b6b2                strupr
                0xffffffff8010b710                strnupr
 .text          0xffffffff8010b789      0x13e ./build/System.o
                0xffffffff8010b789                System::Out(char const*, ...)
                0xffffffff8010b7e5                System::Panic(char const*, ...)
                0xffffffff8010b837                Sleep(long)
                0xffffffff8010b87f                KernelInit()
 .text          0xffffffff8010b8c7        0x0 ./build/Video/FrameBufferPresenterImpl.o
 *fill*         0xffffffff8010b8c7        0x1 
 .text          0xffffffff8010b8c8      0x423 ./build/Video/TextModePresenterImpl.o
                0xffffffff8010b8c8                Video::TextModePresenter::TextModePresenter()
                0xffffffff8010b8c8                Video::TextModePresenter::TextModePresenter()
                0xffffffff8010b912                Video::TextModePresenter::Clear()
                0xffffffff8010b972                Video::TextModePresenter::Text(Video::Point, char const*, int)
                0xffffffff8010b9ac                Video::TextModePresenter::Text(Video::Point, char const*, unsigned char, unsigned char)
                0xffffffff8010bb26                Video::TextModePresenter::Text(Video::Point, char, unsigned char, unsigned char)
                0xffffffff8010bb8c                Video::TextModePresenter::MoveUp()
                0xffffffff8010bc4a                Video::TextModePresenter::Rectangle(Video::Point, int, int)
 .text._ZN8Integers17ConstraintToRangeEmmm
                0xffffffff8010bceb       0x3e ./build/Video/TextModePresenterImpl.o
                0xffffffff8010bceb                Integers::ConstraintToRange(unsigned long, unsigned long, unsigned long)
 *fill*         0xffffffff8010bd29        0x1 
 .text          0xffffffff8010bd2a       0x1f ./build/Video/VideoControllerImpl.o
                0xffffffff8010bd2a                Video::VideoController::VideoController()
                0xffffffff8010bd2a                Video::VideoController::VideoController()
                0xffffffff8010bd3a                Video::VideoController::~VideoController()
                0xffffffff8010bd3a                Video::VideoController::~VideoController()
 *fill*         0xffffffff8010bd49        0x1 
 .text          0xffffffff8010bd4a       0x5b ./build/Video/VideoPresenterImpl.o
                0xffffffff8010bd4a                Video::VideoPresenter::VideoPresenter()
                0xffffffff8010bd4a                Video::VideoPresenter::VideoPresenter()
                0xffffffff8010bd78                Video::VideoPresenter::~VideoPresenter()
                0xffffffff8010bd78                Video::VideoPresenter::~VideoPresenter()
 *fill*         0xffffffff8010bda5        0x1 
 .text._ZN10LinkedListIPN5Video11VideoOutputEEC2Ev
                0xffffffff8010bda6       0x3c ./build/Video/VideoPresenterImpl.o
                0xffffffff8010bda6                LinkedList<Video::VideoOutput*>::LinkedList()
                0xffffffff8010bda6                LinkedList<Video::VideoOutput*>::LinkedList()
 .text._ZN10LinkedListIPN5Video11VideoOutputEED2Ev
                0xffffffff8010bde2       0x1f ./build/Video/VideoPresenterImpl.o
                0xffffffff8010bde2                LinkedList<Video::VideoOutput*>::~LinkedList()
                0xffffffff8010bde2                LinkedList<Video::VideoOutput*>::~LinkedList()
 *fill*         0xffffffff8010be01        0xf 
 .text          0xffffffff8010be10     0x12a4 ./build/Arch/x86_64/IRQ.o
                0xffffffff8010bf3f                ipi48
                0xffffffff8010bf48                ipi49
                0xffffffff8010bf51                ipi50
                0xffffffff8010bf5a                ipi51
                0xffffffff8010bf63                ipi52
                0xffffffff8010bf6c                ipi53
                0xffffffff8010bf75                ipi54
                0xffffffff8010bf7e                ipi55
                0xffffffff8010bf87                ipi56
                0xffffffff8010bf90                ipi57
                0xffffffff8010bf99                ipi58
                0xffffffff8010bfa2                ipi59
                0xffffffff8010bfab                ipi60
                0xffffffff8010bfb4                ipi61
                0xffffffff8010bfbd                ipi62
                0xffffffff8010bfc6                ipi63
                0xffffffff8010bfcf                ipi64
                0xffffffff8010bfd8                ipi65
                0xffffffff8010bfe1                ipi66
                0xffffffff8010bfea                ipi67
                0xffffffff8010bff3                ipi68
                0xffffffff8010bffc                ipi69
                0xffffffff8010c005                ipi70
                0xffffffff8010c00e                ipi71
                0xffffffff8010c017                ipi72
                0xffffffff8010c020                ipi73
                0xffffffff8010c029                ipi74
                0xffffffff8010c032                ipi75
                0xffffffff8010c03b                ipi76
                0xffffffff8010c044                ipi77
                0xffffffff8010c04d                ipi78
                0xffffffff8010c056                ipi79
                0xffffffff8010c05f                ipi80
                0xffffffff8010c068                ipi81
                0xffffffff8010c071                ipi82
                0xffffffff8010c07a                ipi83
                0xffffffff8010c083                ipi84
                0xffffffff8010c08c                ipi85
                0xffffffff8010c095                ipi86
                0xffffffff8010c09e                ipi87
                0xffffffff8010c0a7                ipi88
                0xffffffff8010c0b0                ipi89
                0xffffffff8010c0b9                ipi90
                0xffffffff8010c0c2                ipi91
                0xffffffff8010c0cb                ipi92
                0xffffffff8010c0d4                ipi93
                0xffffffff8010c0dd                ipi94
                0xffffffff8010c0e6                ipi95
                0xffffffff8010c0ef                ipi96
                0xffffffff8010c0f8                ipi97
                0xffffffff8010c101                ipi98
                0xffffffff8010c10a                ipi99
                0xffffffff8010c113                ipi100
                0xffffffff8010c11c                ipi101
                0xffffffff8010c125                ipi102
                0xffffffff8010c12e                ipi103
                0xffffffff8010c137                ipi104
                0xffffffff8010c140                ipi105
                0xffffffff8010c149                ipi106
                0xffffffff8010c152                ipi107
                0xffffffff8010c15b                ipi108
                0xffffffff8010c164                ipi109
                0xffffffff8010c16d                ipi110
                0xffffffff8010c176                ipi111
                0xffffffff8010c17f                ipi112
                0xffffffff8010c188                ipi113
                0xffffffff8010c191                ipi114
                0xffffffff8010c19a                ipi115
                0xffffffff8010c1a3                ipi116
                0xffffffff8010c1ac                ipi117
                0xffffffff8010c1b5                ipi118
                0xffffffff8010c1be                ipi119
                0xffffffff8010c1c7                ipi120
                0xffffffff8010c1d0                ipi121
                0xffffffff8010c1d9                ipi122
                0xffffffff8010c1e2                ipi123
                0xffffffff8010c1eb                ipi124
                0xffffffff8010c1f4                ipi125
                0xffffffff8010c1fd                ipi126
                0xffffffff8010c206                ipi127
                0xffffffff8010c20f                ipi128
                0xffffffff8010c21b                ipi129
                0xffffffff8010c227                ipi130
                0xffffffff8010c233                ipi131
                0xffffffff8010c23f                ipi132
                0xffffffff8010c24b                ipi133
                0xffffffff8010c257                ipi134
                0xffffffff8010c263                ipi135
                0xffffffff8010c26f                ipi136
                0xffffffff8010c27b                ipi137
                0xffffffff8010c287                ipi138
                0xffffffff8010c293                ipi139
                0xffffffff8010c29f                ipi140
                0xffffffff8010c2ab                ipi141
                0xffffffff8010c2b7                ipi142
                0xffffffff8010c2c3                ipi143
                0xffffffff8010c2cf                ipi144
                0xffffffff8010c2db                ipi145
                0xffffffff8010c2e7                ipi146
                0xffffffff8010c2f3                ipi147
                0xffffffff8010c2ff                ipi148
                0xffffffff8010c30b                ipi149
                0xffffffff8010c317                ipi150
                0xffffffff8010c323                ipi151
                0xffffffff8010c32f                ipi152
                0xffffffff8010c33b                ipi153
                0xffffffff8010c347                ipi154
                0xffffffff8010c353                ipi155
                0xffffffff8010c35f                ipi156
                0xffffffff8010c36b                ipi157
                0xffffffff8010c377                ipi158
                0xffffffff8010c383                ipi159
                0xffffffff8010c38f                ipi160
                0xffffffff8010c39b                ipi161
                0xffffffff8010c3a7                ipi162
                0xffffffff8010c3b3                ipi163
                0xffffffff8010c3bf                ipi164
                0xffffffff8010c3cb                ipi165
                0xffffffff8010c3d7                ipi166
                0xffffffff8010c3e3                ipi167
                0xffffffff8010c3ef                ipi168
                0xffffffff8010c3fb                ipi169
                0xffffffff8010c407                ipi170
                0xffffffff8010c413                ipi171
                0xffffffff8010c41f                ipi172
                0xffffffff8010c42b                ipi173
                0xffffffff8010c437                ipi174
                0xffffffff8010c443                ipi175
                0xffffffff8010c44f                ipi176
                0xffffffff8010c45b                ipi177
                0xffffffff8010c467                ipi178
                0xffffffff8010c473                ipi179
                0xffffffff8010c47f                ipi180
                0xffffffff8010c48b                ipi181
                0xffffffff8010c497                ipi182
                0xffffffff8010c4a3                ipi183
                0xffffffff8010c4af                ipi184
                0xffffffff8010c4bb                ipi185
                0xffffffff8010c4c7                ipi186
                0xffffffff8010c4d3                ipi187
                0xffffffff8010c4df                ipi188
                0xffffffff8010c4eb                ipi189
                0xffffffff8010c4f7                ipi190
                0xffffffff8010c503                ipi191
                0xffffffff8010c50f                ipi192
                0xffffffff8010c51b                ipi193
                0xffffffff8010c527                ipi194
                0xffffffff8010c533                ipi195
                0xffffffff8010c53f                ipi196
                0xffffffff8010c54b                ipi197
                0xffffffff8010c557                ipi198
                0xffffffff8010c563                ipi199
                0xffffffff8010c56f                ipi200
                0xffffffff8010c57b                ipi201
                0xffffffff8010c587                ipi202
                0xffffffff8010c593                ipi203
                0xffffffff8010c59f                ipi204
                0xffffffff8010c5ab                ipi205
                0xffffffff8010c5b7                ipi206
                0xffffffff8010c5c3                ipi207
                0xffffffff8010c5cf                ipi208
                0xffffffff8010c5db                ipi209
                0xffffffff8010c5e7                ipi210
                0xffffffff8010c5f3                ipi211
                0xffffffff8010c5ff                ipi212
                0xffffffff8010c60b                ipi213
                0xffffffff8010c617                ipi214
                0xffffffff8010c623                ipi215
                0xffffffff8010c62f                ipi216
                0xffffffff8010c63b                ipi217
                0xffffffff8010c647                ipi218
                0xffffffff8010c653                ipi219
                0xffffffff8010c65f                ipi220
                0xffffffff8010c66b                ipi221
                0xffffffff8010c677                ipi222
                0xffffffff8010c683                ipi223
                0xffffffff8010c68f                ipi224
                0xffffffff8010c69b                ipi225
                0xffffffff8010c6a7                ipi226
                0xffffffff8010c6b3                ipi227
                0xffffffff8010c6bf                ipi228
                0xffffffff8010c6cb                ipi229
                0xffffffff8010c6d7                ipi230
                0xffffffff8010c6e3                ipi231
                0xffffffff8010c6ef                ipi232
                0xffffffff8010c6fb                ipi233
                0xffffffff8010c707                ipi234
                0xffffffff8010c713                ipi235
                0xffffffff8010c71f                ipi236
                0xffffffff8010c72b                ipi237
                0xffffffff8010c737                ipi238
                0xffffffff8010c743                ipi239
                0xffffffff8010c74f                ipi240
                0xffffffff8010c75b                ipi241
                0xffffffff8010c767                ipi242
                0xffffffff8010c773                ipi243
                0xffffffff8010c77f                ipi244
                0xffffffff8010c78b                ipi245
                0xffffffff8010c797                ipi246
                0xffffffff8010c7a3                ipi247
                0xffffffff8010c7af                ipi248
                0xffffffff8010c7bb                ipi249
                0xffffffff8010c7c7                ipi250
                0xffffffff8010c7d3                ipi251
                0xffffffff8010c7df                ipi252
                0xffffffff8010c7eb                ipi253
                0xffffffff8010c7f7                ipi254
                0xffffffff8010c803                ipi255
                0xffffffff8010c80f                intrid32
                0xffffffff8010c818                intrid33
                0xffffffff8010c821                intrid34
                0xffffffff8010c82a                intrid35
                0xffffffff8010c833                intrid36
                0xffffffff8010c83c                intrid37
                0xffffffff8010c845                intrid38
                0xffffffff8010c84e                intrid39
                0xffffffff8010c857                intrid40
                0xffffffff8010c860                intrid41
                0xffffffff8010c869                intrid42
                0xffffffff8010c872                intrid43
                0xffffffff8010c87b                intrid44
                0xffffffff8010c884                intrid45
                0xffffffff8010c88d                intrid46
                0xffffffff8010c896                intrid47
                0xffffffff8010c8b4                isr_tables
 *fill*         0xffffffff8010d0b4        0xc 
 .text          0xffffffff8010d0c0       0x3c ./build/Arch/x86_64/KernelStack.o
                0xffffffff8010d0c0                load_tss
 *fill*         0xffffffff8010d0fc        0x4 
 .text          0xffffffff8010d100       0x86 ./build/Arch/x86_64/SMPTrampoline.o
                0xffffffff8010d100                SMPTrampolineStart
                0xffffffff8010d186                SMPTrampolineEnd
 *fill*         0xffffffff8010d186        0xa 
 .text          0xffffffff8010d190       0x5b ./build/Arch/x86_64/Wrapper.o
                0xffffffff8010d190                asmw_flush_gdt
                0xffffffff8010d1bb                asmw_flush_idt
                0xffffffff8010d1bf                asmw_load_paging
                0xffffffff8010d1c3                asmw_enable_sse
                0xffffffff8010d1d4                asmw_enable_avx
                0xffffffff8010d1e7                asmw_get_pagemap

.iplt           0xffffffff8010d1eb        0x0 load address 0x000000000010d1eb
 .iplt          0xffffffff8010d1eb        0x0 ./build/Arch/x86_64/Arch.o

.rodata         0xffffffff8010e000     0x1068 load address 0x000000000010e000
 *(.rodata*)
 .rodata        0xffffffff8010e000       0xde ./build/Arch/x86_64/BootX64.o
 *fill*         0xffffffff8010e0de        0x2 
 .rodata        0xffffffff8010e0e0      0x269 ./build/Arch/x86_64/Interrupts.o
 *fill*         0xffffffff8010e349        0x7 
 .rodata        0xffffffff8010e350       0x5d ./build/Arch/x86_64/MMU.o
 *fill*         0xffffffff8010e3ad        0x3 
 .rodata        0xffffffff8010e3b0       0x44 ./build/Arch/x86_64/SMBIOS.o
 *fill*         0xffffffff8010e3f4        0x4 
 .rodata        0xffffffff8010e3f8       0x72 ./build/Arch/x86_64/SMP.o
 *fill*         0xffffffff8010e46a        0x6 
 .rodata._ZTV6Device
                0xffffffff8010e470       0x20 ./build/Device/DeviceImpl.o
                0xffffffff8010e470                vtable for Device
 .rodata._ZTVN3PCI9PCIDeviceE
                0xffffffff8010e490       0x20 ./build/Drivers/Bus/PCI/PCIDeviceImpl.o
                0xffffffff8010e490                vtable for PCI::PCIDevice
 .rodata        0xffffffff8010e4b0       0x27 ./build/Drivers/Bus/PCI/PCIDeviceProviderImpl.o
 *fill*         0xffffffff8010e4d7        0x1 
 .rodata._ZTVN3PCI17PCIDeviceProviderE
                0xffffffff8010e4d8       0x18 ./build/Drivers/Bus/PCI/PCIDeviceProviderImpl.o
                0xffffffff8010e4d8                vtable for PCI::PCIDeviceProvider
 .rodata._ZTV14DeviceProvider
                0xffffffff8010e4f0       0x18 ./build/Drivers/Bus/PCI/PCIDeviceProviderImpl.o
                0xffffffff8010e4f0                vtable for DeviceProvider
 .rodata        0xffffffff8010e508       0x53 ./build/Drivers/Clock/HPET/HPETTimerImpl.o
 *fill*         0xffffffff8010e55b        0x5 
 .rodata._ZTV9HPETTimer
                0xffffffff8010e560       0x28 ./build/Drivers/Clock/HPET/HPETTimerImpl.o
                0xffffffff8010e560                vtable for HPETTimer
 .rodata._ZTV5Timer
                0xffffffff8010e588       0x28 ./build/Drivers/Clock/HPET/HPETTimerImpl.o
                0xffffffff8010e588                vtable for Timer
 .rodata        0xffffffff8010e5b0       0x70 ./build/Drivers/Generic/ACPI/ACPIMain.o
 .rodata        0xffffffff8010e620       0x38 ./build/Drivers/Generic/ACPI/ACPITimerImpl.o
 .rodata._ZTV9ACPITimer
                0xffffffff8010e658       0x28 ./build/Drivers/Generic/ACPI/ACPITimerImpl.o
                0xffffffff8010e658                vtable for ACPITimer
 .rodata        0xffffffff8010e680      0x158 ./build/Drivers/Generic/APIC/APICMain.o
 .rodata        0xffffffff8010e7d8       0x5c ./build/Drivers/Generic/APIC/IO.o
 .rodata        0xffffffff8010e834       0x2a ./build/Drivers/Generic/APIC/Local.o
 .rodata        0xffffffff8010e85e        0x6 ./build/Drivers/Generic/APIC/LocalAPICTimerImpl.o
 *fill*         0xffffffff8010e864        0x4 
 .rodata._ZTV14LocalAPICTimer
                0xffffffff8010e868       0x28 ./build/Drivers/Generic/APIC/LocalAPICTimerImpl.o
                0xffffffff8010e868                vtable for LocalAPICTimer
 .rodata        0xffffffff8010e890       0x7f ./build/Drivers/Input/PS2LegacyController.o
 *fill*         0xffffffff8010e90f        0x1 
 .rodata._ZTVN5Input19PS2LegacyControllerE
                0xffffffff8010e910       0x20 ./build/Drivers/Input/PS2LegacyController.o
                0xffffffff8010e910                vtable for Input::PS2LegacyController
 .rodata        0xffffffff8010e930       0x22 ./build/Drivers/Input/PS2LegacyKeyboardImpl.o
 *fill*         0xffffffff8010e952        0x6 
 .rodata._ZTVN5Input17PS2LegacyKeyboardE
                0xffffffff8010e958       0x20 ./build/Drivers/Input/PS2LegacyKeyboardImpl.o
                0xffffffff8010e958                vtable for Input::PS2LegacyKeyboard
 .rodata        0xffffffff8010e978       0x32 ./build/Drivers/Storage/AHCI/AHCIControllerDeviceImpl.o
 *fill*         0xffffffff8010e9aa        0x6 
 .rodata._ZTVN4AHCI20AHCIControllerDeviceE
                0xffffffff8010e9b0       0x20 ./build/Drivers/Storage/AHCI/AHCIControllerDeviceImpl.o
                0xffffffff8010e9b0                vtable for AHCI::AHCIControllerDevice
 .rodata        0xffffffff8010e9d0       0x4a ./build/Drivers/Storage/AHCI/AHCIMain.o
 *fill*         0xffffffff8010ea1a        0x6 
 .rodata        0xffffffff8010ea20       0x22 ./build/Drivers/Storage/AHCI/SATADiskDeviceImpl.o
 *fill*         0xffffffff8010ea42        0x6 
 .rodata._ZTVN4AHCI14SATADiskDeviceE
                0xffffffff8010ea48       0x30 ./build/Drivers/Storage/AHCI/SATADiskDeviceImpl.o
                0xffffffff8010ea48                vtable for AHCI::SATADiskDevice
 .rodata._ZTV10DiskDevice
                0xffffffff8010ea78       0x30 ./build/Fs/DiskDeviceImpl.o
                0xffffffff8010ea78                vtable for DiskDevice
 .rodata        0xffffffff8010eaa8      0x1b8 ./build/Input/ConsoleImpl.o
 .rodata        0xffffffff8010ec60      0x130 ./build/Input/KeyCode.o
 .rodata        0xffffffff8010ed90      0x1c0 ./build/libkern/printf.o
 .rodata        0xffffffff8010ef50       0x28 ./build/Memory/Memory.o
 .rodata        0xffffffff8010ef78       0x17 ./build/Memory/Page.o
 *fill*         0xffffffff8010ef8f        0x1 
 .rodata        0xffffffff8010ef90       0x21 ./build/Memory/SlabAllocatorImpl.o
 .rodata        0xffffffff8010efb1        0x7 ./build/Process/ActivityManagement.o
 .rodata        0xffffffff8010efb8        0x9 ./build/Process/Scheduler.o
 .rodata        0xffffffff8010efc1       0x1d ./build/Process/SchedulerImpl.o
 *fill*         0xffffffff8010efde        0x2 
 .rodata        0xffffffff8010efe0       0x36 ./build/Runtime.o
 *fill*         0xffffffff8010f016        0x2 
 .rodata._ZTVN5Video17TextModePresenterE
                0xffffffff8010f018       0x28 ./build/Video/TextModePresenterImpl.o
                0xffffffff8010f018                vtable for Video::TextModePresenter
 .rodata._ZTVN5Video14VideoPresenterE
                0xffffffff8010f040       0x28 ./build/Video/VideoPresenterImpl.o
                0xffffffff8010f040                vtable for Video::VideoPresenter

.eh_frame       0xffffffff8010f068     0x33e0 load address 0x000000000010f068
 .eh_frame      0xffffffff8010f068       0xb8 ./build/Arch/x86_64/Arch.o
 .eh_frame      0xffffffff8010f120       0xc0 ./build/Arch/x86_64/BootX64.o
                                         0xd8 (size before relaxing)
 .eh_frame      0xffffffff8010f1e0      0x108 ./build/Arch/x86_64/CPU.o
                                        0x140 (size before relaxing)
 .eh_frame      0xffffffff8010f2e8       0xa0 ./build/Arch/x86_64/GDT.o
                                         0xb8 (size before relaxing)
 .eh_frame      0xffffffff8010f388       0x40 ./build/Arch/x86_64/IDT.o
                                         0x58 (size before relaxing)
 .eh_frame      0xffffffff8010f3c8       0x60 ./build/Arch/x86_64/Interrupts.o
                                         0x98 (size before relaxing)
 .eh_frame      0xffffffff8010f428      0x240 ./build/Arch/x86_64/MMU.o
                                        0x258 (size before relaxing)
 .eh_frame      0xffffffff8010f668       0xa0 ./build/Arch/x86_64/PIC.o
                                         0xb8 (size before relaxing)
 .eh_frame      0xffffffff8010f708       0x60 ./build/Arch/x86_64/PIT.o
                                         0x78 (size before relaxing)
 .eh_frame      0xffffffff8010f768       0x40 ./build/Arch/x86_64/SchedulerArchImpl.o
                                         0x58 (size before relaxing)
 .eh_frame      0xffffffff8010f7a8       0x40 ./build/Arch/x86_64/SMBIOS.o
                                         0x58 (size before relaxing)
 .eh_frame      0xffffffff8010f7e8       0xc0 ./build/Arch/x86_64/SMP.o
                                         0xd8 (size before relaxing)
 .eh_frame      0xffffffff8010f8a8       0x20 ./build/Arch/x86_64/TaskStateSegment.o
                                         0x58 (size before relaxing)
 .eh_frame      0xffffffff8010f8c8       0x40 ./build/Device/DeviceImpl.o
                                         0x58 (size before relaxing)
 .eh_frame      0xffffffff8010f908       0xf0 ./build/Device/DeviceManagement.o
                                        0x128 (size before relaxing)
 .eh_frame      0xffffffff8010f9f8      0x1a8 ./build/Device/DeviceStaticImpl.o
                                        0x288 (size before relaxing)
 .eh_frame      0xffffffff8010fba0       0xe0 ./build/Drivers/Bus/PCI/PCIDeviceImpl.o
                                        0x138 (size before relaxing)
 .eh_frame      0xffffffff8010fc80      0x350 ./build/Drivers/Bus/PCI/PCIDeviceProviderImpl.o
                                        0x3c8 (size before relaxing)
 .eh_frame      0xffffffff8010ffd0      0x1e0 ./build/Drivers/Bus/PCI/PCIMain.o
                                        0x1f8 (size before relaxing)
 .eh_frame      0xffffffff801101b0       0xc0 ./build/Drivers/Clock/HPET/HPETTimerImpl.o
                                         0xd8 (size before relaxing)
 .eh_frame      0xffffffff80110270      0x1c8 ./build/Drivers/Generic/ACPI/ACPIMain.o
                                        0x200 (size before relaxing)
 .eh_frame      0xffffffff80110438       0xc0 ./build/Drivers/Generic/ACPI/ACPITimerImpl.o
                                         0xf8 (size before relaxing)
 .eh_frame      0xffffffff801104f8       0x60 ./build/Drivers/Generic/APIC/APICMain.o
                                         0x78 (size before relaxing)
 .eh_frame      0xffffffff80110558      0x168 ./build/Drivers/Generic/APIC/IO.o
                                        0x1c0 (size before relaxing)
 .eh_frame      0xffffffff801106c0      0x140 ./build/Drivers/Generic/APIC/Local.o
                                        0x158 (size before relaxing)
 .eh_frame      0xffffffff80110800       0xe8 ./build/Drivers/Generic/APIC/LocalAPICTimerImpl.o
                                        0x120 (size before relaxing)
 .eh_frame      0xffffffff801108e8      0x128 ./build/Drivers/Input/PS2LegacyController.o
                                        0x1a0 (size before relaxing)
 .eh_frame      0xffffffff80110a10       0xc0 ./build/Drivers/Input/PS2LegacyKeyboardImpl.o
                                        0x138 (size before relaxing)
 .eh_frame      0xffffffff80110ad0      0x1e8 ./build/Drivers/Storage/AHCI/AHCIControllerDeviceImpl.o
                                        0x240 (size before relaxing)
 .eh_frame      0xffffffff80110cb8       0x88 ./build/Drivers/Storage/AHCI/AHCIMain.o
                                         0xc0 (size before relaxing)
 .eh_frame      0xffffffff80110d40      0x1c0 ./build/Drivers/Storage/AHCI/SATADiskDeviceImpl.o
                                        0x238 (size before relaxing)
 .eh_frame      0xffffffff80110f00       0xe0 ./build/Drivers/Video.o
                                         0xf8 (size before relaxing)
 .eh_frame      0xffffffff80110fe0       0x40 ./build/Fs/DiskDeviceImpl.o
                                         0x58 (size before relaxing)
 .eh_frame      0xffffffff80111020      0x148 ./build/Input/ConsoleImpl.o
                                        0x160 (size before relaxing)
 .eh_frame      0xffffffff80111168       0x20 ./build/Input/KeyCode.o
                                         0x38 (size before relaxing)
 .eh_frame      0xffffffff80111188       0x60 ./build/libkern/printf.o
                                         0x78 (size before relaxing)
 .eh_frame      0xffffffff801111e8       0x40 ./build/libkern/sprintf.o
                                         0x58 (size before relaxing)
 .eh_frame      0xffffffff80111228      0x1c0 ./build/Memory/Memory.o
                                        0x1d8 (size before relaxing)
 .eh_frame      0xffffffff801113e8      0x398 ./build/Memory/Page.o
                                        0x410 (size before relaxing)
 .eh_frame      0xffffffff80111780       0xc0 ./build/Memory/PageAllocation.o
                                         0xd8 (size before relaxing)
 .eh_frame      0xffffffff80111840       0xe0 ./build/Memory/SlabAllocatorImpl.o
                                         0xf8 (size before relaxing)
 .eh_frame      0xffffffff80111920      0x148 ./build/Process/ActivityImpl.o
                                        0x1a0 (size before relaxing)
 .eh_frame      0xffffffff80111a68       0x80 ./build/Process/ActivityManagement.o
                                         0xb8 (size before relaxing)
 .eh_frame      0xffffffff80111ae8      0x140 ./build/Process/ProcessImpl.o
                                        0x198 (size before relaxing)
 .eh_frame      0xffffffff80111c28       0x80 ./build/Process/Scheduler.o
                                         0x98 (size before relaxing)
 .eh_frame      0xffffffff80111ca8      0x208 ./build/Process/SchedulerImpl.o
                                        0x220 (size before relaxing)
 .eh_frame      0xffffffff80111eb0       0xe0 ./build/Runtime.o
                                         0xf8 (size before relaxing)
 .eh_frame      0xffffffff80111f90      0x270 ./build/String.o
                                        0x288 (size before relaxing)
 .eh_frame      0xffffffff80112200       0x80 ./build/System.o
                                         0xb8 (size before relaxing)
 .eh_frame      0xffffffff80112280      0x108 ./build/Video/TextModePresenterImpl.o
                                        0x120 (size before relaxing)
 .eh_frame      0xffffffff80112388       0x40 ./build/Video/VideoControllerImpl.o
                                         0x58 (size before relaxing)
 .eh_frame      0xffffffff801123c8       0x80 ./build/Video/VideoPresenterImpl.o
                                         0xb8 (size before relaxing)

.rela.dyn       0xffffffff80112448        0x0 load address 0x0000000000112448
 .rela.got      0xffffffff80112448        0x0 ./build/Arch/x86_64/Arch.o
 .rela.iplt     0xffffffff80112448        0x0 ./build/Arch/x86_64/Arch.o
 .rela.text     0xffffffff80112448        0x0 ./build/Arch/x86_64/Arch.o
 .rela.text._ZN6DeviceD2Ev
                0xffffffff80112448        0x0 ./build/Arch/x86_64/Arch.o
 .rela.text._ZN14DeviceProviderC2Ev
                0xffffffff80112448        0x0 ./build/Arch/x86_64/Arch.o
 .rela.text._ZN5TimerC2Ev
                0xffffffff80112448        0x0 ./build/Arch/x86_64/Arch.o
 .rela.text._ZN10DiskDeviceC2EPKc9DeviceBus
                0xffffffff80112448        0x0 ./build/Arch/x86_64/Arch.o
 .rela.text._ZN10DiskDeviceD2Ev
                0xffffffff80112448        0x0 ./build/Arch/x86_64/Arch.o

.data           0xffffffff80113000     0x1d51 load address 0x0000000000113000
 *(.data*)
 .data          0xffffffff80113000        0x0 ./build/Arch/x86_64/Arch.o
 .data          0xffffffff80113000        0x0 ./build/Arch/x86_64/BootX64.o
 .data          0xffffffff80113000        0x0 ./build/Arch/x86_64/CPU.o
 .data          0xffffffff80113000       0x4a ./build/Arch/x86_64/GDT.o
                0xffffffff80113000                gdt
                0xffffffff80113040                g_GDTPointer
 *fill*         0xffffffff8011304a        0x6 
 .data          0xffffffff80113050        0xa ./build/Arch/x86_64/IDT.o
                0xffffffff80113050                g_IDTPointer
 *fill*         0xffffffff8011305a        0x6 
 .data          0xffffffff80113060     0x1800 ./build/Arch/x86_64/Interrupts.o
                0xffffffff80113060                g_IntData
 .data          0xffffffff80114860        0x0 ./build/Arch/x86_64/MMU.o
 .data          0xffffffff80114860        0x0 ./build/Arch/x86_64/PIC.o
 .data          0xffffffff80114860        0x0 ./build/Arch/x86_64/PIT.o
 .data          0xffffffff80114860        0x0 ./build/Arch/x86_64/SchedulerArchImpl.o
 .data          0xffffffff80114860       0x14 ./build/Arch/x86_64/SMBIOS.o
                0xffffffff80114860                SMBIOS::__smbios_SignatureL2
                0xffffffff80114868                SMBIOS::__smbios_SignatureL3
                0xffffffff80114870                SMBIOS::g_SmbiosVersion
 *fill*         0xffffffff80114874        0x4 
 .data          0xffffffff80114878       0x30 ./build/Arch/x86_64/SMP.o
                0xffffffff80114878                SMP::smpMagicValue
                0xffffffff80114880                SMP::smpTrampolineCpuID
                0xffffffff80114888                SMP::smpGdtPointer
                0xffffffff80114890                SMP::smpRegisterCR3
                0xffffffff80114898                SMP::smpStack
                0xffffffff801148a0                SMP::smpEntry2
 .data          0xffffffff801148a8        0x0 ./build/Arch/x86_64/TaskStateSegment.o
 .data          0xffffffff801148a8        0x0 ./build/Device/ComputerDeviceImpl.o
 .data          0xffffffff801148a8        0x0 ./build/Device/DeviceImpl.o
 .data          0xffffffff801148a8        0x0 ./build/Device/DeviceManagement.o
 .data          0xffffffff801148a8        0x0 ./build/Device/DeviceStaticImpl.o
 .data          0xffffffff801148a8        0x0 ./build/Drivers/Bus/PCI/PCIDeviceImpl.o
 .data          0xffffffff801148a8        0x0 ./build/Drivers/Bus/PCI/PCIDeviceProviderImpl.o
 .data          0xffffffff801148a8        0x0 ./build/Drivers/Bus/PCI/PCIMain.o
 .data          0xffffffff801148a8        0x0 ./build/Drivers/Clock/HPET/HPETTimerImpl.o
 .data          0xffffffff801148a8        0x0 ./build/Drivers/Generic/ACPI/ACPIMain.o
 .data          0xffffffff801148a8        0x0 ./build/Drivers/Generic/ACPI/ACPITimerImpl.o
 .data          0xffffffff801148a8        0x0 ./build/Drivers/Generic/ACPI/MADTMain.o
 .data          0xffffffff801148a8        0x0 ./build/Drivers/Generic/APIC/APICMain.o
 .data          0xffffffff801148a8        0x0 ./build/Drivers/Generic/APIC/IO.o
 .data          0xffffffff801148a8        0x0 ./build/Drivers/Generic/APIC/Local.o
 .data          0xffffffff801148a8        0x0 ./build/Drivers/Generic/APIC/LocalAPICTimerImpl.o
 .data          0xffffffff801148a8        0x0 ./build/Drivers/Input/PS2LegacyController.o
 .data          0xffffffff801148a8        0x0 ./build/Drivers/Input/PS2LegacyKeyboardImpl.o
 .data          0xffffffff801148a8        0x0 ./build/Drivers/Storage/AHCI/AHCIControllerDeviceImpl.o